Archive member included to satisfy reference by file (symbol)

/usr/local/Cellar/arm-none-eabi-gcc/9-2019-q4-major/gcc/bin/../lib/gcc/arm-none-eabi/9.2.1/thumb/v6-m/nofp/libgcc.a(_dvmd_tls.o)
                              CMakeFiles/dma_capture.dir/Users/mike/Documents/Programming/Pico/pico-sdk/src/rp2_common/pico_divider/divider.S.obj (__aeabi_idiv0)
/usr/local/Cellar/arm-none-eabi-gcc/9-2019-q4-major/gcc/bin/../lib/gcc/arm-none-eabi/9.2.1/../../../../arm-none-eabi/lib/thumb/v6-m/nofp/libg.a(lib_a-calloc.o)
                              CMakeFiles/dma_capture.dir/Users/mike/Documents/Programming/Pico/pico-sdk/src/rp2_common/pico_malloc/pico_malloc.c.obj (calloc)
/usr/local/Cellar/arm-none-eabi-gcc/9-2019-q4-major/gcc/bin/../lib/gcc/arm-none-eabi/9.2.1/../../../../arm-none-eabi/lib/thumb/v6-m/nofp/libg.a(lib_a-callocr.o)
                              /usr/local/Cellar/arm-none-eabi-gcc/9-2019-q4-major/gcc/bin/../lib/gcc/arm-none-eabi/9.2.1/../../../../arm-none-eabi/lib/thumb/v6-m/nofp/libg.a(lib_a-calloc.o) (_calloc_r)
/usr/local/Cellar/arm-none-eabi-gcc/9-2019-q4-major/gcc/bin/../lib/gcc/arm-none-eabi/9.2.1/../../../../arm-none-eabi/lib/thumb/v6-m/nofp/libg.a(lib_a-ctype_.o)
                              CMakeFiles/dma_capture.dir/Users/mike/Documents/Programming/Pico/pico-sdk/lib/tinyusb/src/tusb.c.obj (_ctype_)
/usr/local/Cellar/arm-none-eabi-gcc/9-2019-q4-major/gcc/bin/../lib/gcc/arm-none-eabi/9.2.1/../../../../arm-none-eabi/lib/thumb/v6-m/nofp/libg.a(lib_a-getchar.o)
                              CMakeFiles/dma_capture.dir/dma_capture.c.obj (getchar)
/usr/local/Cellar/arm-none-eabi-gcc/9-2019-q4-major/gcc/bin/../lib/gcc/arm-none-eabi/9.2.1/../../../../arm-none-eabi/lib/thumb/v6-m/nofp/libg.a(lib_a-impure.o)
                              /usr/local/Cellar/arm-none-eabi-gcc/9-2019-q4-major/gcc/bin/../lib/gcc/arm-none-eabi/9.2.1/../../../../arm-none-eabi/lib/thumb/v6-m/nofp/libg.a(lib_a-calloc.o) (_impure_ptr)
/usr/local/Cellar/arm-none-eabi-gcc/9-2019-q4-major/gcc/bin/../lib/gcc/arm-none-eabi/9.2.1/../../../../arm-none-eabi/lib/thumb/v6-m/nofp/libg.a(lib_a-init.o)
                              /usr/local/Cellar/arm-none-eabi-gcc/9-2019-q4-major/gcc/bin/../lib/gcc/arm-none-eabi/9.2.1/../../../../arm-none-eabi/lib/thumb/v6-m/nofp/crt0.o (__libc_init_array)
/usr/local/Cellar/arm-none-eabi-gcc/9-2019-q4-major/gcc/bin/../lib/gcc/arm-none-eabi/9.2.1/../../../../arm-none-eabi/lib/thumb/v6-m/nofp/libg.a(lib_a-malloc.o)
                              CMakeFiles/dma_capture.dir/Users/mike/Documents/Programming/Pico/pico-sdk/src/rp2_common/pico_malloc/pico_malloc.c.obj (malloc)
/usr/local/Cellar/arm-none-eabi-gcc/9-2019-q4-major/gcc/bin/../lib/gcc/arm-none-eabi/9.2.1/../../../../arm-none-eabi/lib/thumb/v6-m/nofp/libg.a(lib_a-mallocr.o)
                              /usr/local/Cellar/arm-none-eabi-gcc/9-2019-q4-major/gcc/bin/../lib/gcc/arm-none-eabi/9.2.1/../../../../arm-none-eabi/lib/thumb/v6-m/nofp/libg.a(lib_a-callocr.o) (_malloc_r)
/usr/local/Cellar/arm-none-eabi-gcc/9-2019-q4-major/gcc/bin/../lib/gcc/arm-none-eabi/9.2.1/../../../../arm-none-eabi/lib/thumb/v6-m/nofp/libg.a(lib_a-mlock.o)
                              /usr/local/Cellar/arm-none-eabi-gcc/9-2019-q4-major/gcc/bin/../lib/gcc/arm-none-eabi/9.2.1/../../../../arm-none-eabi/lib/thumb/v6-m/nofp/libg.a(lib_a-mallocr.o) (__malloc_lock)
/usr/local/Cellar/arm-none-eabi-gcc/9-2019-q4-major/gcc/bin/../lib/gcc/arm-none-eabi/9.2.1/../../../../arm-none-eabi/lib/thumb/v6-m/nofp/libg.a(lib_a-sbrkr.o)
                              /usr/local/Cellar/arm-none-eabi-gcc/9-2019-q4-major/gcc/bin/../lib/gcc/arm-none-eabi/9.2.1/../../../../arm-none-eabi/lib/thumb/v6-m/nofp/libg.a(lib_a-mallocr.o) (_sbrk_r)
/usr/local/Cellar/arm-none-eabi-gcc/9-2019-q4-major/gcc/bin/../lib/gcc/arm-none-eabi/9.2.1/../../../../arm-none-eabi/lib/thumb/v6-m/nofp/libg.a(lib_a-strlen-stub.o)
                              CMakeFiles/dma_capture.dir/Users/mike/Documents/Programming/Pico/pico-sdk/src/rp2_common/pico_stdio/stdio.c.obj (strlen)
/usr/local/Cellar/arm-none-eabi-gcc/9-2019-q4-major/gcc/bin/../lib/gcc/arm-none-eabi/9.2.1/../../../../arm-none-eabi/lib/thumb/v6-m/nofp/libg.a(lib_a-freer.o)
                              /usr/local/Cellar/arm-none-eabi-gcc/9-2019-q4-major/gcc/bin/../lib/gcc/arm-none-eabi/9.2.1/../../../../arm-none-eabi/lib/thumb/v6-m/nofp/libg.a(lib_a-malloc.o) (_free_r)
/usr/local/Cellar/arm-none-eabi-gcc/9-2019-q4-major/gcc/bin/../lib/gcc/arm-none-eabi/9.2.1/../../../../arm-none-eabi/lib/thumb/v6-m/nofp/libg.a(lib_a-getc.o)
                              /usr/local/Cellar/arm-none-eabi-gcc/9-2019-q4-major/gcc/bin/../lib/gcc/arm-none-eabi/9.2.1/../../../../arm-none-eabi/lib/thumb/v6-m/nofp/libg.a(lib_a-getchar.o) (_getc_r)
/usr/local/Cellar/arm-none-eabi-gcc/9-2019-q4-major/gcc/bin/../lib/gcc/arm-none-eabi/9.2.1/../../../../arm-none-eabi/lib/thumb/v6-m/nofp/libg.a(lib_a-lock.o)
[...]
Memory Configuration

Name             Origin             Length             Attributes
FLASH            0x0000000010000000 0x0000000000200000 xr
RAM              0x0000000020000000 0x0000000000040000 xrw
SCRATCH_X        0x0000000020040000 0x0000000000001000 xrw
SCRATCH_Y        0x0000000020041000 0x0000000000001000 xrw
*default*        0x0000000000000000 0xffffffffffffffff

Linker script and memory map

LOAD /usr/local/Cellar/arm-none-eabi-gcc/9-2019-q4-major/gcc/bin/../lib/gcc/arm-none-eabi/9.2.1/thumb/v6-m/nofp/crti.o
LOAD /usr/local/Cellar/arm-none-eabi-gcc/9-2019-q4-major/gcc/bin/../lib/gcc/arm-none-eabi/9.2.1/thumb/v6-m/nofp/crtbegin.o
LOAD /usr/local/Cellar/arm-none-eabi-gcc/9-2019-q4-major/gcc/bin/../lib/gcc/arm-none-eabi/9.2.1/../../../../arm-none-eabi/lib/thumb/v6-m/nofp/crt0.o

.flash_begin    0x0000000010000000        0x0
                0x0000000010000000                __flash_binary_start = .

.boot2          0x0000000010000000      0x100
                0x0000000010000000                __boot2_start__ = .
 *(.boot2)
 .boot2         0x0000000010000000      0x100 /var/folders/2h/nrwn0w9s4vqcy0dhv469xg000000gn/T//ccDehC0O.o
                0x0000000010000100                __boot2_end__ = .
                0x0000000000000001                ASSERT (((__boot2_end__ - __boot2_start__) == 0x100), ERROR: Pico second stage bootloader must be 256 bytes in size)

.text           0x0000000010000100     0x7b18
                0x0000000010000100                __logical_binary_start = .
 *(.vectors)
 .vectors       0x0000000010000100       0xd4 CMakeFiles/dma_capture.dir/Users/mike/Documents/Programming/Pico/pico-sdk/src/rp2_common/pico_standard_link/crt0.S.obj
                0x0000000010000100                __vectors
                0x00000000100001c0                isr_invalid
                0x00000000100001c2                isr_nmi
                0x00000000100001c4                isr_hardfault
                0x00000000100001c6                isr_svcall
                0x00000000100001c8                isr_pendsv
                0x00000000100001ca                isr_systick
                0x00000000100001cc                isr_irq23
                0x00000000100001cc                isr_irq18
                0x00000000100001cc                isr_irq28
                0x00000000100001cc                isr_irq19
                0x00000000100001cc                isr_irq0
                0x00000000100001cc                isr_irq6
                0x00000000100001cc                isr_irq22
                0x00000000100001cc                isr_irq17
                0x00000000100001cc                isr_irq14
                0x00000000100001cc                isr_irq2
                0x00000000100001cc                isr_irq10
                0x00000000100001cc                isr_irq8
                0x00000000100001cc                isr_irq24
                0x00000000100001cc                isr_irq1
                0x00000000100001cc                isr_irq7
                0x00000000100001cc                isr_irq21
                0x00000000100001cc                isr_irq20
                0x00000000100001cc                isr_irq15
                0x00000000100001cc                isr_irq25
                0x00000000100001cc                isr_irq4
                0x00000000100001cc                isr_irq16
                0x00000000100001cc                isr_irq29
                0x00000000100001cc                isr_irq26
                0x00000000100001cc                isr_irq3
                0x00000000100001cc                isr_irq9
                0x00000000100001cc                __unhandled_user_irq
                0x00000000100001cc                isr_irq13
                0x00000000100001cc                isr_irq27
                0x00000000100001cc                isr_irq31
                0x00000000100001cc                isr_irq5
                0x00000000100001cc                isr_irq11
                0x00000000100001cc                isr_irq30
                0x00000000100001cc                isr_irq12
                0x00000000100001d2                unhandled_user_irq_num_in_r0
 *(.binary_info_header)
 .binary_info_header
                0x00000000100001d4       0x14 CMakeFiles/dma_capture.dir/Users/mike/Documents/Programming/Pico/pico-sdk/src/rp2_common/pico_standard_link/crt0.S.obj
                0x00000000100001e8                __binary_info_header_end = .
 *(.reset)
 .reset         0x00000000100001e8       0xa8 CMakeFiles/dma_capture.dir/Users/mike/Documents/Programming/Pico/pico-sdk/src/rp2_common/pico_standard_link/crt0.S.obj
                0x00000000100001e8                _entry_point
                0x0000000010000266                __get_current_exception
 .reset         0x0000000010000290       0x30 CMakeFiles/dma_capture.dir/Users/mike/Documents/Programming/Pico/pico-sdk/src/rp2_common/pico_standard_link/binary_info.c.obj
 *(.init)
 .init          0x00000000100002c0        0x4 /usr/local/Cellar/arm-none-eabi-gcc/9-2019-q4-major/gcc/bin/../lib/gcc/arm-none-eabi/9.2.1/thumb/v6-m/nofp/crti.o
                0x00000000100002c0                _init
 *(EXCLUDE_FILE(*libm.a: *libc.a:*lib_a-mem*.o *libgcc.a:) .text*)
 .text          0x00000000100002c4       0x48 /usr/local/Cellar/arm-none-eabi-gcc/9-2019-q4-major/gcc/bin/../lib/gcc/arm-none-eabi/9.2.1/thumb/v6-m/nofp/crtbegin.o
 .text.main     0x000000001000030c      0x140 CMakeFiles/dma_capture.dir/dma_capture.c.obj
                0x000000001000030c                main
 .text.gpio_set_function
                0x000000001000044c       0x30 CMakeFiles/dma_capture.dir/Users/mike/Documents/Programming/Pico/pico-sdk/src/rp2_common/hardware_gpio/gpio.c.obj
                0x000000001000044c                gpio_set_function
 .text.gpio_set_pulls
                0x000000001000047c       0x34 CMakeFiles/dma_capture.dir/Users/mike/Documents/Programming/Pico/pico-sdk/src/rp2_common/hardware_gpio/gpio.c.obj
                0x000000001000047c                gpio_set_pulls
 .text.gpio_set_input_enabled
                0x00000000100004b0       0x30 CMakeFiles/dma_capture.dir/Users/mike/Documents/Programming/Pico/pico-sdk/src/rp2_common/hardware_gpio/gpio.c.obj
                0x00000000100004b0                gpio_set_input_enabled
 .text.hw_claim_lock
                0x00000000100004e0       0x18 CMakeFiles/dma_capture.dir/Users/mike/Documents/Programming/Pico/pico-sdk/src/rp2_common/hardware_claim/claim.c.obj
                0x00000000100004e0                hw_claim_lock
 .text.hw_claim_unlock
                0x00000000100004f8       0x14 CMakeFiles/dma_capture.dir/Users/mike/Documents/Programming/Pico/pico-sdk/src/rp2_common/hardware_claim/claim.c.obj
                0x00000000100004f8                hw_claim_unlock
 .text.hw_claim_or_assert
                0x000000001000050c       0x34 CMakeFiles/dma_capture.dir/Users/mike/Documents/Programming/Pico/pico-sdk/src/rp2_common/hardware_claim/claim.c.obj
                0x000000001000050c                hw_claim_or_assert
 .text.hw_claim_unused_from_range
                0x0000000010000540       0x56 CMakeFiles/dma_capture.dir/Users/mike/Documents/Programming/Pico/pico-sdk/src/rp2_common/hardware_claim/claim.c.obj
                0x0000000010000540                hw_claim_unused_from_range
 *fill*         0x0000000010000596        0x2 
 .text.spin_locks_reset
                0x0000000010000598       0x20 CMakeFiles/dma_capture.dir/Users/mike/Documents/Programming/Pico/pico-sdk/src/rp2_common/hardware_sync/sync.c.obj
                0x0000000010000598                spin_locks_reset
 .text.next_striped_spin_lock_num
                0x00000000100005b8       0x1c CMakeFiles/dma_capture.dir/Users/mike/Documents/Programming/Pico/pico-sdk/src/rp2_common/hardware_sync/sync.c.obj
                0x00000000100005b8                next_striped_spin_lock_num
 .text.spin_lock_claim_unused
                0x00000000100005d4       0x20 CMakeFiles/dma_capture.dir/Users/mike/Documents/Programming/Pico/pico-sdk/src/rp2_common/hardware_sync/sync.c.obj
                0x00000000100005d4                spin_lock_claim_unused
 .text.running_on_fpga
                0x00000000100005f4       0x14 CMakeFiles/dma_capture.dir/Users/mike/Documents/Programming/Pico/pico-sdk/src/rp2_common/pico_platform/platform.c.obj
                0x00000000100005f4                running_on_fpga
 .text.sev_callback
                0x0000000010000608        0x8 CMakeFiles/dma_capture.dir/Users/mike/Documents/Programming/Pico/pico-sdk/src/common/pico_time/time.c.obj
 .text.timer_pool_entry_comparator
                0x0000000010000610       0x7c CMakeFiles/dma_capture.dir/Users/mike/Documents/Programming/Pico/pico-sdk/src/common/pico_time/time.c.obj
                0x0000000010000610                timer_pool_entry_comparator
 .text.ph_add_child_node
                0x000000001000068c       0xa4 CMakeFiles/dma_capture.dir/Users/mike/Documents/Programming/Pico/pico-sdk/src/common/pico_time/time.c.obj
 .text.ph_merge_nodes
                0x0000000010000730       0x3e CMakeFiles/dma_capture.dir/Users/mike/Documents/Programming/Pico/pico-sdk/src/common/pico_time/time.c.obj
 *fill*         0x000000001000076e        0x2 
 .text.add_alarm_under_lock
                0x0000000010000770      0x178 CMakeFiles/dma_capture.dir/Users/mike/Documents/Programming/Pico/pico-sdk/src/common/pico_time/time.c.obj
 .text.alarm_pool_alarm_callback
                0x00000000100008e8      0x2e8 CMakeFiles/dma_capture.dir/Users/mike/Documents/Programming/Pico/pico-sdk/src/common/pico_time/time.c.obj
 .text.alarm_pool_get_default
                0x0000000010000bd0       0x28 CMakeFiles/dma_capture.dir/Users/mike/Documents/Programming/Pico/pico-sdk/src/common/pico_time/time.c.obj
                0x0000000010000bd0                alarm_pool_get_default
 .text.alarm_pool_create
                0x0000000010000bf8       0x6c CMakeFiles/dma_capture.dir/Users/mike/Documents/Programming/Pico/pico-sdk/src/common/pico_time/time.c.obj
                0x0000000010000bf8                alarm_pool_create
 .text.alarm_pool_init_default
                0x0000000010000c64       0x20 CMakeFiles/dma_capture.dir/Users/mike/Documents/Programming/Pico/pico-sdk/src/common/pico_time/time.c.obj
                0x0000000010000c64                alarm_pool_init_default
 .text.alarm_pool_add_alarm_at
                0x0000000010000c84      0x12c CMakeFiles/dma_capture.dir/Users/mike/Documents/Programming/Pico/pico-sdk/src/common/pico_time/time.c.obj
                0x0000000010000c84                alarm_pool_add_alarm_at
 .text.alarm_pool_cancel_alarm
                0x0000000010000db0       0xec CMakeFiles/dma_capture.dir/Users/mike/Documents/Programming/Pico/pico-sdk/src/common/pico_time/time.c.obj
                0x0000000010000db0                alarm_pool_cancel_alarm
 .text.sleep_until
                0x0000000010000e9c       0x94 CMakeFiles/dma_capture.dir/Users/mike/Documents/Programming/Pico/pico-sdk/src/common/pico_time/time.c.obj
                0x0000000010000e9c                sleep_until
 .text.sleep_us
                0x0000000010000f30       0x2c CMakeFiles/dma_capture.dir/Users/mike/Documents/Programming/Pico/pico-sdk/src/common/pico_time/time.c.obj
                0x0000000010000f30                sleep_us
 .text.sleep_ms
                0x0000000010000f5c       0x14 CMakeFiles/dma_capture.dir/Users/mike/Documents/Programming/Pico/pico-sdk/src/common/pico_time/time.c.obj
                0x0000000010000f5c                sleep_ms
 .text.best_effort_wfe_or_timeout
                0x0000000010000f70       0x80 CMakeFiles/dma_capture.dir/Users/mike/Documents/Programming/Pico/pico-sdk/src/common/pico_time/time.c.obj
                0x0000000010000f70                best_effort_wfe_or_timeout
 .text.hardware_alarm_irq_handler
                0x0000000010000ff0       0x8c CMakeFiles/dma_capture.dir/Users/mike/Documents/Programming/Pico/pico-sdk/src/rp2_common/hardware_timer/timer.c.obj
 .text.hardware_alarm_claim
                0x000000001000107c       0x18 CMakeFiles/dma_capture.dir/Users/mike/Documents/Programming/Pico/pico-sdk/src/rp2_common/hardware_timer/timer.c.obj
                0x000000001000107c                hardware_alarm_claim
 .text.time_us_64
                0x0000000010001094       0x18 CMakeFiles/dma_capture.dir/Users/mike/Documents/Programming/Pico/pico-sdk/src/rp2_common/hardware_timer/timer.c.obj
                0x0000000010001094                time_us_64
 .text.busy_wait_until
                0x00000000100010ac       0x24 CMakeFiles/dma_capture.dir/Users/mike/Documents/Programming/Pico/pico-sdk/src/rp2_common/hardware_timer/timer.c.obj
                0x00000000100010ac                busy_wait_until
 .text.hardware_alarm_set_callback
                0x00000000100010d0       0x90 CMakeFiles/dma_capture.dir/Users/mike/Documents/Programming/Pico/pico-sdk/src/rp2_common/hardware_timer/timer.c.obj
                0x00000000100010d0                hardware_alarm_set_callback
 .text.hardware_alarm_set_target
                0x0000000010001160       0xd0 CMakeFiles/dma_capture.dir/Users/mike/Documents/Programming/Pico/pico-sdk/src/rp2_common/hardware_timer/timer.c.obj
                0x0000000010001160                hardware_alarm_set_target
 .text.hardware_alarm_cancel
                0x0000000010001230       0x40 CMakeFiles/dma_capture.dir/Users/mike/Documents/Programming/Pico/pico-sdk/src/rp2_common/hardware_timer/timer.c.obj
                0x0000000010001230                hardware_alarm_cancel
 .text.lock_init
                0x0000000010001270       0x30 CMakeFiles/dma_capture.dir/Users/mike/Documents/Programming/Pico/pico-sdk/src/common/pico_sync/lock_core.c.obj
                0x0000000010001270                lock_init
 .text.mutex_init
                0x00000000100012a0       0x1a CMakeFiles/dma_capture.dir/Users/mike/Documents/Programming/Pico/pico-sdk/src/common/pico_sync/mutex.c.obj
                0x00000000100012a0                mutex_init
 .text.critical_section_init_with_lock_num
                0x00000000100012ba        0xc CMakeFiles/dma_capture.dir/Users/mike/Documents/Programming/Pico/pico-sdk/src/common/pico_sync/critical_section.c.obj
                0x00000000100012ba                critical_section_init_with_lock_num
 .text.critical_section_init
                0x00000000100012c6       0x14 CMakeFiles/dma_capture.dir/Users/mike/Documents/Programming/Pico/pico-sdk/src/common/pico_sync/critical_section.c.obj
                0x00000000100012c6                critical_section_init
 *fill*         0x00000000100012da        0x2 
 .text.ph_add_child_node
                0x00000000100012dc       0xa4 CMakeFiles/dma_capture.dir/Users/mike/Documents/Programming/Pico/pico-sdk/src/common/pico_util/pheap.c.obj
 .text.ph_merge_nodes
                0x0000000010001380       0x3e CMakeFiles/dma_capture.dir/Users/mike/Documents/Programming/Pico/pico-sdk/src/common/pico_util/pheap.c.obj
 *fill*         0x00000000100013be        0x2 
 .text.ph_clear
                0x00000000100013c0       0x74 CMakeFiles/dma_capture.dir/Users/mike/Documents/Programming/Pico/pico-sdk/src/common/pico_util/pheap.c.obj
                0x00000000100013c0                ph_clear
 .text.ph_create
                0x0000000010001434       0x2c CMakeFiles/dma_capture.dir/Users/mike/Documents/Programming/Pico/pico-sdk/src/common/pico_util/pheap.c.obj
                0x0000000010001434                ph_create
 .text.ph_merge_two_pass
                0x0000000010001460       0xa8 CMakeFiles/dma_capture.dir/Users/mike/Documents/Programming/Pico/pico-sdk/src/common/pico_util/pheap.c.obj
                0x0000000010001460                ph_merge_two_pass
 .text.ph_remove_any_head
                0x0000000010001508      0x108 CMakeFiles/dma_capture.dir/Users/mike/Documents/Programming/Pico/pico-sdk/src/common/pico_util/pheap.c.obj
 .text.ph_remove_head_reserve
                0x0000000010001610       0x14 CMakeFiles/dma_capture.dir/Users/mike/Documents/Programming/Pico/pico-sdk/src/common/pico_util/pheap.c.obj
                0x0000000010001610                ph_remove_head_reserve
 .text.ph_delete
                0x0000000010001624       0xf8 CMakeFiles/dma_capture.dir/Users/mike/Documents/Programming/Pico/pico-sdk/src/common/pico_util/pheap.c.obj
                0x0000000010001624                ph_delete
 .text.runtime_init
                0x000000001000171c       0xcc CMakeFiles/dma_capture.dir/Users/mike/Documents/Programming/Pico/pico-sdk/src/rp2_common/pico_runtime/runtime.c.obj
                0x000000001000171c                runtime_init
 .text._exit    0x00000000100017e8        0x4 CMakeFiles/dma_capture.dir/Users/mike/Documents/Programming/Pico/pico-sdk/src/rp2_common/pico_runtime/runtime.c.obj
                0x00000000100017e8                _exit
 .text._sbrk    0x00000000100017ec       0x38 CMakeFiles/dma_capture.dir/Users/mike/Documents/Programming/Pico/pico-sdk/src/rp2_common/pico_runtime/runtime.c.obj
                0x00000000100017ec                _sbrk
 .text.exit     0x0000000010001824        0x6 CMakeFiles/dma_capture.dir/Users/mike/Documents/Programming/Pico/pico-sdk/src/rp2_common/pico_runtime/runtime.c.obj
                0x0000000010001824                exit
 *fill*         0x000000001000182a        0x2 
 .text.__assert_func
                0x000000001000182c       0x3c CMakeFiles/dma_capture.dir/Users/mike/Documents/Programming/Pico/pico-sdk/src/rp2_common/pico_runtime/runtime.c.obj
                0x000000001000182c                __assert_func
 .text.panic    0x0000000010001868       0x30 CMakeFiles/dma_capture.dir/Users/mike/Documents/Programming/Pico/pico-sdk/src/rp2_common/pico_runtime/runtime.c.obj
                0x0000000010001868                panic
 .text.clock_configure
                0x0000000010001898       0xe8 CMakeFiles/dma_capture.dir/Users/mike/Documents/Programming/Pico/pico-sdk/src/rp2_common/hardware_clocks/clocks.c.obj
                0x0000000010001898                clock_configure
 .text.clocks_init
                0x0000000010001980      0x124 CMakeFiles/dma_capture.dir/Users/mike/Documents/Programming/Pico/pico-sdk/src/rp2_common/hardware_clocks/clocks.c.obj
                0x0000000010001980                clocks_init
 .text.watchdog_start_tick
                0x0000000010001aa4       0x10 CMakeFiles/dma_capture.dir/Users/mike/Documents/Programming/Pico/pico-sdk/src/rp2_common/hardware_watchdog/watchdog.c.obj
                0x0000000010001aa4                watchdog_start_tick
 .text.xosc_init
                0x0000000010001ab4       0x28 CMakeFiles/dma_capture.dir/Users/mike/Documents/Programming/Pico/pico-sdk/src/rp2_common/hardware_xosc/xosc.c.obj
                0x0000000010001ab4                xosc_init
 .text.pll_init
                0x0000000010001adc       0xd4 CMakeFiles/dma_capture.dir/Users/mike/Documents/Programming/Pico/pico-sdk/src/rp2_common/hardware_pll/pll.c.obj
                0x0000000010001adc                pll_init
 .text.set_raw_irq_handler_and_unlock
                0x0000000010001bb0       0x28 CMakeFiles/dma_capture.dir/Users/mike/Documents/Programming/Pico/pico-sdk/src/rp2_common/hardware_irq/irq.c.obj
 .text.make_branch
                0x0000000010001bd8       0x34 CMakeFiles/dma_capture.dir/Users/mike/Documents/Programming/Pico/pico-sdk/src/rp2_common/hardware_irq/irq.c.obj
 .text.insert_branch_and_link
                0x0000000010001c0c       0x40 CMakeFiles/dma_capture.dir/Users/mike/Documents/Programming/Pico/pico-sdk/src/rp2_common/hardware_irq/irq.c.obj
 .text.irq_is_enabled
                0x0000000010001c4c       0x18 CMakeFiles/dma_capture.dir/Users/mike/Documents/Programming/Pico/pico-sdk/src/rp2_common/hardware_irq/irq.c.obj
                0x0000000010001c4c                irq_is_enabled
 .text.irq_set_mask_enabled
                0x0000000010001c64       0x20 CMakeFiles/dma_capture.dir/Users/mike/Documents/Programming/Pico/pico-sdk/src/rp2_common/hardware_irq/irq.c.obj
                0x0000000010001c64                irq_set_mask_enabled
 .text.irq_set_enabled
                0x0000000010001c84        0xe CMakeFiles/dma_capture.dir/Users/mike/Documents/Programming/Pico/pico-sdk/src/rp2_common/hardware_irq/irq.c.obj
                0x0000000010001c84                irq_set_enabled
 *fill*         0x0000000010001c92        0x2 
 .text.irq_set_pending
                0x0000000010001c94       0x10 CMakeFiles/dma_capture.dir/Users/mike/Documents/Programming/Pico/pico-sdk/src/rp2_common/hardware_irq/irq.c.obj
                0x0000000010001c94                irq_set_pending
 .text.irq_get_vtable_handler
                0x0000000010001ca4       0x10 CMakeFiles/dma_capture.dir/Users/mike/Documents/Programming/Pico/pico-sdk/src/rp2_common/hardware_irq/irq.c.obj
                0x0000000010001ca4                irq_get_vtable_handler
 .text.irq_set_exclusive_handler
                0x0000000010001cb4       0x54 CMakeFiles/dma_capture.dir/Users/mike/Documents/Programming/Pico/pico-sdk/src/rp2_common/hardware_irq/irq.c.obj
                0x0000000010001cb4                irq_set_exclusive_handler
 .text.irq_remove_handler
                0x0000000010001d08      0x1b4 CMakeFiles/dma_capture.dir/Users/mike/Documents/Programming/Pico/pico-sdk/src/rp2_common/hardware_irq/irq.c.obj
                0x0000000010001d08                irq_remove_handler
 .text.irq_set_priority
                0x0000000010001ebc       0x28 CMakeFiles/dma_capture.dir/Users/mike/Documents/Programming/Pico/pico-sdk/src/rp2_common/hardware_irq/irq.c.obj
                0x0000000010001ebc                irq_set_priority
 .text.irq_add_tail_to_free_list
                0x0000000010001ee4       0xf8 CMakeFiles/dma_capture.dir/Users/mike/Documents/Programming/Pico/pico-sdk/src/rp2_common/hardware_irq/irq.c.obj
                0x0000000010001ee4                irq_add_tail_to_free_list
 .text.irq_init_priorities
                0x0000000010001fdc       0x16 CMakeFiles/dma_capture.dir/Users/mike/Documents/Programming/Pico/pico-sdk/src/rp2_common/hardware_irq/irq.c.obj
                0x0000000010001fdc                irq_init_priorities
 .text._out_null
                0x0000000010001ff2        0x2 CMakeFiles/dma_capture.dir/Users/mike/Documents/Programming/Pico/pico-sdk/src/rp2_common/pico_printf/printf.c.obj
 .text._out_fct
                0x0000000010001ff4        0xe CMakeFiles/dma_capture.dir/Users/mike/Documents/Programming/Pico/pico-sdk/src/rp2_common/pico_printf/printf.c.obj
 .text._atoi    0x0000000010002002       0x24 CMakeFiles/dma_capture.dir/Users/mike/Documents/Programming/Pico/pico-sdk/src/rp2_common/pico_printf/printf.c.obj
 .text._out_rev
                0x0000000010002026       0xae CMakeFiles/dma_capture.dir/Users/mike/Documents/Programming/Pico/pico-sdk/src/rp2_common/pico_printf/printf.c.obj
 .text._ntoa_format
                0x00000000100020d4      0x110 CMakeFiles/dma_capture.dir/Users/mike/Documents/Programming/Pico/pico-sdk/src/rp2_common/pico_printf/printf.c.obj
 .text._ntoa_long
                0x00000000100021e4       0xbc CMakeFiles/dma_capture.dir/Users/mike/Documents/Programming/Pico/pico-sdk/src/rp2_common/pico_printf/printf.c.obj
 .text._ntoa_long_long
                0x00000000100022a0       0xe2 CMakeFiles/dma_capture.dir/Users/mike/Documents/Programming/Pico/pico-sdk/src/rp2_common/pico_printf/printf.c.obj
 *fill*         0x0000000010002382        0x2 
 .text._etoa    0x0000000010002384      0x3f4 CMakeFiles/dma_capture.dir/Users/mike/Documents/Programming/Pico/pico-sdk/src/rp2_common/pico_printf/printf.c.obj
 .text._ftoa    0x0000000010002778      0x354 CMakeFiles/dma_capture.dir/Users/mike/Documents/Programming/Pico/pico-sdk/src/rp2_common/pico_printf/printf.c.obj
 .text._vsnprintf
                0x0000000010002acc      0x628 CMakeFiles/dma_capture.dir/Users/mike/Documents/Programming/Pico/pico-sdk/src/rp2_common/pico_printf/printf.c.obj
 .text.vfctprintf
                0x00000000100030f4       0x20 CMakeFiles/dma_capture.dir/Users/mike/Documents/Programming/Pico/pico-sdk/src/rp2_common/pico_printf/printf.c.obj
                0x00000000100030f4                vfctprintf
 .text          0x0000000010003114       0x10 CMakeFiles/dma_capture.dir/Users/mike/Documents/Programming/Pico/pico-sdk/src/rp2_common/pico_bit_ops/bit_ops_aeabi.S.obj
 .text.rom_func_lookup
                0x0000000010003124       0x10 CMakeFiles/dma_capture.dir/Users/mike/Documents/Programming/Pico/pico-sdk/src/rp2_common/pico_bootrom/bootrom.c.obj
                0x0000000010003124                rom_func_lookup
 .text.rom_data_lookup
                0x0000000010003134       0x10 CMakeFiles/dma_capture.dir/Users/mike/Documents/Programming/Pico/pico-sdk/src/rp2_common/pico_bootrom/bootrom.c.obj
                0x0000000010003134                rom_data_lookup
 .text.rom_funcs_lookup
                0x0000000010003144       0x36 CMakeFiles/dma_capture.dir/Users/mike/Documents/Programming/Pico/pico-sdk/src/rp2_common/pico_bootrom/bootrom.c.obj
                0x0000000010003144                rom_funcs_lookup
 *fill*         0x000000001000317a        0x2 
 .text.__wrap___aeabi_idiv
                0x000000001000317c       0x58 CMakeFiles/dma_capture.dir/Users/mike/Documents/Programming/Pico/pico-sdk/src/rp2_common/pico_divider/divider.S.obj
                0x000000001000317c                __wrap___aeabi_idivmod
                0x000000001000317c                divmod_s32s32
                0x000000001000317c                div_s32s32
                0x000000001000317c                __wrap___aeabi_idiv
                0x0000000010003184                divmod_s32s32_unsafe
                0x00000000100031b0                divmod_s32s32_savestate
 .text.__wrap___aeabi_uidiv
                0x00000000100031d4       0x54 CMakeFiles/dma_capture.dir/Users/mike/Documents/Programming/Pico/pico-sdk/src/rp2_common/pico_divider/divider.S.obj
                0x00000000100031d4                __wrap___aeabi_uidiv
                0x00000000100031d4                __wrap___aeabi_uidivmod
                0x00000000100031d4                div_u32u32
                0x00000000100031d4                divmod_u32u32
                0x00000000100031dc                divmod_u32u32_unsafe
                0x0000000010003204                divmod_u32u32_savestate
 .text.__wrap___aeabi_ldiv
                0x0000000010003228      0x430 CMakeFiles/dma_capture.dir/Users/mike/Documents/Programming/Pico/pico-sdk/src/rp2_common/pico_divider/divider.S.obj
                0x0000000010003228                __wrap___aeabi_ldivmod
                0x0000000010003228                div_s64s64
                0x0000000010003228                divmod_s64s64
                0x0000000010003260                divmod_u64u64
                0x0000000010003260                div_u64u64
                0x0000000010003260                __wrap___aeabi_uldivmod
                0x0000000010003270                divmod_u64u64_savestate
                0x0000000010003298                divmod_s64s64_unsafe
                0x0000000010003320                divmod_u64u64_unsafe
 .text.__wrap___aeabi_darithmetic
                0x0000000010003658       0x54 CMakeFiles/dma_capture.dir/Users/mike/Documents/Programming/Pico/pico-sdk/src/rp2_common/pico_double/double_aeabi.S.obj
                0x0000000010003658                __wrap___aeabi_drsub
                0x000000001000365e                __wrap___aeabi_dsub
                0x0000000010003670                __wrap___aeabi_dadd
                0x0000000010003682                __wrap___aeabi_ddiv
                0x0000000010003694                __wrap___aeabi_dmul
 .text.__wrap___aeabi_cdcmple
                0x00000000100036ac       0x6c CMakeFiles/dma_capture.dir/Users/mike/Documents/Programming/Pico/pico-sdk/src/rp2_common/pico_double/double_aeabi.S.obj
                0x00000000100036ac                __wrap___aeabi_cdrcmple
                0x00000000100036bc                __wrap___aeabi_cdcmple
                0x00000000100036bc                __wrap___aeabi_cdcmpeq
 .text.__wrap___aeabi_dcmplt
                0x0000000010003718        0xc CMakeFiles/dma_capture.dir/Users/mike/Documents/Programming/Pico/pico-sdk/src/rp2_common/pico_double/double_aeabi.S.obj
                0x0000000010003718                __wrap___aeabi_dcmplt
 .text.__wrap___aeabi_dcmple
                0x0000000010003724       0x10 CMakeFiles/dma_capture.dir/Users/mike/Documents/Programming/Pico/pico-sdk/src/rp2_common/pico_double/double_aeabi.S.obj
                0x0000000010003724                __wrap___aeabi_dcmple
 .text.__wrap___aeabi_dcmpge
                0x0000000010003734       0x10 CMakeFiles/dma_capture.dir/Users/mike/Documents/Programming/Pico/pico-sdk/src/rp2_common/pico_double/double_aeabi.S.obj
                0x0000000010003734                __wrap___aeabi_dcmpge
 .text.__wrap___aeabi_dcmpgt
                0x0000000010003744        0xa CMakeFiles/dma_capture.dir/Users/mike/Documents/Programming/Pico/pico-sdk/src/rp2_common/pico_double/double_aeabi.S.obj
                0x0000000010003744                __wrap___aeabi_dcmpgt
 .text.__wrap___aeabi_dcmpun
                0x000000001000374e       0x1c CMakeFiles/dma_capture.dir/Users/mike/Documents/Programming/Pico/pico-sdk/src/rp2_common/pico_double/double_aeabi.S.obj
                0x000000001000374e                __wrap___aeabi_dcmpun
 *fill*         0x000000001000376a        0x2 
 .text.__wrap___aeabi_i2d
                0x000000001000376c       0x38 CMakeFiles/dma_capture.dir/Users/mike/Documents/Programming/Pico/pico-sdk/src/rp2_common/pico_double/double_aeabi.S.obj
                0x000000001000376c                __wrap___aeabi_ui2d
                0x0000000010003774                __wrap___aeabi_i2d
 .text.__wrap___aeabi_d2iz
                0x00000000100037a4       0x48 CMakeFiles/dma_capture.dir/Users/mike/Documents/Programming/Pico/pico-sdk/src/rp2_common/pico_double/double_aeabi.S.obj
                0x00000000100037a4                __wrap___aeabi_d2iz
                0x00000000100037a4                double2int_z
 .text.__wrap___aeabi_d2uiz
                0x00000000100037ec       0x18 CMakeFiles/dma_capture.dir/Users/mike/Documents/Programming/Pico/pico-sdk/src/rp2_common/pico_double/double_aeabi.S.obj
                0x00000000100037ec                double2uint
                0x00000000100037ec                __wrap___aeabi_d2uiz
 .text.__aeabi_double_init
                0x0000000010003804       0xb4 CMakeFiles/dma_capture.dir/Users/mike/Documents/Programming/Pico/pico-sdk/src/rp2_common/pico_double/double_init_rom.c.obj
                0x0000000010003804                __aeabi_double_init
 .text.double_table_shim_on_use_helper
                0x00000000100038b8       0x34 CMakeFiles/dma_capture.dir/Users/mike/Documents/Programming/Pico/pico-sdk/src/rp2_common/pico_double/double_v1_rom_shim.S.obj
                0x00000000100038b8                double_table_shim_on_use_helper
 .text.__wrap___aeabi_dsub
                0x00000000100038ec       0x10 CMakeFiles/dma_capture.dir/Users/mike/Documents/Programming/Pico/pico-sdk/src/rp2_common/pico_double/double_v1_rom_shim.S.obj
                0x00000000100038ec                drsub_shim
                0x00000000100038f2                dsub_shim
 .text.dadd_shim
                0x00000000100038fc      0x15c CMakeFiles/dma_capture.dir/Users/mike/Documents/Programming/Pico/pico-sdk/src/rp2_common/pico_double/double_v1_rom_shim.S.obj
                0x00000000100038fc                dadd_shim
 .text.dmul_shim
                0x0000000010003a58      0x15c CMakeFiles/dma_capture.dir/Users/mike/Documents/Programming/Pico/pico-sdk/src/rp2_common/pico_double/double_v1_rom_shim.S.obj
                0x0000000010003a58                dmul_shim
 .text.ddiv_shim
                0x0000000010003bb4      0x1b0 CMakeFiles/dma_capture.dir/Users/mike/Documents/Programming/Pico/pico-sdk/src/rp2_common/pico_double/double_v1_rom_shim.S.obj
                0x0000000010003bb4                ddiv_shim
 .text.dcordic_rot_step
                0x0000000010003d64       0x7c CMakeFiles/dma_capture.dir/Users/mike/Documents/Programming/Pico/pico-sdk/src/rp2_common/pico_double/double_v1_rom_shim.S.obj
                0x0000000010003d64                dcordic_rot_step
 .text.double2uint_shim
                0x0000000010003de0        0xe CMakeFiles/dma_capture.dir/Users/mike/Documents/Programming/Pico/pico-sdk/src/rp2_common/pico_double/double_v1_rom_shim.S.obj
                0x0000000010003de0                double2uint_shim
                0x0000000010003de2                double2ufix_shim
 *fill*         0x0000000010003dee        0x2 
 .text.double2uint64_shim
                0x0000000010003df0       0x6c CMakeFiles/dma_capture.dir/Users/mike/Documents/Programming/Pico/pico-sdk/src/rp2_common/pico_double/double_v1_rom_shim.S.obj
                0x0000000010003df0                double2uint64_shim
                0x0000000010003df2                double2ufix64_shim
                0x0000000010003e0c                d2fix_a
 .text.dunpacks
                0x0000000010003e5c       0x3c CMakeFiles/dma_capture.dir/Users/mike/Documents/Programming/Pico/pico-sdk/src/rp2_common/pico_double/double_v1_rom_shim.S.obj
                0x0000000010003e5c                dunpacks
 .text.__aeabi_lmul
                0x0000000010003e98       0x32 CMakeFiles/dma_capture.dir/Users/mike/Documents/Programming/Pico/pico-sdk/src/rp2_common/pico_int64_ops/pico_int64_ops_aeabi.S.obj
                0x0000000010003e98                __wrap___aeabi_lmul
 *fill*         0x0000000010003eca        0x2 
 .text.__aeabi_float_init
                0x0000000010003ecc       0xfc CMakeFiles/dma_capture.dir/Users/mike/Documents/Programming/Pico/pico-sdk/src/rp2_common/pico_float/float_init_rom.c.obj
                0x0000000010003ecc                __aeabi_float_init
 .text.float_table_shim_on_use_helper
                0x0000000010003fc8       0x34 CMakeFiles/dma_capture.dir/Users/mike/Documents/Programming/Pico/pico-sdk/src/rp2_common/pico_float/float_v1_rom_shim.S.obj
                0x0000000010003fc8                float_table_shim_on_use_helper
 .text.__wrap_malloc
                0x0000000010003ffc        0x8 CMakeFiles/dma_capture.dir/Users/mike/Documents/Programming/Pico/pico-sdk/src/rp2_common/pico_malloc/pico_malloc.c.obj
                0x0000000010003ffc                __wrap_malloc
 .text.__wrap_calloc
                0x0000000010004004        0x8 CMakeFiles/dma_capture.dir/Users/mike/Documents/Programming/Pico/pico-sdk/src/rp2_common/pico_malloc/pico_malloc.c.obj
                0x0000000010004004                __wrap_calloc
 .text          0x000000001000400c       0x10 CMakeFiles/dma_capture.dir/Users/mike/Documents/Programming/Pico/pico-sdk/src/rp2_common/pico_mem_ops/mem_ops_aeabi.S.obj
                0x000000001000400c                __aeabi_mem_init
 .text.memset   0x000000001000401c        0xc CMakeFiles/dma_capture.dir/Users/mike/Documents/Programming/Pico/pico-sdk/src/rp2_common/pico_mem_ops/mem_ops_aeabi.S.obj
                0x000000001000401c                __wrap_memset
 .text.memcpy   0x0000000010004028        0xc CMakeFiles/dma_capture.dir/Users/mike/Documents/Programming/Pico/pico-sdk/src/rp2_common/pico_mem_ops/mem_ops_aeabi.S.obj
                0x0000000010004028                __wrap___aeabi_memcpy
                0x0000000010004028                __wrap_memcpy
 .text.stdio_out_chars_crlf
                0x0000000010004034       0x80 CMakeFiles/dma_capture.dir/Users/mike/Documents/Programming/Pico/pico-sdk/src/rp2_common/pico_stdio/stdio.c.obj
 .text.stdio_get_until
                0x00000000100040b4       0x78 CMakeFiles/dma_capture.dir/Users/mike/Documents/Programming/Pico/pico-sdk/src/rp2_common/pico_stdio/stdio.c.obj
 .text.stdio_stack_buffer_flush
                0x000000001000412c       0x44 CMakeFiles/dma_capture.dir/Users/mike/Documents/Programming/Pico/pico-sdk/src/rp2_common/pico_stdio/stdio.c.obj
 .text.stdio_buffered_printer
                0x0000000010004170       0x20 CMakeFiles/dma_capture.dir/Users/mike/Documents/Programming/Pico/pico-sdk/src/rp2_common/pico_stdio/stdio.c.obj
 .text.stdout_serialize_begin
                0x0000000010004190       0x2c CMakeFiles/dma_capture.dir/Users/mike/Documents/Programming/Pico/pico-sdk/src/rp2_common/pico_stdio/stdio.c.obj
                0x0000000010004190                stdout_serialize_begin
 .text.stdout_serialize_end
                0x00000000100041bc       0x10 CMakeFiles/dma_capture.dir/Users/mike/Documents/Programming/Pico/pico-sdk/src/rp2_common/pico_stdio/stdio.c.obj
                0x00000000100041bc                stdout_serialize_end
 .text.stdio_put_string
                0x00000000100041cc       0x84 CMakeFiles/dma_capture.dir/Users/mike/Documents/Programming/Pico/pico-sdk/src/rp2_common/pico_stdio/stdio.c.obj
 .text._read    0x0000000010004250       0x24 CMakeFiles/dma_capture.dir/Users/mike/Documents/Programming/Pico/pico-sdk/src/rp2_common/pico_stdio/stdio.c.obj
                0x0000000010004250                _read
 .text._write   0x0000000010004274       0x1e CMakeFiles/dma_capture.dir/Users/mike/Documents/Programming/Pico/pico-sdk/src/rp2_common/pico_stdio/stdio.c.obj
                0x0000000010004274                _write
 *fill*         0x0000000010004292        0x2 
 .text.stdio_set_driver_enabled
                0x0000000010004294       0x38 CMakeFiles/dma_capture.dir/Users/mike/Documents/Programming/Pico/pico-sdk/src/rp2_common/pico_stdio/stdio.c.obj
                0x0000000010004294                stdio_set_driver_enabled
 .text.stdio_flush
                0x00000000100042cc       0x20 CMakeFiles/dma_capture.dir/Users/mike/Documents/Programming/Pico/pico-sdk/src/rp2_common/pico_stdio/stdio.c.obj
                0x00000000100042cc                stdio_flush
 .text.__wrap_puts
                0x00000000100042ec       0x1c CMakeFiles/dma_capture.dir/Users/mike/Documents/Programming/Pico/pico-sdk/src/rp2_common/pico_stdio/stdio.c.obj
                0x00000000100042ec                __wrap_puts
 .text.__wrap_vprintf
                0x0000000010004308       0x44 CMakeFiles/dma_capture.dir/Users/mike/Documents/Programming/Pico/pico-sdk/src/rp2_common/pico_stdio/stdio.c.obj
                0x0000000010004308                __wrap_vprintf
 .text.__wrap_printf
                0x000000001000434c       0x18 CMakeFiles/dma_capture.dir/Users/mike/Documents/Programming/Pico/pico-sdk/src/rp2_common/pico_stdio/stdio.c.obj
                0x000000001000434c                __wrap_printf
 .text.stdio_init_all
                0x0000000010004364        0x8 CMakeFiles/dma_capture.dir/Users/mike/Documents/Programming/Pico/pico-sdk/src/rp2_common/pico_stdio/stdio.c.obj
                0x0000000010004364                stdio_init_all
 .text.stdio_usb_in_chars
                0x000000001000436c       0x70 CMakeFiles/dma_capture.dir/Users/mike/Documents/Programming/Pico/pico-sdk/src/rp2_common/pico_stdio_usb/stdio_usb.c.obj
                0x000000001000436c                stdio_usb_in_chars
 .text.low_priority_worker_irq
                0x00000000100043dc       0x20 CMakeFiles/dma_capture.dir/Users/mike/Documents/Programming/Pico/pico-sdk/src/rp2_common/pico_stdio_usb/stdio_usb.c.obj
 .text.stdio_usb_out_chars
                0x00000000100043fc       0xd4 CMakeFiles/dma_capture.dir/Users/mike/Documents/Programming/Pico/pico-sdk/src/rp2_common/pico_stdio_usb/stdio_usb.c.obj
 .text.timer_task
                0x00000000100044d0       0x10 CMakeFiles/dma_capture.dir/Users/mike/Documents/Programming/Pico/pico-sdk/src/rp2_common/pico_stdio_usb/stdio_usb.c.obj
 .text.stdio_usb_init
                0x00000000100044e0       0x8c CMakeFiles/dma_capture.dir/Users/mike/Documents/Programming/Pico/pico-sdk/src/rp2_common/pico_stdio_usb/stdio_usb.c.obj
                0x00000000100044e0                stdio_usb_init
 .text.tud_descriptor_device_cb
                0x000000001000456c        0x8 CMakeFiles/dma_capture.dir/Users/mike/Documents/Programming/Pico/pico-sdk/src/rp2_common/pico_stdio_usb/stdio_usb_descriptors.c.obj
                0x000000001000456c                tud_descriptor_device_cb
 .text.tud_descriptor_configuration_cb
                0x0000000010004574        0x8 CMakeFiles/dma_capture.dir/Users/mike/Documents/Programming/Pico/pico-sdk/src/rp2_common/pico_stdio_usb/stdio_usb_descriptors.c.obj
                0x0000000010004574                tud_descriptor_configuration_cb
 .text.tud_descriptor_string_cb
                0x000000001000457c       0x50 CMakeFiles/dma_capture.dir/Users/mike/Documents/Programming/Pico/pico-sdk/src/rp2_common/pico_stdio_usb/stdio_usb_descriptors.c.obj
                0x000000001000457c                tud_descriptor_string_cb
 .text.hw_endpoint_get_by_addr
                0x00000000100045cc       0x1c CMakeFiles/dma_capture.dir/Users/mike/Documents/Programming/Pico/pico-sdk/lib/tinyusb/src/portable/raspberrypi/rp2040/dcd_rp2040.c.obj
 .text.reset_ep0
                0x00000000100045e8       0x2c CMakeFiles/dma_capture.dir/Users/mike/Documents/Programming/Pico/pico-sdk/lib/tinyusb/src/portable/raspberrypi/rp2040/dcd_rp2040.c.obj
 .text._hw_endpoint_alloc
                0x0000000010004614       0x7c CMakeFiles/dma_capture.dir/Users/mike/Documents/Programming/Pico/pico-sdk/lib/tinyusb/src/portable/raspberrypi/rp2040/dcd_rp2040.c.obj
 .text._hw_endpoint_init
                0x0000000010004690       0xbc CMakeFiles/dma_capture.dir/Users/mike/Documents/Programming/Pico/pico-sdk/lib/tinyusb/src/portable/raspberrypi/rp2040/dcd_rp2040.c.obj
 .text.hw_endpoint_init
                0x000000001000474c       0x18 CMakeFiles/dma_capture.dir/Users/mike/Documents/Programming/Pico/pico-sdk/lib/tinyusb/src/portable/raspberrypi/rp2040/dcd_rp2040.c.obj
 .text.hw_handle_buff_status
                0x0000000010004764       0xbc CMakeFiles/dma_capture.dir/Users/mike/Documents/Programming/Pico/pico-sdk/lib/tinyusb/src/portable/raspberrypi/rp2040/dcd_rp2040.c.obj
 .text.dcd_rp2040_irq
                0x0000000010004820       0x8c CMakeFiles/dma_capture.dir/Users/mike/Documents/Programming/Pico/pico-sdk/lib/tinyusb/src/portable/raspberrypi/rp2040/dcd_rp2040.c.obj
 .text.hw_endpoint_xfer
                0x00000000100048ac       0x18 CMakeFiles/dma_capture.dir/Users/mike/Documents/Programming/Pico/pico-sdk/lib/tinyusb/src/portable/raspberrypi/rp2040/dcd_rp2040.c.obj
 .text.ep0_0len_status
                0x00000000100048c4       0x14 CMakeFiles/dma_capture.dir/Users/mike/Documents/Programming/Pico/pico-sdk/lib/tinyusb/src/portable/raspberrypi/rp2040/dcd_rp2040.c.obj
 .text._hw_endpoint_stall
                0x00000000100048d8       0x54 CMakeFiles/dma_capture.dir/Users/mike/Documents/Programming/Pico/pico-sdk/lib/tinyusb/src/portable/raspberrypi/rp2040/dcd_rp2040.c.obj
 .text.hw_endpoint_stall
                0x000000001000492c        0xc CMakeFiles/dma_capture.dir/Users/mike/Documents/Programming/Pico/pico-sdk/lib/tinyusb/src/portable/raspberrypi/rp2040/dcd_rp2040.c.obj
 .text._hw_endpoint_clear_stall
                0x0000000010004938       0x34 CMakeFiles/dma_capture.dir/Users/mike/Documents/Programming/Pico/pico-sdk/lib/tinyusb/src/portable/raspberrypi/rp2040/dcd_rp2040.c.obj
 .text.hw_endpoint_clear_stall
                0x000000001000496c        0xc CMakeFiles/dma_capture.dir/Users/mike/Documents/Programming/Pico/pico-sdk/lib/tinyusb/src/portable/raspberrypi/rp2040/dcd_rp2040.c.obj
 .text.dcd_int_enable
                0x0000000010004978       0x2c CMakeFiles/dma_capture.dir/Users/mike/Documents/Programming/Pico/pico-sdk/lib/tinyusb/src/portable/raspberrypi/rp2040/dcd_rp2040.c.obj
                0x0000000010004978                dcd_int_enable
 .text.dcd_set_address
                0x00000000100049a4       0x30 CMakeFiles/dma_capture.dir/Users/mike/Documents/Programming/Pico/pico-sdk/lib/tinyusb/src/portable/raspberrypi/rp2040/dcd_rp2040.c.obj
                0x00000000100049a4                dcd_set_address
 .text.dcd_connect
                0x00000000100049d4       0x30 CMakeFiles/dma_capture.dir/Users/mike/Documents/Programming/Pico/pico-sdk/lib/tinyusb/src/portable/raspberrypi/rp2040/dcd_rp2040.c.obj
                0x00000000100049d4                dcd_connect
 .text.dcd_init
                0x0000000010004a04       0x90 CMakeFiles/dma_capture.dir/Users/mike/Documents/Programming/Pico/pico-sdk/lib/tinyusb/src/portable/raspberrypi/rp2040/dcd_rp2040.c.obj
                0x0000000010004a04                dcd_init
 .text.dcd_edpt0_status_complete
                0x0000000010004a94       0x44 CMakeFiles/dma_capture.dir/Users/mike/Documents/Programming/Pico/pico-sdk/lib/tinyusb/src/portable/raspberrypi/rp2040/dcd_rp2040.c.obj
                0x0000000010004a94                dcd_edpt0_status_complete
 .text.dcd_edpt_open
                0x0000000010004ad8       0x40 CMakeFiles/dma_capture.dir/Users/mike/Documents/Programming/Pico/pico-sdk/lib/tinyusb/src/portable/raspberrypi/rp2040/dcd_rp2040.c.obj
                0x0000000010004ad8                dcd_edpt_open
 .text.dcd_edpt_xfer
                0x0000000010004b18       0x34 CMakeFiles/dma_capture.dir/Users/mike/Documents/Programming/Pico/pico-sdk/lib/tinyusb/src/portable/raspberrypi/rp2040/dcd_rp2040.c.obj
                0x0000000010004b18                dcd_edpt_xfer
 .text.dcd_edpt_stall
                0x0000000010004b4c       0x28 CMakeFiles/dma_capture.dir/Users/mike/Documents/Programming/Pico/pico-sdk/lib/tinyusb/src/portable/raspberrypi/rp2040/dcd_rp2040.c.obj
                0x0000000010004b4c                dcd_edpt_stall
 .text.dcd_edpt_clear_stall
                0x0000000010004b74       0x28 CMakeFiles/dma_capture.dir/Users/mike/Documents/Programming/Pico/pico-sdk/lib/tinyusb/src/portable/raspberrypi/rp2040/dcd_rp2040.c.obj
                0x0000000010004b74                dcd_edpt_clear_stall
 .text.rp2040_usb_init
                0x0000000010004b9c       0x50 CMakeFiles/dma_capture.dir/Users/mike/Documents/Programming/Pico/pico-sdk/lib/tinyusb/src/portable/raspberrypi/rp2040/rp2040_usb.c.obj
                0x0000000010004b9c                rp2040_usb_init
 .text.hw_endpoint_reset_transfer
                0x0000000010004bec       0x14 CMakeFiles/dma_capture.dir/Users/mike/Documents/Programming/Pico/pico-sdk/lib/tinyusb/src/portable/raspberrypi/rp2040/rp2040_usb.c.obj
                0x0000000010004bec                hw_endpoint_reset_transfer
 .text._hw_endpoint_buffer_control_update32
                0x0000000010004c00       0x54 CMakeFiles/dma_capture.dir/Users/mike/Documents/Programming/Pico/pico-sdk/lib/tinyusb/src/portable/raspberrypi/rp2040/rp2040_usb.c.obj
                0x0000000010004c00                _hw_endpoint_buffer_control_update32
 .text._hw_endpoint_start_next_buffer
                0x0000000010004c54       0x5a CMakeFiles/dma_capture.dir/Users/mike/Documents/Programming/Pico/pico-sdk/lib/tinyusb/src/portable/raspberrypi/rp2040/rp2040_usb.c.obj
                0x0000000010004c54                _hw_endpoint_start_next_buffer
 .text._hw_endpoint_xfer_start
                0x0000000010004cae       0x46 CMakeFiles/dma_capture.dir/Users/mike/Documents/Programming/Pico/pico-sdk/lib/tinyusb/src/portable/raspberrypi/rp2040/rp2040_usb.c.obj
                0x0000000010004cae                _hw_endpoint_xfer_start
 .text._hw_endpoint_xfer_sync
                0x0000000010004cf4       0x74 CMakeFiles/dma_capture.dir/Users/mike/Documents/Programming/Pico/pico-sdk/lib/tinyusb/src/portable/raspberrypi/rp2040/rp2040_usb.c.obj
                0x0000000010004cf4                _hw_endpoint_xfer_sync
 .text._hw_endpoint_xfer_continue
                0x0000000010004d68       0x58 CMakeFiles/dma_capture.dir/Users/mike/Documents/Programming/Pico/pico-sdk/lib/tinyusb/src/portable/raspberrypi/rp2040/rp2040_usb.c.obj
                0x0000000010004d68                _hw_endpoint_xfer_continue
 .text._hw_endpoint_xfer
                0x0000000010004dc0       0x34 CMakeFiles/dma_capture.dir/Users/mike/Documents/Programming/Pico/pico-sdk/lib/tinyusb/src/portable/raspberrypi/rp2040/rp2040_usb.c.obj
                0x0000000010004dc0                _hw_endpoint_xfer
 .text.mark_interface_endpoint
                0x0000000010004df4       0x2a CMakeFiles/dma_capture.dir/Users/mike/Documents/Programming/Pico/pico-sdk/lib/tinyusb/src/device/usbd.c.obj
 *fill*         0x0000000010004e1e        0x2 
 .text.usbd_reset
                0x0000000010004e20       0x88 CMakeFiles/dma_capture.dir/Users/mike/Documents/Programming/Pico/pico-sdk/lib/tinyusb/src/device/usbd.c.obj
 .text.invoke_class_control
                0x0000000010004ea8       0x18 CMakeFiles/dma_capture.dir/Users/mike/Documents/Programming/Pico/pico-sdk/lib/tinyusb/src/device/usbd.c.obj
 .text.process_set_config
                0x0000000010004ec0      0x1cc CMakeFiles/dma_capture.dir/Users/mike/Documents/Programming/Pico/pico-sdk/lib/tinyusb/src/device/usbd.c.obj
 .text.process_get_descriptor
                0x000000001000508c       0xf4 CMakeFiles/dma_capture.dir/Users/mike/Documents/Programming/Pico/pico-sdk/lib/tinyusb/src/device/usbd.c.obj
 .text.tud_mounted
                0x0000000010005180       0x10 CMakeFiles/dma_capture.dir/Users/mike/Documents/Programming/Pico/pico-sdk/lib/tinyusb/src/device/usbd.c.obj
                0x0000000010005180                tud_mounted
 .text.tud_suspended
                0x0000000010005190       0x10 CMakeFiles/dma_capture.dir/Users/mike/Documents/Programming/Pico/pico-sdk/lib/tinyusb/src/device/usbd.c.obj
                0x0000000010005190                tud_suspended
 .text.tud_init
                0x00000000100051a0       0xb8 CMakeFiles/dma_capture.dir/Users/mike/Documents/Programming/Pico/pico-sdk/lib/tinyusb/src/device/usbd.c.obj
                0x00000000100051a0                tud_init
 .text.dcd_event_handler
                0x0000000010005258      0x1c4 CMakeFiles/dma_capture.dir/Users/mike/Documents/Programming/Pico/pico-sdk/lib/tinyusb/src/device/usbd.c.obj
                0x0000000010005258                dcd_event_handler
 .text.dcd_event_bus_signal
                0x000000001000541c       0x26 CMakeFiles/dma_capture.dir/Users/mike/Documents/Programming/Pico/pico-sdk/lib/tinyusb/src/device/usbd.c.obj
                0x000000001000541c                dcd_event_bus_signal
 .text.dcd_event_setup_received
                0x0000000010005442       0x34 CMakeFiles/dma_capture.dir/Users/mike/Documents/Programming/Pico/pico-sdk/lib/tinyusb/src/device/usbd.c.obj
                0x0000000010005442                dcd_event_setup_received
 .text.dcd_event_xfer_complete
                0x0000000010005476       0x44 CMakeFiles/dma_capture.dir/Users/mike/Documents/Programming/Pico/pico-sdk/lib/tinyusb/src/device/usbd.c.obj
                0x0000000010005476                dcd_event_xfer_complete
 .text.usbd_edpt_open
                0x00000000100054ba        0x8 CMakeFiles/dma_capture.dir/Users/mike/Documents/Programming/Pico/pico-sdk/lib/tinyusb/src/device/usbd.c.obj
                0x00000000100054ba                usbd_edpt_open
 *fill*         0x00000000100054c2        0x2 
 .text.usbd_open_edpt_pair
                0x00000000100054c4       0x8c CMakeFiles/dma_capture.dir/Users/mike/Documents/Programming/Pico/pico-sdk/lib/tinyusb/src/device/usbd.c.obj
                0x00000000100054c4                usbd_open_edpt_pair
 .text.usbd_edpt_claim
                0x0000000010005550       0x8c CMakeFiles/dma_capture.dir/Users/mike/Documents/Programming/Pico/pico-sdk/lib/tinyusb/src/device/usbd.c.obj
                0x0000000010005550                usbd_edpt_claim
 .text.usbd_edpt_release
                0x00000000100055dc       0x68 CMakeFiles/dma_capture.dir/Users/mike/Documents/Programming/Pico/pico-sdk/lib/tinyusb/src/device/usbd.c.obj
                0x00000000100055dc                usbd_edpt_release
 .text.usbd_edpt_xfer
                0x0000000010005644       0x80 CMakeFiles/dma_capture.dir/Users/mike/Documents/Programming/Pico/pico-sdk/lib/tinyusb/src/device/usbd.c.obj
                0x0000000010005644                usbd_edpt_xfer
 .text.usbd_edpt_stall
                0x00000000100056c4       0x2c CMakeFiles/dma_capture.dir/Users/mike/Documents/Programming/Pico/pico-sdk/lib/tinyusb/src/device/usbd.c.obj
                0x00000000100056c4                usbd_edpt_stall
 .text.usbd_edpt_clear_stall
                0x00000000100056f0       0x2c CMakeFiles/dma_capture.dir/Users/mike/Documents/Programming/Pico/pico-sdk/lib/tinyusb/src/device/usbd.c.obj
                0x00000000100056f0                usbd_edpt_clear_stall
 .text.usbd_edpt_stalled
                0x000000001000571c       0x1c CMakeFiles/dma_capture.dir/Users/mike/Documents/Programming/Pico/pico-sdk/lib/tinyusb/src/device/usbd.c.obj
                0x000000001000571c                usbd_edpt_stalled
 .text.process_control_request
                0x0000000010005738      0x37c CMakeFiles/dma_capture.dir/Users/mike/Documents/Programming/Pico/pico-sdk/lib/tinyusb/src/device/usbd.c.obj
 .text.tud_task
                0x0000000010005ab4      0x204 CMakeFiles/dma_capture.dir/Users/mike/Documents/Programming/Pico/pico-sdk/lib/tinyusb/src/device/usbd.c.obj
                0x0000000010005ab4                tud_task
 .text._data_stage_xact
                0x0000000010005cb8       0x58 CMakeFiles/dma_capture.dir/Users/mike/Documents/Programming/Pico/pico-sdk/lib/tinyusb/src/device/usbd_control.c.obj
 .text.tud_control_status
                0x0000000010005d10       0x38 CMakeFiles/dma_capture.dir/Users/mike/Documents/Programming/Pico/pico-sdk/lib/tinyusb/src/device/usbd_control.c.obj
                0x0000000010005d10                tud_control_status
 .text.tud_control_xfer
                0x0000000010005d48       0xa8 CMakeFiles/dma_capture.dir/Users/mike/Documents/Programming/Pico/pico-sdk/lib/tinyusb/src/device/usbd_control.c.obj
                0x0000000010005d48                tud_control_xfer
 .text.usbd_control_reset
                0x0000000010005df0       0x14 CMakeFiles/dma_capture.dir/Users/mike/Documents/Programming/Pico/pico-sdk/lib/tinyusb/src/device/usbd_control.c.obj
                0x0000000010005df0                usbd_control_reset
 .text.usbd_control_set_complete_callback
                0x0000000010005e04        0xc CMakeFiles/dma_capture.dir/Users/mike/Documents/Programming/Pico/pico-sdk/lib/tinyusb/src/device/usbd_control.c.obj
                0x0000000010005e04                usbd_control_set_complete_callback
 .text.usbd_control_set_request
                0x0000000010005e10       0x1c CMakeFiles/dma_capture.dir/Users/mike/Documents/Programming/Pico/pico-sdk/lib/tinyusb/src/device/usbd_control.c.obj
                0x0000000010005e10                usbd_control_set_request
 .text.usbd_control_xfer_cb
                0x0000000010005e2c       0xe8 CMakeFiles/dma_capture.dir/Users/mike/Documents/Programming/Pico/pico-sdk/lib/tinyusb/src/device/usbd_control.c.obj
                0x0000000010005e2c                usbd_control_xfer_cb
 .text._prep_out_transaction
                0x0000000010005f14       0x46 CMakeFiles/dma_capture.dir/Users/mike/Documents/Programming/Pico/pico-sdk/lib/tinyusb/src/class/cdc/cdc_device.c.obj
 *fill*         0x0000000010005f5a        0x2 
 .text.tud_cdc_n_connected
                0x0000000010005f5c       0x48 CMakeFiles/dma_capture.dir/Users/mike/Documents/Programming/Pico/pico-sdk/lib/tinyusb/src/class/cdc/cdc_device.c.obj
                0x0000000010005f5c                tud_cdc_n_connected
 .text.tud_cdc_n_available
                0x0000000010005fa4       0x20 CMakeFiles/dma_capture.dir/Users/mike/Documents/Programming/Pico/pico-sdk/lib/tinyusb/src/class/cdc/cdc_device.c.obj
                0x0000000010005fa4                tud_cdc_n_available
 .text.tud_cdc_n_read
                0x0000000010005fc4       0x30 CMakeFiles/dma_capture.dir/Users/mike/Documents/Programming/Pico/pico-sdk/lib/tinyusb/src/class/cdc/cdc_device.c.obj
                0x0000000010005fc4                tud_cdc_n_read
 .text.tud_cdc_n_write_flush
                0x0000000010005ff4       0xc4 CMakeFiles/dma_capture.dir/Users/mike/Documents/Programming/Pico/pico-sdk/lib/tinyusb/src/class/cdc/cdc_device.c.obj
                0x0000000010005ff4                tud_cdc_n_write_flush
 .text.tud_cdc_n_write
                0x00000000100060b8       0x38 CMakeFiles/dma_capture.dir/Users/mike/Documents/Programming/Pico/pico-sdk/lib/tinyusb/src/class/cdc/cdc_device.c.obj
                0x00000000100060b8                tud_cdc_n_write
 .text.tud_cdc_n_write_available
                0x00000000100060f0       0x20 CMakeFiles/dma_capture.dir/Users/mike/Documents/Programming/Pico/pico-sdk/lib/tinyusb/src/class/cdc/cdc_device.c.obj
                0x00000000100060f0                tud_cdc_n_write_available
 .text.cdcd_init
                0x0000000010006110       0xe0 CMakeFiles/dma_capture.dir/Users/mike/Documents/Programming/Pico/pico-sdk/lib/tinyusb/src/class/cdc/cdc_device.c.obj
                0x0000000010006110                cdcd_init
 .text.cdcd_reset
                0x00000000100061f0       0x44 CMakeFiles/dma_capture.dir/Users/mike/Documents/Programming/Pico/pico-sdk/lib/tinyusb/src/class/cdc/cdc_device.c.obj
                0x00000000100061f0                cdcd_reset
 .text.cdcd_open
                0x0000000010006234      0x118 CMakeFiles/dma_capture.dir/Users/mike/Documents/Programming/Pico/pico-sdk/lib/tinyusb/src/class/cdc/cdc_device.c.obj
                0x0000000010006234                cdcd_open
 .text.cdcd_control_complete
                0x000000001000634c       0x60 CMakeFiles/dma_capture.dir/Users/mike/Documents/Programming/Pico/pico-sdk/lib/tinyusb/src/class/cdc/cdc_device.c.obj
                0x000000001000634c                cdcd_control_complete
 .text.cdcd_control_request
                0x00000000100063ac       0x9c CMakeFiles/dma_capture.dir/Users/mike/Documents/Programming/Pico/pico-sdk/lib/tinyusb/src/class/cdc/cdc_device.c.obj
                0x00000000100063ac                cdcd_control_request
 .text.cdcd_xfer_cb
                0x0000000010006448      0x130 CMakeFiles/dma_capture.dir/Users/mike/Documents/Programming/Pico/pico-sdk/lib/tinyusb/src/class/cdc/cdc_device.c.obj
                0x0000000010006448                cdcd_xfer_cb
 .text.tusb_init
                0x0000000010006578       0x38 CMakeFiles/dma_capture.dir/Users/mike/Documents/Programming/Pico/pico-sdk/lib/tinyusb/src/tusb.c.obj
                0x0000000010006578                tusb_init
 .text.tusb_inited
                0x00000000100065b0        0xc CMakeFiles/dma_capture.dir/Users/mike/Documents/Programming/Pico/pico-sdk/lib/tinyusb/src/tusb.c.obj
                0x00000000100065b0                tusb_inited
 .text.advance_pointer
                0x00000000100065bc       0x1e CMakeFiles/dma_capture.dir/Users/mike/Documents/Programming/Pico/pico-sdk/lib/tinyusb/src/common/tusb_fifo.c.obj
 .text.backward_pointer
                0x00000000100065da       0x1a CMakeFiles/dma_capture.dir/Users/mike/Documents/Programming/Pico/pico-sdk/lib/tinyusb/src/common/tusb_fifo.c.obj
 .text.get_relative_pointer
                0x00000000100065f4       0x16 CMakeFiles/dma_capture.dir/Users/mike/Documents/Programming/Pico/pico-sdk/lib/tinyusb/src/common/tusb_fifo.c.obj
 .text.tu_fifo_lock
                0x000000001000660a       0x12 CMakeFiles/dma_capture.dir/Users/mike/Documents/Programming/Pico/pico-sdk/lib/tinyusb/src/common/tusb_fifo.c.obj
 .text.tu_fifo_unlock
                0x000000001000661c        0xe CMakeFiles/dma_capture.dir/Users/mike/Documents/Programming/Pico/pico-sdk/lib/tinyusb/src/common/tusb_fifo.c.obj
 .text._tu_fifo_peek_at
                0x000000001000662a       0x66 CMakeFiles/dma_capture.dir/Users/mike/Documents/Programming/Pico/pico-sdk/lib/tinyusb/src/common/tusb_fifo.c.obj
 .text._ff_pull_n
                0x0000000010006690       0x4a CMakeFiles/dma_capture.dir/Users/mike/Documents/Programming/Pico/pico-sdk/lib/tinyusb/src/common/tusb_fifo.c.obj
 .text._tu_fifo_peek_at_n
                0x00000000100066da       0x72 CMakeFiles/dma_capture.dir/Users/mike/Documents/Programming/Pico/pico-sdk/lib/tinyusb/src/common/tusb_fifo.c.obj
 .text._ff_push_n
                0x000000001000674c       0x4a CMakeFiles/dma_capture.dir/Users/mike/Documents/Programming/Pico/pico-sdk/lib/tinyusb/src/common/tusb_fifo.c.obj
 .text.tu_fifo_config
                0x0000000010006796       0x48 CMakeFiles/dma_capture.dir/Users/mike/Documents/Programming/Pico/pico-sdk/lib/tinyusb/src/common/tusb_fifo.c.obj
                0x0000000010006796                tu_fifo_config
 .text.tu_fifo_count
                0x00000000100067de       0x1c CMakeFiles/dma_capture.dir/Users/mike/Documents/Programming/Pico/pico-sdk/lib/tinyusb/src/common/tusb_fifo.c.obj
                0x00000000100067de                tu_fifo_count
 .text.tu_fifo_remaining
                0x00000000100067fa       0x20 CMakeFiles/dma_capture.dir/Users/mike/Documents/Programming/Pico/pico-sdk/lib/tinyusb/src/common/tusb_fifo.c.obj
                0x00000000100067fa                tu_fifo_remaining
 .text.tu_fifo_read
                0x000000001000681a       0x3a CMakeFiles/dma_capture.dir/Users/mike/Documents/Programming/Pico/pico-sdk/lib/tinyusb/src/common/tusb_fifo.c.obj
                0x000000001000681a                tu_fifo_read
 .text.tu_fifo_read_n
                0x0000000010006854       0x3e CMakeFiles/dma_capture.dir/Users/mike/Documents/Programming/Pico/pico-sdk/lib/tinyusb/src/common/tusb_fifo.c.obj
                0x0000000010006854                tu_fifo_read_n
 .text.tu_fifo_write
                0x0000000010006892       0x5c CMakeFiles/dma_capture.dir/Users/mike/Documents/Programming/Pico/pico-sdk/lib/tinyusb/src/common/tusb_fifo.c.obj
                0x0000000010006892                tu_fifo_write
 .text.tu_fifo_write_n
                0x00000000100068ee       0x7c CMakeFiles/dma_capture.dir/Users/mike/Documents/Programming/Pico/pico-sdk/lib/tinyusb/src/common/tusb_fifo.c.obj
                0x00000000100068ee                tu_fifo_write_n
 .text.tu_fifo_clear
                0x000000001000696a       0x18 CMakeFiles/dma_capture.dir/Users/mike/Documents/Programming/Pico/pico-sdk/lib/tinyusb/src/common/tusb_fifo.c.obj
                0x000000001000696a                tu_fifo_clear
 *fill*         0x0000000010006982        0x2 
 .text.adc_init
                0x0000000010006984       0x34 CMakeFiles/dma_capture.dir/Users/mike/Documents/Programming/Pico/pico-sdk/src/rp2_common/hardware_adc/adc.c.obj
                0x0000000010006984                adc_init
 .text.dma_claim_unused_channel
                0x00000000100069b8       0x20 CMakeFiles/dma_capture.dir/Users/mike/Documents/Programming/Pico/pico-sdk/src/rp2_common/hardware_dma/dma.c.obj
                0x00000000100069b8                dma_claim_unused_channel
 .text.calloc   0x00000000100069d8       0x18 /usr/local/Cellar/arm-none-eabi-gcc/9-2019-q4-major/gcc/bin/../lib/gcc/arm-none-eabi/9.2.1/../../../../arm-none-eabi/lib/thumb/v6-m/nofp/libg.a(lib_a-calloc.o)
                0x00000000100069d8                calloc
 .text._calloc_r
                0x00000000100069f0       0x5c /usr/local/Cellar/arm-none-eabi-gcc/9-2019-q4-major/gcc/bin/../lib/gcc/arm-none-eabi/9.2.1/../../../../arm-none-eabi/lib/thumb/v6-m/nofp/libg.a(lib_a-callocr.o)
                0x00000000100069f0                _calloc_r
 .text.getchar  0x0000000010006a4c       0x14 /usr/local/Cellar/arm-none-eabi-gcc/9-2019-q4-major/gcc/bin/../lib/gcc/arm-none-eabi/9.2.1/../../../../arm-none-eabi/lib/thumb/v6-m/nofp/libg.a(lib_a-getchar.o)
                0x0000000010006a4c                getchar
 .text.malloc   0x0000000010006a60       0x14 /usr/local/Cellar/arm-none-eabi-gcc/9-2019-q4-major/gcc/bin/../lib/gcc/arm-none-eabi/9.2.1/../../../../arm-none-eabi/lib/thumb/v6-m/nofp/libg.a(lib_a-malloc.o)
                0x0000000010006a60                malloc
 .text._malloc_r
                0x0000000010006a74      0x580 /usr/local/Cellar/arm-none-eabi-gcc/9-2019-q4-major/gcc/bin/../lib/gcc/arm-none-eabi/9.2.1/../../../../arm-none-eabi/lib/thumb/v6-m/nofp/libg.a(lib_a-mallocr.o)
                0x0000000010006a74                _malloc_r
 .text.__malloc_lock
                0x0000000010006ff4       0x10 /usr/local/Cellar/arm-none-eabi-gcc/9-2019-q4-major/gcc/bin/../lib/gcc/arm-none-eabi/9.2.1/../../../../arm-none-eabi/lib/thumb/v6-m/nofp/libg.a(lib_a-mlock.o)
                0x0000000010006ff4                __malloc_lock
 .text.__malloc_unlock
                0x0000000010007004       0x10 /usr/local/Cellar/arm-none-eabi-gcc/9-2019-q4-major/gcc/bin/../lib/gcc/arm-none-eabi/9.2.1/../../../../arm-none-eabi/lib/thumb/v6-m/nofp/libg.a(lib_a-mlock.o)
                0x0000000010007004                __malloc_unlock
 .text._sbrk_r  0x0000000010007014       0x24 /usr/local/Cellar/arm-none-eabi-gcc/9-2019-q4-major/gcc/bin/../lib/gcc/arm-none-eabi/9.2.1/../../../../arm-none-eabi/lib/thumb/v6-m/nofp/libg.a(lib_a-sbrkr.o)
                0x0000000010007014                _sbrk_r
 .text.strlen   0x0000000010007038       0x5c /usr/local/Cellar/arm-none-eabi-gcc/9-2019-q4-major/gcc/bin/../lib/gcc/arm-none-eabi/9.2.1/../../../../arm-none-eabi/lib/thumb/v6-m/nofp/libg.a(lib_a-strlen-stub.o)
                0x0000000010007038                strlen
 .text._malloc_trim_r
                0x0000000010007094       0x9c /usr/local/Cellar/arm-none-eabi-gcc/9-2019-q4-major/gcc/bin/../lib/gcc/arm-none-eabi/9.2.1/../../../../arm-none-eabi/lib/thumb/v6-m/nofp/libg.a(lib_a-freer.o)
                0x0000000010007094                _malloc_trim_r
 .text._free_r  0x0000000010007130      0x1c4 /usr/local/Cellar/arm-none-eabi-gcc/9-2019-q4-major/gcc/bin/../lib/gcc/arm-none-eabi/9.2.1/../../../../arm-none-eabi/lib/thumb/v6-m/nofp/libg.a(lib_a-freer.o)
                0x0000000010007130                _free_r
 .text._getc_r  0x00000000100072f4       0x60 /usr/local/Cellar/arm-none-eabi-gcc/9-2019-q4-major/gcc/bin/../lib/gcc/arm-none-eabi/9.2.1/../../../../arm-none-eabi/lib/thumb/v6-m/nofp/libg.a(lib_a-getc.o)
                0x00000000100072f4                _getc_r
 .text.__retarget_lock_init_recursive
                0x0000000010007354        0x4 /usr/local/Cellar/arm-none-eabi-gcc/9-2019-q4-major/gcc/bin/../lib/gcc/arm-none-eabi/9.2.1/../../../../arm-none-eabi/lib/thumb/v6-m/nofp/libg.a(lib_a-lock.o)
                0x0000000010007354                __retarget_lock_init_recursive
 .text.__retarget_lock_close_recursive
                0x0000000010007358        0x4 /usr/local/Cellar/arm-none-eabi-gcc/9-2019-q4-major/gcc/bin/../lib/gcc/arm-none-eabi/9.2.1/../../../../arm-none-eabi/lib/thumb/v6-m/nofp/libg.a(lib_a-lock.o)
                0x0000000010007358                __retarget_lock_close_recursive
 .text.__retarget_lock_acquire_recursive
                0x000000001000735c        0x4 /usr/local/Cellar/arm-none-eabi-gcc/9-2019-q4-major/gcc/bin/../lib/gcc/arm-none-eabi/9.2.1/../../../../arm-none-eabi/lib/thumb/v6-m/nofp/libg.a(lib_a-lock.o)
                0x000000001000735c                __retarget_lock_acquire_recursive
 .text.__retarget_lock_release_recursive
                0x0000000010007360        0x4 /usr/local/Cellar/arm-none-eabi-gcc/9-2019-q4-major/gcc/bin/../lib/gcc/arm-none-eabi/9.2.1/../../../../arm-none-eabi/lib/thumb/v6-m/nofp/libg.a(lib_a-lock.o)
                0x0000000010007360                __retarget_lock_release_recursive
 .text.__srget_r
                0x0000000010007364       0x38 /usr/local/Cellar/arm-none-eabi-gcc/9-2019-q4-major/gcc/bin/../lib/gcc/arm-none-eabi/9.2.1/../../../../arm-none-eabi/lib/thumb/v6-m/nofp/libg.a(lib_a-rget.o)
                0x0000000010007364                __srget_r
 .text.std      0x000000001000739c       0x50 /usr/local/Cellar/arm-none-eabi-gcc/9-2019-q4-major/gcc/bin/../lib/gcc/arm-none-eabi/9.2.1/../../../../arm-none-eabi/lib/thumb/v6-m/nofp/libg.a(lib_a-findfp.o)
 .text._cleanup_r
                0x00000000100073ec       0x10 /usr/local/Cellar/arm-none-eabi-gcc/9-2019-q4-major/gcc/bin/../lib/gcc/arm-none-eabi/9.2.1/../../../../arm-none-eabi/lib/thumb/v6-m/nofp/libg.a(lib_a-findfp.o)
                0x00000000100073ec                _cleanup_r
 .text.__sinit  0x00000000100073fc       0x60 /usr/local/Cellar/arm-none-eabi-gcc/9-2019-q4-major/gcc/bin/../lib/gcc/arm-none-eabi/9.2.1/../../../../arm-none-eabi/lib/thumb/v6-m/nofp/libg.a(lib_a-findfp.o)
                0x00000000100073fc                __sinit
 .text.__sfp_lock_acquire
                0x000000001000745c       0x10 /usr/local/Cellar/arm-none-eabi-gcc/9-2019-q4-major/gcc/bin/../lib/gcc/arm-none-eabi/9.2.1/../../../../arm-none-eabi/lib/thumb/v6-m/nofp/libg.a(lib_a-findfp.o)
                0x000000001000745c                __sfp_lock_acquire
 .text.__sfp_lock_release
                0x000000001000746c       0x10 /usr/local/Cellar/arm-none-eabi-gcc/9-2019-q4-major/gcc/bin/../lib/gcc/arm-none-eabi/9.2.1/../../../../arm-none-eabi/lib/thumb/v6-m/nofp/libg.a(lib_a-findfp.o)
                0x000000001000746c                __sfp_lock_release
 .text._fwalk   0x000000001000747c       0x40 /usr/local/Cellar/arm-none-eabi-gcc/9-2019-q4-major/gcc/bin/../lib/gcc/arm-none-eabi/9.2.1/../../../../arm-none-eabi/lib/thumb/v6-m/nofp/libg.a(lib_a-fwalk.o)
                0x000000001000747c                _fwalk
 .text._fwalk_reent
                0x00000000100074bc       0x48 /usr/local/Cellar/arm-none-eabi-gcc/9-2019-q4-major/gcc/bin/../lib/gcc/arm-none-eabi/9.2.1/../../../../arm-none-eabi/lib/thumb/v6-m/nofp/libg.a(lib_a-fwalk.o)
                0x00000000100074bc                _fwalk_reent
 .text.lflush   0x0000000010007504       0x1c /usr/local/Cellar/arm-none-eabi-gcc/9-2019-q4-major/gcc/bin/../lib/gcc/arm-none-eabi/9.2.1/../../../../arm-none-eabi/lib/thumb/v6-m/nofp/libg.a(lib_a-refill.o)
 .text.__srefill_r
                0x0000000010007520      0x124 /usr/local/Cellar/arm-none-eabi-gcc/9-2019-q4-major/gcc/bin/../lib/gcc/arm-none-eabi/9.2.1/../../../../arm-none-eabi/lib/thumb/v6-m/nofp/libg.a(lib_a-refill.o)
                0x0000000010007520                __srefill_r
 .text.__sread  0x0000000010007644       0x28 /usr/local/Cellar/arm-none-eabi-gcc/9-2019-q4-major/gcc/bin/../lib/gcc/arm-none-eabi/9.2.1/../../../../arm-none-eabi/lib/thumb/v6-m/nofp/libg.a(lib_a-stdio.o)
                0x0000000010007644                __sread
 .text.__swrite
                0x000000001000766c       0x40 /usr/local/Cellar/arm-none-eabi-gcc/9-2019-q4-major/gcc/bin/../lib/gcc/arm-none-eabi/9.2.1/../../../../arm-none-eabi/lib/thumb/v6-m/nofp/libg.a(lib_a-stdio.o)
                0x000000001000766c                __swrite
 .text.__sseek  0x00000000100076ac       0x2c /usr/local/Cellar/arm-none-eabi-gcc/9-2019-q4-major/gcc/bin/../lib/gcc/arm-none-eabi/9.2.1/../../../../arm-none-eabi/lib/thumb/v6-m/nofp/libg.a(lib_a-stdio.o)
                0x00000000100076ac                __sseek
 .text.__sclose
                0x00000000100076d8        0xc /usr/local/Cellar/arm-none-eabi-gcc/9-2019-q4-major/gcc/bin/../lib/gcc/arm-none-eabi/9.2.1/../../../../arm-none-eabi/lib/thumb/v6-m/nofp/libg.a(lib_a-stdio.o)
                0x00000000100076d8                __sclose
 .text._write_r
                0x00000000100076e4       0x28 /usr/local/Cellar/arm-none-eabi-gcc/9-2019-q4-major/gcc/bin/../lib/gcc/arm-none-eabi/9.2.1/../../../../arm-none-eabi/lib/thumb/v6-m/nofp/libg.a(lib_a-writer.o)
                0x00000000100076e4                _write_r
 .text._close_r
                0x000000001000770c       0x24 /usr/local/Cellar/arm-none-eabi-gcc/9-2019-q4-major/gcc/bin/../lib/gcc/arm-none-eabi/9.2.1/../../../../arm-none-eabi/lib/thumb/v6-m/nofp/libg.a(lib_a-closer.o)
                0x000000001000770c                _close_r
 .text._fclose_r
                0x0000000010007730       0xdc /usr/local/Cellar/arm-none-eabi-gcc/9-2019-q4-major/gcc/bin/../lib/gcc/arm-none-eabi/9.2.1/../../../../arm-none-eabi/lib/thumb/v6-m/nofp/libg.a(lib_a-fclose.o)
                0x0000000010007730                _fclose_r
 .text.__sflush_r
                0x000000001000780c      0x140 /usr/local/Cellar/arm-none-eabi-gcc/9-2019-q4-major/gcc/bin/../lib/gcc/arm-none-eabi/9.2.1/../../../../arm-none-eabi/lib/thumb/v6-m/nofp/libg.a(lib_a-fflush.o)
                0x000000001000780c                __sflush_r
 .text._fflush_r
                0x000000001000794c       0x6c /usr/local/Cellar/arm-none-eabi-gcc/9-2019-q4-major/gcc/bin/../lib/gcc/arm-none-eabi/9.2.1/../../../../arm-none-eabi/lib/thumb/v6-m/nofp/libg.a(lib_a-fflush.o)
                0x000000001000794c                _fflush_r
 .text.fflush   0x00000000100079b8       0x2c /usr/local/Cellar/arm-none-eabi-gcc/9-2019-q4-major/gcc/bin/../lib/gcc/arm-none-eabi/9.2.1/../../../../arm-none-eabi/lib/thumb/v6-m/nofp/libg.a(lib_a-fflush.o)
                0x00000000100079b8                fflush
 .text._lseek_r
                0x00000000100079e4       0x28 /usr/local/Cellar/arm-none-eabi-gcc/9-2019-q4-major/gcc/bin/../lib/gcc/arm-none-eabi/9.2.1/../../../../arm-none-eabi/lib/thumb/v6-m/nofp/libg.a(lib_a-lseekr.o)
                0x00000000100079e4                _lseek_r
 .text.__swhatbuf_r
                0x0000000010007a0c       0x60 /usr/local/Cellar/arm-none-eabi-gcc/9-2019-q4-major/gcc/bin/../lib/gcc/arm-none-eabi/9.2.1/../../../../arm-none-eabi/lib/thumb/v6-m/nofp/libg.a(lib_a-makebuf.o)
                0x0000000010007a0c                __swhatbuf_r
 .text.__smakebuf_r
                0x0000000010007a6c       0x90 /usr/local/Cellar/arm-none-eabi-gcc/9-2019-q4-major/gcc/bin/../lib/gcc/arm-none-eabi/9.2.1/../../../../arm-none-eabi/lib/thumb/v6-m/nofp/libg.a(lib_a-makebuf.o)
                0x0000000010007a6c                __smakebuf_r
 .text._read_r  0x0000000010007afc       0x28 /usr/local/Cellar/arm-none-eabi-gcc/9-2019-q4-major/gcc/bin/../lib/gcc/arm-none-eabi/9.2.1/../../../../arm-none-eabi/lib/thumb/v6-m/nofp/libg.a(lib_a-readr.o)
                0x0000000010007afc                _read_r
 .text._fstat_r
                0x0000000010007b24       0x28 /usr/local/Cellar/arm-none-eabi-gcc/9-2019-q4-major/gcc/bin/../lib/gcc/arm-none-eabi/9.2.1/../../../../arm-none-eabi/lib/thumb/v6-m/nofp/libg.a(lib_a-fstatr.o)
                0x0000000010007b24                _fstat_r
 .text._isatty_r
                0x0000000010007b4c       0x24 /usr/local/Cellar/arm-none-eabi-gcc/9-2019-q4-major/gcc/bin/../lib/gcc/arm-none-eabi/9.2.1/../../../../arm-none-eabi/lib/thumb/v6-m/nofp/libg.a(lib_a-isattyr.o)
                0x0000000010007b4c                _isatty_r
 .text._close   0x0000000010007b70       0x10 /usr/local/Cellar/arm-none-eabi-gcc/9-2019-q4-major/gcc/bin/../lib/gcc/arm-none-eabi/9.2.1/../../../../arm-none-eabi/lib/thumb/v6-m/nofp/libnosys.a(close.o)
                0x0000000010007b70                _close
 .text._fstat   0x0000000010007b80       0x10 /usr/local/Cellar/arm-none-eabi-gcc/9-2019-q4-major/gcc/bin/../lib/gcc/arm-none-eabi/9.2.1/../../../../arm-none-eabi/lib/thumb/v6-m/nofp/libnosys.a(fstat.o)
                0x0000000010007b80                _fstat
 .text._isatty  0x0000000010007b90       0x10 /usr/local/Cellar/arm-none-eabi-gcc/9-2019-q4-major/gcc/bin/../lib/gcc/arm-none-eabi/9.2.1/../../../../arm-none-eabi/lib/thumb/v6-m/nofp/libnosys.a(isatty.o)
                0x0000000010007b90                _isatty
 .text._lseek   0x0000000010007ba0       0x10 /usr/local/Cellar/arm-none-eabi-gcc/9-2019-q4-major/gcc/bin/../lib/gcc/arm-none-eabi/9.2.1/../../../../arm-none-eabi/lib/thumb/v6-m/nofp/libnosys.a(lseek.o)
                0x0000000010007ba0                _lseek
 *(.fini)
 .fini          0x0000000010007bb0        0x4 /usr/local/Cellar/arm-none-eabi-gcc/9-2019-q4-major/gcc/bin/../lib/gcc/arm-none-eabi/9.2.1/thumb/v6-m/nofp/crti.o
                0x0000000010007bb0                _fini
 *fill*         0x0000000010007bb4        0x4 
 .fini.__stub   0x0000000010007bb8       0x60 linker stubs
 *crtbegin.o(.ctors)
 *crtbegin?.o(.ctors)
 *(EXCLUDE_FILE(*crtend.o *crtend?.o) .ctors)
 *(SORT_BY_NAME(.ctors.*))
 *(.ctors)
 *crtbegin.o(.dtors)
 *crtbegin?.o(.dtors)
 *(EXCLUDE_FILE(*crtend.o *crtend?.o) .dtors)
 *(SORT_BY_NAME(.dtors.*))
 *(.dtors)
 *(.eh_frame*)
 .eh_frame      0x0000000010007c18        0x0 /usr/local/Cellar/arm-none-eabi-gcc/9-2019-q4-major/gcc/bin/../lib/gcc/arm-none-eabi/9.2.1/thumb/v6-m/nofp/crtbegin.o
                0x0000000010007c18                . = ALIGN (0x4)

.glue_7         0x0000000010007c18        0x0
 .glue_7        0x0000000010007c18        0x0 linker stubs

.glue_7t        0x0000000010007c18        0x0
 .glue_7t       0x0000000010007c18        0x0 linker stubs

.vfp11_veneer   0x0000000010007c18        0x0
 .vfp11_veneer  0x0000000010007c18        0x0 linker stubs

.v4_bx          0x0000000010007c18        0x0
 .v4_bx         0x0000000010007c18        0x0 linker stubs

.iplt           0x0000000010007c18        0x0
 .iplt          0x0000000010007c18        0x0 /usr/local/Cellar/arm-none-eabi-gcc/9-2019-q4-major/gcc/bin/../lib/gcc/arm-none-eabi/9.2.1/thumb/v6-m/nofp/crtbegin.o

.rodata         0x0000000010007c18     0x1558
 *(EXCLUDE_FILE(*libm.a: *libc.a:*lib_a-mem*.o *libgcc.a:) .rodata*)
 .rodata.main.str1.4
                0x0000000010007c18       0x8a CMakeFiles/dma_capture.dir/dma_capture.c.obj
                                         0x8e (size before relaxing)
 *fill*         0x0000000010007ca2        0x2 
 .rodata.__func__.5984
                0x0000000010007ca4       0x1c CMakeFiles/dma_capture.dir/dma_capture.c.obj
 .rodata.spin_lock_claim_unused.str1.4
                0x0000000010007cc0       0x1b CMakeFiles/dma_capture.dir/Users/mike/Documents/Programming/Pico/pico-sdk/src/rp2_common/hardware_sync/sync.c.obj
 *fill*         0x0000000010007cdb        0x1 
 .rodata.alarm_pool_dump_key.str1.4
                0x0000000010007cdc       0x7f CMakeFiles/dma_capture.dir/Users/mike/Documents/Programming/Pico/pico-sdk/src/common/pico_time/time.c.obj
 *fill*         0x0000000010007d5b        0x1 
 .rodata.ph_add_child_node.str1.4
                0x0000000010007d5c       0xaa CMakeFiles/dma_capture.dir/Users/mike/Documents/Programming/Pico/pico-sdk/src/common/pico_time/time.c.obj
 *fill*         0x0000000010007e06        0x2 
 .rodata.add_alarm_under_lock.str1.4
                0x0000000010007e08       0x27 CMakeFiles/dma_capture.dir/Users/mike/Documents/Programming/Pico/pico-sdk/src/common/pico_time/time.c.obj
 *fill*         0x0000000010007e2f        0x1 
 .rodata.alarm_pool_alarm_callback.str1.4
                0x0000000010007e30       0x7d CMakeFiles/dma_capture.dir/Users/mike/Documents/Programming/Pico/pico-sdk/src/common/pico_time/time.c.obj
 *fill*         0x0000000010007ead        0x3 
 .rodata.alarm_pool_get_default.str1.4
                0x0000000010007eb0       0x13 CMakeFiles/dma_capture.dir/Users/mike/Documents/Programming/Pico/pico-sdk/src/common/pico_time/time.c.obj
 *fill*         0x0000000010007ec3        0x1 
 .rodata.alarm_pool_cancel_alarm.str1.4
                0x0000000010007ec4       0x27 CMakeFiles/dma_capture.dir/Users/mike/Documents/Programming/Pico/pico-sdk/src/common/pico_time/time.c.obj
 *fill*         0x0000000010007eeb        0x1 
 .rodata.__func__.5924
                0x0000000010007eec        0xc CMakeFiles/dma_capture.dir/Users/mike/Documents/Programming/Pico/pico-sdk/src/common/pico_time/time.c.obj
 .rodata.__func__.5931
                0x0000000010007ef8       0x12 CMakeFiles/dma_capture.dir/Users/mike/Documents/Programming/Pico/pico-sdk/src/common/pico_time/time.c.obj
 *fill*         0x0000000010007f0a        0x2 
 .rodata.__func__.5946
                0x0000000010007f0c        0xa CMakeFiles/dma_capture.dir/Users/mike/Documents/Programming/Pico/pico-sdk/src/common/pico_time/time.c.obj
 *fill*         0x0000000010007f16        0x2 
 .rodata.__func__.5968
                0x0000000010007f18       0x14 CMakeFiles/dma_capture.dir/Users/mike/Documents/Programming/Pico/pico-sdk/src/common/pico_time/time.c.obj
 .rodata.__func__.6238
                0x0000000010007f2c       0x17 CMakeFiles/dma_capture.dir/Users/mike/Documents/Programming/Pico/pico-sdk/src/common/pico_time/time.c.obj
 *fill*         0x0000000010007f43        0x1 
 .rodata.__func__.6243
                0x0000000010007f44        0xa CMakeFiles/dma_capture.dir/Users/mike/Documents/Programming/Pico/pico-sdk/src/common/pico_time/time.c.obj
 *fill*         0x0000000010007f4e        0x2 
 .rodata.__func__.6248
                0x0000000010007f50       0x12 CMakeFiles/dma_capture.dir/Users/mike/Documents/Programming/Pico/pico-sdk/src/common/pico_time/time.c.obj
 *fill*         0x0000000010007f62        0x2 
 .rodata.__func__.6269
                0x0000000010007f64       0x15 CMakeFiles/dma_capture.dir/Users/mike/Documents/Programming/Pico/pico-sdk/src/common/pico_time/time.c.obj
 *fill*         0x0000000010007f79        0x3 
 .rodata.__func__.6286
                0x0000000010007f7c       0x1a CMakeFiles/dma_capture.dir/Users/mike/Documents/Programming/Pico/pico-sdk/src/common/pico_time/time.c.obj
 *fill*         0x0000000010007f96        0x2 
 .rodata.__func__.6321
                0x0000000010007f98       0x18 CMakeFiles/dma_capture.dir/Users/mike/Documents/Programming/Pico/pico-sdk/src/common/pico_time/time.c.obj
 .rodata.at_the_end_of_time
                0x0000000010007fb0        0x8 CMakeFiles/dma_capture.dir/Users/mike/Documents/Programming/Pico/pico-sdk/src/common/pico_time/time.c.obj
                0x0000000010007fb0                at_the_end_of_time
 .rodata.hardware_alarm_claim.str1.4
                0x0000000010007fb8       0x22 CMakeFiles/dma_capture.dir/Users/mike/Documents/Programming/Pico/pico-sdk/src/rp2_common/hardware_timer/timer.c.obj
 *fill*         0x0000000010007fda        0x2 
 .rodata.hardware_alarm_set_target.str1.4
                0x0000000010007fdc       0x7a CMakeFiles/dma_capture.dir/Users/mike/Documents/Programming/Pico/pico-sdk/src/rp2_common/hardware_timer/timer.c.obj
 *fill*         0x0000000010008056        0x2 
 .rodata.__func__.4504
                0x0000000010008058       0x1a CMakeFiles/dma_capture.dir/Users/mike/Documents/Programming/Pico/pico-sdk/src/rp2_common/hardware_timer/timer.c.obj
 *fill*         0x0000000010008072        0x2 
 .rodata.lock_init.str1.4
                0x0000000010008074       0x7d CMakeFiles/dma_capture.dir/Users/mike/Documents/Programming/Pico/pico-sdk/src/common/pico_sync/lock_core.c.obj
 *fill*         0x00000000100080f1        0x3 
 .rodata.__func__.4346
                0x00000000100080f4        0xa CMakeFiles/dma_capture.dir/Users/mike/Documents/Programming/Pico/pico-sdk/src/common/pico_sync/lock_core.c.obj
 *fill*         0x00000000100080fe        0x2 
 .rodata.str1.4
                0x0000000010008100       0x74 CMakeFiles/dma_capture.dir/Users/mike/Documents/Programming/Pico/pico-sdk/src/common/pico_sync/mutex.c.obj
 .rodata.__func__.4561
                0x0000000010008174       0x15 CMakeFiles/dma_capture.dir/Users/mike/Documents/Programming/Pico/pico-sdk/src/common/pico_sync/mutex.c.obj
 *fill*         0x0000000010008189        0x3 
 .rodata.__func__.4580
                0x000000001000818c       0x18 CMakeFiles/dma_capture.dir/Users/mike/Documents/Programming/Pico/pico-sdk/src/common/pico_sync/mutex.c.obj
 .rodata.__func__.4589
                0x00000000100081a4        0xb CMakeFiles/dma_capture.dir/Users/mike/Documents/Programming/Pico/pico-sdk/src/common/pico_sync/mutex.c.obj
 .rodata.ph_add_child_node.str1.4
                0x00000000100081af       0xaa CMakeFiles/dma_capture.dir/Users/mike/Documents/Programming/Pico/pico-sdk/src/common/pico_util/pheap.c.obj
 *fill*         0x00000000100081af        0x1 
 .rodata.ph_remove_any_head.str1.4
                0x00000000100081b0       0xa4 CMakeFiles/dma_capture.dir/Users/mike/Documents/Programming/Pico/pico-sdk/src/common/pico_util/pheap.c.obj
 .rodata.ph_delete.str1.4
                0x0000000010008254       0x26 CMakeFiles/dma_capture.dir/Users/mike/Documents/Programming/Pico/pico-sdk/src/common/pico_util/pheap.c.obj
 *fill*         0x000000001000827a        0x2 
 .rodata.__func__.5705
                0x000000001000827c        0xc CMakeFiles/dma_capture.dir/Users/mike/Documents/Programming/Pico/pico-sdk/src/common/pico_util/pheap.c.obj
 .rodata.__func__.5712
                0x0000000010008288       0x12 CMakeFiles/dma_capture.dir/Users/mike/Documents/Programming/Pico/pico-sdk/src/common/pico_util/pheap.c.obj
 *fill*         0x000000001000829a        0x2 
 .rodata.__func__.5785
                0x000000001000829c       0x13 CMakeFiles/dma_capture.dir/Users/mike/Documents/Programming/Pico/pico-sdk/src/common/pico_util/pheap.c.obj
 *fill*         0x00000000100082af        0x1 
 .rodata.__func__.5803
                0x00000000100082b0        0xa CMakeFiles/dma_capture.dir/Users/mike/Documents/Programming/Pico/pico-sdk/src/common/pico_util/pheap.c.obj
 *fill*         0x00000000100082ba        0x2 
 .rodata.__assert_func.str1.4
                0x00000000100082bc       0x3f CMakeFiles/dma_capture.dir/Users/mike/Documents/Programming/Pico/pico-sdk/src/rp2_common/pico_runtime/runtime.c.obj
                                         0x43 (size before relaxing)
 *fill*         0x00000000100082fb        0x1 
 .rodata.panic.str1.4
                0x00000000100082fc       0x10 CMakeFiles/dma_capture.dir/Users/mike/Documents/Programming/Pico/pico-sdk/src/rp2_common/pico_runtime/runtime.c.obj
                                         0x12 (size before relaxing)
 .rodata.clock_configure.str1.4
                0x000000001000830c       0x6c CMakeFiles/dma_capture.dir/Users/mike/Documents/Programming/Pico/pico-sdk/src/rp2_common/hardware_clocks/clocks.c.obj
 .rodata.__func__.4640
                0x0000000010008378       0x10 CMakeFiles/dma_capture.dir/Users/mike/Documents/Programming/Pico/pico-sdk/src/rp2_common/hardware_clocks/clocks.c.obj
 .rodata.pll_init.str1.4
                0x0000000010008388       0xef CMakeFiles/dma_capture.dir/Users/mike/Documents/Programming/Pico/pico-sdk/src/rp2_common/hardware_pll/pll.c.obj
 *fill*         0x0000000010008477        0x1 
 .rodata.__func__.4374
                0x0000000010008478        0x9 CMakeFiles/dma_capture.dir/Users/mike/Documents/Programming/Pico/pico-sdk/src/rp2_common/hardware_pll/pll.c.obj
 *fill*         0x0000000010008481        0x3 
 .rodata.make_branch.str1.4
                0x0000000010008484       0x62 CMakeFiles/dma_capture.dir/Users/mike/Documents/Programming/Pico/pico-sdk/src/rp2_common/hardware_irq/irq.c.obj
 *fill*         0x00000000100084e6        0x2 
 .rodata.irq_set_exclusive_handler.str1.4
                0x00000000100084e8       0x36 CMakeFiles/dma_capture.dir/Users/mike/Documents/Programming/Pico/pico-sdk/src/rp2_common/hardware_irq/irq.c.obj
 *fill*         0x000000001000851e        0x2 
 .rodata.irq_add_shared_handler.str1.4
                0x0000000010008520       0xd9 CMakeFiles/dma_capture.dir/Users/mike/Documents/Programming/Pico/pico-sdk/src/rp2_common/hardware_irq/irq.c.obj
 *fill*         0x00000000100085f9        0x3 
 .rodata.irq_remove_handler.str1.4
                0x00000000100085fc       0x2a CMakeFiles/dma_capture.dir/Users/mike/Documents/Programming/Pico/pico-sdk/src/rp2_common/hardware_irq/irq.c.obj
 *fill*         0x0000000010008626        0x2 
 .rodata.irq_add_tail_to_free_list.str1.4
                0x0000000010008628       0x32 CMakeFiles/dma_capture.dir/Users/mike/Documents/Programming/Pico/pico-sdk/src/rp2_common/hardware_irq/irq.c.obj
                                         0x3a (size before relaxing)
 *fill*         0x000000001000865a        0x2 
 .rodata.__func__.4465
                0x000000001000865c       0x1a CMakeFiles/dma_capture.dir/Users/mike/Documents/Programming/Pico/pico-sdk/src/rp2_common/hardware_irq/irq.c.obj
 *fill*         0x0000000010008676        0x2 
 .rodata.__func__.4479
                0x0000000010008678        0xc CMakeFiles/dma_capture.dir/Users/mike/Documents/Programming/Pico/pico-sdk/src/rp2_common/hardware_irq/irq.c.obj
 .rodata.__func__.4487
                0x0000000010008684       0x17 CMakeFiles/dma_capture.dir/Users/mike/Documents/Programming/Pico/pico-sdk/src/rp2_common/hardware_irq/irq.c.obj
 *fill*         0x000000001000869b        0x1 
 .rodata.__func__.4491
                0x000000001000869c        0xf CMakeFiles/dma_capture.dir/Users/mike/Documents/Programming/Pico/pico-sdk/src/rp2_common/hardware_irq/irq.c.obj
 *fill*         0x00000000100086ab        0x1 
 .rodata.__func__.4527
                0x00000000100086ac       0x13 CMakeFiles/dma_capture.dir/Users/mike/Documents/Programming/Pico/pico-sdk/src/rp2_common/hardware_irq/irq.c.obj
 *fill*         0x00000000100086bf        0x1 
 .rodata.__func__.4546
                0x00000000100086c0       0x1a CMakeFiles/dma_capture.dir/Users/mike/Documents/Programming/Pico/pico-sdk/src/rp2_common/hardware_irq/irq.c.obj
 *fill*         0x00000000100086da        0x2 
 .rodata._ftoa.str1.4
                0x00000000100086dc       0x15 CMakeFiles/dma_capture.dir/Users/mike/Documents/Programming/Pico/pico-sdk/src/rp2_common/pico_printf/printf.c.obj
 *fill*         0x00000000100086f1        0x3 
 .rodata._vsnprintf
                0x00000000100086f4      0x1e0 CMakeFiles/dma_capture.dir/Users/mike/Documents/Programming/Pico/pico-sdk/src/rp2_common/pico_printf/printf.c.obj
 *fill*         0x00000000100088d4        0x4 
 .rodata.pow10.5419
                0x00000000100088d8       0x50 CMakeFiles/dma_capture.dir/Users/mike/Documents/Programming/Pico/pico-sdk/src/rp2_common/pico_printf/printf.c.obj
 .rodata.__aeabi_double_init.str1.4
                0x0000000010008928       0xbd CMakeFiles/dma_capture.dir/Users/mike/Documents/Programming/Pico/pico-sdk/src/rp2_common/pico_double/double_init_rom.c.obj
 *fill*         0x00000000100089e5        0x3 
 .rodata.__func__.4676
                0x00000000100089e8       0x14 CMakeFiles/dma_capture.dir/Users/mike/Documents/Programming/Pico/pico-sdk/src/rp2_common/pico_double/double_init_rom.c.obj
 .rodata.__aeabi_float_init.str1.4
                0x00000000100089fc       0x8f CMakeFiles/dma_capture.dir/Users/mike/Documents/Programming/Pico/pico-sdk/src/rp2_common/pico_float/float_init_rom.c.obj
                                         0x93 (size before relaxing)
 *fill*         0x0000000010008a8b        0x1 
 .rodata.__func__.4678
                0x0000000010008a8c       0x13 CMakeFiles/dma_capture.dir/Users/mike/Documents/Programming/Pico/pico-sdk/src/rp2_common/pico_float/float_init_rom.c.obj
 *fill*         0x0000000010008a9f        0x1 
 .rodata.str1.4
                0x0000000010008aa0       0x30 CMakeFiles/dma_capture.dir/Users/mike/Documents/Programming/Pico/pico-sdk/src/rp2_common/pico_standard_link/binary_info.c.obj
 .rodata.__bi_40
                0x0000000010008ad0        0xc CMakeFiles/dma_capture.dir/Users/mike/Documents/Programming/Pico/pico-sdk/src/rp2_common/pico_standard_link/binary_info.c.obj
 .rodata.__bi_71
                0x0000000010008adc        0xc CMakeFiles/dma_capture.dir/Users/mike/Documents/Programming/Pico/pico-sdk/src/rp2_common/pico_standard_link/binary_info.c.obj
 .rodata.crlf_str.5821
                0x0000000010008ae8        0x2 CMakeFiles/dma_capture.dir/Users/mike/Documents/Programming/Pico/pico-sdk/src/rp2_common/pico_stdio/stdio.c.obj
 *fill*         0x0000000010008aea        0x2 
 .rodata.str1.4
                0x0000000010008aec       0x13 CMakeFiles/dma_capture.dir/Users/mike/Documents/Programming/Pico/pico-sdk/src/rp2_common/pico_stdio_usb/stdio_usb.c.obj
 *fill*         0x0000000010008aff        0x1 
 .rodata.__bi_93.7020
                0x0000000010008b00        0xc CMakeFiles/dma_capture.dir/Users/mike/Documents/Programming/Pico/pico-sdk/src/rp2_common/pico_stdio_usb/stdio_usb.c.obj
 .rodata.str1.4
                0x0000000010008b0c       0x32 CMakeFiles/dma_capture.dir/Users/mike/Documents/Programming/Pico/pico-sdk/src/rp2_common/pico_stdio_usb/stdio_usb_descriptors.c.obj
 *fill*         0x0000000010008b3e        0x2 
 .rodata.usbd_desc_cfg
                0x0000000010008b40       0x4b CMakeFiles/dma_capture.dir/Users/mike/Documents/Programming/Pico/pico-sdk/src/rp2_common/pico_stdio_usb/stdio_usb_descriptors.c.obj
 *fill*         0x0000000010008b8b        0x1 
 .rodata.usbd_desc_device
                0x0000000010008b8c       0x12 CMakeFiles/dma_capture.dir/Users/mike/Documents/Programming/Pico/pico-sdk/src/rp2_common/pico_stdio_usb/stdio_usb_descriptors.c.obj
 *fill*         0x0000000010008b9e        0x2 
 .rodata.usbd_desc_str
                0x0000000010008ba0       0x14 CMakeFiles/dma_capture.dir/Users/mike/Documents/Programming/Pico/pico-sdk/src/rp2_common/pico_stdio_usb/stdio_usb_descriptors.c.obj
 .rodata._hw_endpoint_alloc.str1.4
                0x0000000010008bb4       0xcd CMakeFiles/dma_capture.dir/Users/mike/Documents/Programming/Pico/pico-sdk/lib/tinyusb/src/portable/raspberrypi/rp2040/dcd_rp2040.c.obj
 *fill*         0x0000000010008c81        0x3 
 .rodata._hw_endpoint_init.str1.4
                0x0000000010008c84       0x28 CMakeFiles/dma_capture.dir/Users/mike/Documents/Programming/Pico/pico-sdk/lib/tinyusb/src/portable/raspberrypi/rp2040/dcd_rp2040.c.obj
 .rodata.hw_handle_buff_status.str1.4
                0x0000000010008cac        0xb CMakeFiles/dma_capture.dir/Users/mike/Documents/Programming/Pico/pico-sdk/lib/tinyusb/src/portable/raspberrypi/rp2040/dcd_rp2040.c.obj
 *fill*         0x0000000010008cb7        0x1 
 .rodata.dcd_rp2040_irq.str1.4
                0x0000000010008cb8       0x14 CMakeFiles/dma_capture.dir/Users/mike/Documents/Programming/Pico/pico-sdk/lib/tinyusb/src/portable/raspberrypi/rp2040/dcd_rp2040.c.obj
 .rodata._hw_endpoint_stall.str1.4
                0x0000000010008ccc        0xd CMakeFiles/dma_capture.dir/Users/mike/Documents/Programming/Pico/pico-sdk/lib/tinyusb/src/portable/raspberrypi/rp2040/dcd_rp2040.c.obj
 *fill*         0x0000000010008cd9        0x3 
 .rodata.dcd_int_enable.str1.4
                0x0000000010008cdc        0xc CMakeFiles/dma_capture.dir/Users/mike/Documents/Programming/Pico/pico-sdk/lib/tinyusb/src/portable/raspberrypi/rp2040/dcd_rp2040.c.obj
 .rodata.__func__.6742
                0x0000000010008ce8       0x13 CMakeFiles/dma_capture.dir/Users/mike/Documents/Programming/Pico/pico-sdk/lib/tinyusb/src/portable/raspberrypi/rp2040/dcd_rp2040.c.obj
 *fill*         0x0000000010008cfb        0x1 
 .rodata.__func__.6773
                0x0000000010008cfc       0x16 CMakeFiles/dma_capture.dir/Users/mike/Documents/Programming/Pico/pico-sdk/lib/tinyusb/src/portable/raspberrypi/rp2040/dcd_rp2040.c.obj
 *fill*         0x0000000010008d12        0x2 