Archive member included to satisfy reference by file (symbol)

/usr/local/Cellar/arm-none-eabi-gcc/9-2019-q4-major/gcc/bin/../lib/gcc/arm-none-eabi/9.2.1/thumb/v6-m/nofp/libgcc.a(_dvmd_tls.o)
                              CMakeFiles/dma_capture.dir/Users/mike/Documents/Programming/Pico/pico-sdk/src/rp2_common/pico_divider/divider.S.obj (__aeabi_idiv0)
/usr/local/Cellar/arm-none-eabi-gcc/9-2019-q4-major/gcc/bin/../lib/gcc/arm-none-eabi/9.2.1/../../../../arm-none-eabi/lib/thumb/v6-m/nofp/libg.a(lib_a-calloc.o)
                              CMakeFiles/dma_capture.dir/Users/mike/Documents/Programming/Pico/pico-sdk/src/rp2_common/pico_malloc/pico_malloc.c.obj (calloc)
/usr/local/Cellar/arm-none-eabi-gcc/9-2019-q4-major/gcc/bin/../lib/gcc/arm-none-eabi/9.2.1/../../../../arm-none-eabi/lib/thumb/v6-m/nofp/libg.a(lib_a-callocr.o)
                              /usr/local/Cellar/arm-none-eabi-gcc/9-2019-q4-major/gcc/bin/../lib/gcc/arm-none-eabi/9.2.1/../../../../arm-none-eabi/lib/thumb/v6-m/nofp/libg.a(lib_a-calloc.o) (_calloc_r)
/usr/local/Cellar/arm-none-eabi-gcc/9-2019-q4-major/gcc/bin/../lib/gcc/arm-none-eabi/9.2.1/../../../../arm-none-eabi/lib/thumb/v6-m/nofp/libg.a(lib_a-ctype_.o)
                              CMakeFiles/dma_capture.dir/Users/mike/Documents/Programming/Pico/pico-sdk/lib/tinyusb/src/tusb.c.obj (_ctype_)
/usr/local/Cellar/arm-none-eabi-gcc/9-2019-q4-major/gcc/bin/../lib/gcc/arm-none-eabi/9.2.1/../../../../arm-none-eabi/lib/thumb/v6-m/nofp/libg.a(lib_a-impure.o)
                              /usr/local/Cellar/arm-none-eabi-gcc/9-2019-q4-major/gcc/bin/../lib/gcc/arm-none-eabi/9.2.1/../../../../arm-none-eabi/lib/thumb/v6-m/nofp/libg.a(lib_a-calloc.o) (_impure_ptr)
/usr/local/Cellar/arm-none-eabi-gcc/9-2019-q4-major/gcc/bin/../lib/gcc/arm-none-eabi/9.2.1/../../../../arm-none-eabi/lib/thumb/v6-m/nofp/libg.a(lib_a-init.o)
                              /usr/local/Cellar/arm-none-eabi-gcc/9-2019-q4-major/gcc/bin/../lib/gcc/arm-none-eabi/9.2.1/../../../../arm-none-eabi/lib/thumb/v6-m/nofp/crt0.o (__libc_init_array)
/usr/local/Cellar/arm-none-eabi-gcc/9-2019-q4-major/gcc/bin/../lib/gcc/arm-none-eabi/9.2.1/../../../../arm-none-eabi/lib/thumb/v6-m/nofp/libg.a(lib_a-malloc.o)
                              CMakeFiles/dma_capture.dir/Users/mike/Documents/Programming/Pico/pico-sdk/src/rp2_common/pico_malloc/pico_malloc.c.obj (malloc)
/usr/local/Cellar/arm-none-eabi-gcc/9-2019-q4-major/gcc/bin/../lib/gcc/arm-none-eabi/9.2.1/../../../../arm-none-eabi/lib/thumb/v6-m/nofp/libg.a(lib_a-mallocr.o)
                              /usr/local/Cellar/arm-none-eabi-gcc/9-2019-q4-major/gcc/bin/../lib/gcc/arm-none-eabi/9.2.1/../../../../arm-none-eabi/lib/thumb/v6-m/nofp/libg.a(lib_a-callocr.o) (_malloc_r)
/usr/local/Cellar/arm-none-eabi-gcc/9-2019-q4-major/gcc/bin/../lib/gcc/arm-none-eabi/9.2.1/../../../../arm-none-eabi/lib/thumb/v6-m/nofp/libg.a(lib_a-mlock.o)
                              /usr/local/Cellar/arm-none-eabi-gcc/9-2019-q4-major/gcc/bin/../lib/gcc/arm-none-eabi/9.2.1/../../../../arm-none-eabi/lib/thumb/v6-m/nofp/libg.a(lib_a-mallocr.o) (__malloc_lock)
/usr/local/Cellar/arm-none-eabi-gcc/9-2019-q4-major/gcc/bin/../lib/gcc/arm-none-eabi/9.2.1/../../../../arm-none-eabi/lib/thumb/v6-m/nofp/libg.a(lib_a-sbrkr.o)
                              /usr/local/Cellar/arm-none-eabi-gcc/9-2019-q4-major/gcc/bin/../lib/gcc/arm-none-eabi/9.2.1/../../../../arm-none-eabi/lib/thumb/v6-m/nofp/libg.a(lib_a-mallocr.o) (_sbrk_r)
/usr/local/Cellar/arm-none-eabi-gcc/9-2019-q4-major/gcc/bin/../lib/gcc/arm-none-eabi/9.2.1/../../../../arm-none-eabi/lib/thumb/v6-m/nofp/libg.a(lib_a-strlen-stub.o)
                              CMakeFiles/dma_capture.dir/Users/mike/Documents/Programming/Pico/pico-sdk/src/rp2_common/pico_stdio/stdio.c.obj (strlen)
/usr/local/Cellar/arm-none-eabi-gcc/9-2019-q4-major/gcc/bin/../lib/gcc/arm-none-eabi/9.2.1/../../../../arm-none-eabi/lib/thumb/v6-m/nofp/libg.a(lib_a-freer.o)
                              /usr/local/Cellar/arm-none-eabi-gcc/9-2019-q4-major/gcc/bin/../lib/gcc/arm-none-eabi/9.2.1/../../../../arm-none-eabi/lib/thumb/v6-m/nofp/libg.a(lib_a-malloc.o) (_free_r)
/usr/local/Cellar/arm-none-eabi-gcc/9-2019-q4-major/gcc/bin/../lib/gcc/arm-none-eabi/9.2.1/../../../../arm-none-eabi/lib/thumb/v6-m/nofp/libg.a(lib_a-lock.o)
                              /usr/local/Cellar/arm-none-eabi-gcc/9-2019-q4-major/gcc/bin/../lib/gcc/arm-none-eabi/9.2.1/../../../../arm-none-eabi/lib/thumb/v6-m/nofp/libg.a(lib_a-mlock.o) (__retarget_lock_acquire_recursive)
/usr/local/Cellar/arm-none-eabi-gcc/9-2019-q4-major/gcc/bin/../lib/gcc/arm-none-eabi/9.2.1/../../../../arm-none-eabi/lib/thumb/v6-m/nofp/libg.a(lib_a-reent.o)
                              /usr/local/Cellar/arm-none-eabi-gcc/9-2019-q4-major/gcc/bin/../lib/gcc/arm-none-eabi/9.2.1/../../../../arm-none-eabi/lib/thumb/v6-m/nofp/libg.a(lib_a-sbrkr.o) (errno)

Allocating common symbols
Common symbol       size              file

__lock___atexit_recursive_mutex
[...]
Memory Configuration

Name             Origin             Length             Attributes
FLASH            0x0000000010000000 0x0000000000200000 xr
RAM              0x0000000020000000 0x0000000000040000 xrw
SCRATCH_X        0x0000000020040000 0x0000000000001000 xrw
SCRATCH_Y        0x0000000020041000 0x0000000000001000 xrw
*default*        0x0000000000000000 0xffffffffffffffff

Linker script and memory map

LOAD /usr/local/Cellar/arm-none-eabi-gcc/9-2019-q4-major/gcc/bin/../lib/gcc/arm-none-eabi/9.2.1/thumb/v6-m/nofp/crti.o
LOAD /usr/local/Cellar/arm-none-eabi-gcc/9-2019-q4-major/gcc/bin/../lib/gcc/arm-none-eabi/9.2.1/thumb/v6-m/nofp/crtbegin.o
LOAD /usr/local/Cellar/arm-none-eabi-gcc/9-2019-q4-major/gcc/bin/../lib/gcc/arm-none-eabi/9.2.1/../../../../arm-none-eabi/lib/thumb/v6-m/nofp/crt0.o

.flash_begin    0x0000000010000000        0x0
                0x0000000010000000                __flash_binary_start = .

.boot2          0x0000000010000000      0x100
                0x0000000010000000                __boot2_start__ = .
 *(.boot2)
 .boot2         0x0000000010000000      0x100 /var/folders/2h/nrwn0w9s4vqcy0dhv469xg000000gn/T//cchLUU64.o
                0x0000000010000100                __boot2_end__ = .
                0x0000000000000001                ASSERT (((__boot2_end__ - __boot2_start__) == 0x100), ERROR: Pico second stage bootloader must be 256 bytes in size)

.text           0x0000000010000100     0x73b8
                0x0000000010000100                __logical_binary_start = .
 *(.vectors)
 .vectors       0x0000000010000100       0xd4 CMakeFiles/dma_capture.dir/Users/mike/Documents/Programming/Pico/pico-sdk/src/rp2_common/pico_standard_link/crt0.S.obj
                0x0000000010000100                __vectors
                0x00000000100001c0                isr_invalid
                0x00000000100001c2                isr_nmi
                0x00000000100001c4                isr_hardfault
                0x00000000100001c6                isr_svcall
                0x00000000100001c8                isr_pendsv
                0x00000000100001ca                isr_systick
                0x00000000100001cc                isr_irq23
                0x00000000100001cc                isr_irq18
                0x00000000100001cc                isr_irq28
                0x00000000100001cc                isr_irq19
                0x00000000100001cc                isr_irq0
                0x00000000100001cc                isr_irq6
                0x00000000100001cc                isr_irq22
                0x00000000100001cc                isr_irq17
                0x00000000100001cc                isr_irq14
                0x00000000100001cc                isr_irq2
                0x00000000100001cc                isr_irq10
                0x00000000100001cc                isr_irq8
                0x00000000100001cc                isr_irq24
                0x00000000100001cc                isr_irq1
                0x00000000100001cc                isr_irq7
                0x00000000100001cc                isr_irq21
                0x00000000100001cc                isr_irq20
                0x00000000100001cc                isr_irq15
                0x00000000100001cc                isr_irq25
                0x00000000100001cc                isr_irq4
                0x00000000100001cc                isr_irq16
                0x00000000100001cc                isr_irq29
                0x00000000100001cc                isr_irq26
                0x00000000100001cc                isr_irq3
                0x00000000100001cc                isr_irq9
                0x00000000100001cc                __unhandled_user_irq
                0x00000000100001cc                isr_irq13
                0x00000000100001cc                isr_irq27
                0x00000000100001cc                isr_irq31
                0x00000000100001cc                isr_irq5
                0x00000000100001cc                isr_irq11
                0x00000000100001cc                isr_irq30
                0x00000000100001cc                isr_irq12
                0x00000000100001d2                unhandled_user_irq_num_in_r0
 *(.binary_info_header)
 .binary_info_header
                0x00000000100001d4       0x14 CMakeFiles/dma_capture.dir/Users/mike/Documents/Programming/Pico/pico-sdk/src/rp2_common/pico_standard_link/crt0.S.obj
                0x00000000100001e8                __binary_info_header_end = .
 *(.reset)
 .reset         0x00000000100001e8       0xa8 CMakeFiles/dma_capture.dir/Users/mike/Documents/Programming/Pico/pico-sdk/src/rp2_common/pico_standard_link/crt0.S.obj
                0x00000000100001e8                _entry_point
                0x0000000010000266                __get_current_exception
 .reset         0x0000000010000290       0x30 CMakeFiles/dma_capture.dir/Users/mike/Documents/Programming/Pico/pico-sdk/src/rp2_common/pico_standard_link/binary_info.c.obj
 *(.init)
 .init          0x00000000100002c0        0x4 /usr/local/Cellar/arm-none-eabi-gcc/9-2019-q4-major/gcc/bin/../lib/gcc/arm-none-eabi/9.2.1/thumb/v6-m/nofp/crti.o
                0x00000000100002c0                _init
 *(EXCLUDE_FILE(*libm.a: *libc.a:*lib_a-mem*.o *libgcc.a:) .text*)
 .text          0x00000000100002c4       0x48 /usr/local/Cellar/arm-none-eabi-gcc/9-2019-q4-major/gcc/bin/../lib/gcc/arm-none-eabi/9.2.1/thumb/v6-m/nofp/crtbegin.o
 .text.read_adc_timer
                0x000000001000030c       0x28 CMakeFiles/dma_capture.dir/dma_capture.c.obj
                0x000000001000030c                read_adc_timer
 .text.pwm_interrupt_handler
                0x0000000010000334       0x3c CMakeFiles/dma_capture.dir/dma_capture.c.obj
                0x0000000010000334                pwm_interrupt_handler
 .text.core1_main
                0x0000000010000370       0x9c CMakeFiles/dma_capture.dir/dma_capture.c.obj
                0x0000000010000370                core1_main
 .text.main     0x000000001000040c       0xa0 CMakeFiles/dma_capture.dir/dma_capture.c.obj
                0x000000001000040c                main
 .text.set_sys_clock_pll
                0x00000000100004ac       0x7c CMakeFiles/dma_capture.dir/Users/mike/Documents/Programming/Pico/pico-sdk/src/rp2_common/pico_stdlib/stdlib.c.obj
                0x00000000100004ac                set_sys_clock_pll
 .text.check_sys_clock_khz
                0x0000000010000528       0xb0 CMakeFiles/dma_capture.dir/Users/mike/Documents/Programming/Pico/pico-sdk/src/rp2_common/pico_stdlib/stdlib.c.obj
                0x0000000010000528                check_sys_clock_khz
 .text.gpio_set_function
                0x00000000100005d8       0x30 CMakeFiles/dma_capture.dir/Users/mike/Documents/Programming/Pico/pico-sdk/src/rp2_common/hardware_gpio/gpio.c.obj
                0x00000000100005d8                gpio_set_function
 .text.gpio_set_pulls
                0x0000000010000608       0x34 CMakeFiles/dma_capture.dir/Users/mike/Documents/Programming/Pico/pico-sdk/src/rp2_common/hardware_gpio/gpio.c.obj
                0x0000000010000608                gpio_set_pulls
 .text.gpio_set_input_enabled
                0x000000001000063c       0x30 CMakeFiles/dma_capture.dir/Users/mike/Documents/Programming/Pico/pico-sdk/src/rp2_common/hardware_gpio/gpio.c.obj
                0x000000001000063c                gpio_set_input_enabled
 .text.gpio_init
                0x000000001000066c       0x16 CMakeFiles/dma_capture.dir/Users/mike/Documents/Programming/Pico/pico-sdk/src/rp2_common/hardware_gpio/gpio.c.obj
                0x000000001000066c                gpio_init
 *fill*         0x0000000010000682        0x2 
 .text.hw_claim_lock
                0x0000000010000684       0x18 CMakeFiles/dma_capture.dir/Users/mike/Documents/Programming/Pico/pico-sdk/src/rp2_common/hardware_claim/claim.c.obj
                0x0000000010000684                hw_claim_lock
 .text.hw_claim_unlock
                0x000000001000069c       0x14 CMakeFiles/dma_capture.dir/Users/mike/Documents/Programming/Pico/pico-sdk/src/rp2_common/hardware_claim/claim.c.obj
                0x000000001000069c                hw_claim_unlock
 .text.hw_claim_or_assert
                0x00000000100006b0       0x34 CMakeFiles/dma_capture.dir/Users/mike/Documents/Programming/Pico/pico-sdk/src/rp2_common/hardware_claim/claim.c.obj
                0x00000000100006b0                hw_claim_or_assert
 .text.hw_claim_unused_from_range
                0x00000000100006e4       0x56 CMakeFiles/dma_capture.dir/Users/mike/Documents/Programming/Pico/pico-sdk/src/rp2_common/hardware_claim/claim.c.obj
                0x00000000100006e4                hw_claim_unused_from_range
 *fill*         0x000000001000073a        0x2 
 .text.spin_locks_reset
                0x000000001000073c       0x20 CMakeFiles/dma_capture.dir/Users/mike/Documents/Programming/Pico/pico-sdk/src/rp2_common/hardware_sync/sync.c.obj
                0x000000001000073c                spin_locks_reset
 .text.next_striped_spin_lock_num
                0x000000001000075c       0x1c CMakeFiles/dma_capture.dir/Users/mike/Documents/Programming/Pico/pico-sdk/src/rp2_common/hardware_sync/sync.c.obj
                0x000000001000075c                next_striped_spin_lock_num
 .text.spin_lock_claim_unused
                0x0000000010000778       0x20 CMakeFiles/dma_capture.dir/Users/mike/Documents/Programming/Pico/pico-sdk/src/rp2_common/hardware_sync/sync.c.obj
                0x0000000010000778                spin_lock_claim_unused
 .text.running_on_fpga
                0x0000000010000798       0x14 CMakeFiles/dma_capture.dir/Users/mike/Documents/Programming/Pico/pico-sdk/src/rp2_common/pico_platform/platform.c.obj
                0x0000000010000798                running_on_fpga
 .text.repeating_timer_callback
                0x00000000100007ac       0x1e CMakeFiles/dma_capture.dir/Users/mike/Documents/Programming/Pico/pico-sdk/src/common/pico_time/time.c.obj
 .text.sev_callback
                0x00000000100007ca        0x8 CMakeFiles/dma_capture.dir/Users/mike/Documents/Programming/Pico/pico-sdk/src/common/pico_time/time.c.obj
 *fill*         0x00000000100007d2        0x2 
 .text.timer_pool_entry_comparator
                0x00000000100007d4       0x7c CMakeFiles/dma_capture.dir/Users/mike/Documents/Programming/Pico/pico-sdk/src/common/pico_time/time.c.obj
                0x00000000100007d4                timer_pool_entry_comparator
 .text.ph_add_child_node
                0x0000000010000850       0xa4 CMakeFiles/dma_capture.dir/Users/mike/Documents/Programming/Pico/pico-sdk/src/common/pico_time/time.c.obj
 .text.ph_merge_nodes
                0x00000000100008f4       0x3e CMakeFiles/dma_capture.dir/Users/mike/Documents/Programming/Pico/pico-sdk/src/common/pico_time/time.c.obj
 *fill*         0x0000000010000932        0x2 
 .text.add_alarm_under_lock
                0x0000000010000934      0x178 CMakeFiles/dma_capture.dir/Users/mike/Documents/Programming/Pico/pico-sdk/src/common/pico_time/time.c.obj
 .text.alarm_pool_alarm_callback
                0x0000000010000aac      0x2e8 CMakeFiles/dma_capture.dir/Users/mike/Documents/Programming/Pico/pico-sdk/src/common/pico_time/time.c.obj
 .text.alarm_pool_get_default
                0x0000000010000d94       0x28 CMakeFiles/dma_capture.dir/Users/mike/Documents/Programming/Pico/pico-sdk/src/common/pico_time/time.c.obj
                0x0000000010000d94                alarm_pool_get_default
 .text.alarm_pool_create
                0x0000000010000dbc       0x6c CMakeFiles/dma_capture.dir/Users/mike/Documents/Programming/Pico/pico-sdk/src/common/pico_time/time.c.obj
                0x0000000010000dbc                alarm_pool_create
 .text.alarm_pool_init_default
                0x0000000010000e28       0x20 CMakeFiles/dma_capture.dir/Users/mike/Documents/Programming/Pico/pico-sdk/src/common/pico_time/time.c.obj
                0x0000000010000e28                alarm_pool_init_default
 .text.alarm_pool_add_alarm_at
                0x0000000010000e48      0x12c CMakeFiles/dma_capture.dir/Users/mike/Documents/Programming/Pico/pico-sdk/src/common/pico_time/time.c.obj
                0x0000000010000e48                alarm_pool_add_alarm_at
 .text.alarm_pool_cancel_alarm
                0x0000000010000f74       0xec CMakeFiles/dma_capture.dir/Users/mike/Documents/Programming/Pico/pico-sdk/src/common/pico_time/time.c.obj
                0x0000000010000f74                alarm_pool_cancel_alarm
 .text.alarm_pool_add_repeating_timer_us
                0x0000000010001060       0x70 CMakeFiles/dma_capture.dir/Users/mike/Documents/Programming/Pico/pico-sdk/src/common/pico_time/time.c.obj
                0x0000000010001060                alarm_pool_add_repeating_timer_us
 .text.best_effort_wfe_or_timeout
                0x00000000100010d0       0x80 CMakeFiles/dma_capture.dir/Users/mike/Documents/Programming/Pico/pico-sdk/src/common/pico_time/time.c.obj
                0x00000000100010d0                best_effort_wfe_or_timeout
 .text.hardware_alarm_irq_handler
                0x0000000010001150       0x8c CMakeFiles/dma_capture.dir/Users/mike/Documents/Programming/Pico/pico-sdk/src/rp2_common/hardware_timer/timer.c.obj
 .text.hardware_alarm_claim
                0x00000000100011dc       0x18 CMakeFiles/dma_capture.dir/Users/mike/Documents/Programming/Pico/pico-sdk/src/rp2_common/hardware_timer/timer.c.obj
                0x00000000100011dc                hardware_alarm_claim
 .text.time_us_64
                0x00000000100011f4       0x18 CMakeFiles/dma_capture.dir/Users/mike/Documents/Programming/Pico/pico-sdk/src/rp2_common/hardware_timer/timer.c.obj
                0x00000000100011f4                time_us_64
 .text.hardware_alarm_set_callback
                0x000000001000120c       0x90 CMakeFiles/dma_capture.dir/Users/mike/Documents/Programming/Pico/pico-sdk/src/rp2_common/hardware_timer/timer.c.obj
                0x000000001000120c                hardware_alarm_set_callback
 .text.hardware_alarm_set_target
                0x000000001000129c       0xd0 CMakeFiles/dma_capture.dir/Users/mike/Documents/Programming/Pico/pico-sdk/src/rp2_common/hardware_timer/timer.c.obj
                0x000000001000129c                hardware_alarm_set_target
 .text.hardware_alarm_cancel
                0x000000001000136c       0x40 CMakeFiles/dma_capture.dir/Users/mike/Documents/Programming/Pico/pico-sdk/src/rp2_common/hardware_timer/timer.c.obj
                0x000000001000136c                hardware_alarm_cancel
 .text.lock_init
                0x00000000100013ac       0x30 CMakeFiles/dma_capture.dir/Users/mike/Documents/Programming/Pico/pico-sdk/src/common/pico_sync/lock_core.c.obj
                0x00000000100013ac                lock_init
 .text.mutex_init
                0x00000000100013dc       0x1a CMakeFiles/dma_capture.dir/Users/mike/Documents/Programming/Pico/pico-sdk/src/common/pico_sync/mutex.c.obj
                0x00000000100013dc                mutex_init
 .text.critical_section_init_with_lock_num
                0x00000000100013f6        0xc CMakeFiles/dma_capture.dir/Users/mike/Documents/Programming/Pico/pico-sdk/src/common/pico_sync/critical_section.c.obj
                0x00000000100013f6                critical_section_init_with_lock_num
 .text.critical_section_init
                0x0000000010001402       0x14 CMakeFiles/dma_capture.dir/Users/mike/Documents/Programming/Pico/pico-sdk/src/common/pico_sync/critical_section.c.obj
                0x0000000010001402                critical_section_init
 *fill*         0x0000000010001416        0x2 
 .text.ph_add_child_node
                0x0000000010001418       0xa4 CMakeFiles/dma_capture.dir/Users/mike/Documents/Programming/Pico/pico-sdk/src/common/pico_util/pheap.c.obj
 .text.ph_merge_nodes
                0x00000000100014bc       0x3e CMakeFiles/dma_capture.dir/Users/mike/Documents/Programming/Pico/pico-sdk/src/common/pico_util/pheap.c.obj
 *fill*         0x00000000100014fa        0x2 
 .text.ph_clear
                0x00000000100014fc       0x74 CMakeFiles/dma_capture.dir/Users/mike/Documents/Programming/Pico/pico-sdk/src/common/pico_util/pheap.c.obj
                0x00000000100014fc                ph_clear
 .text.ph_create
                0x0000000010001570       0x2c CMakeFiles/dma_capture.dir/Users/mike/Documents/Programming/Pico/pico-sdk/src/common/pico_util/pheap.c.obj
                0x0000000010001570                ph_create
 .text.ph_merge_two_pass
                0x000000001000159c       0xa8 CMakeFiles/dma_capture.dir/Users/mike/Documents/Programming/Pico/pico-sdk/src/common/pico_util/pheap.c.obj
                0x000000001000159c                ph_merge_two_pass
 .text.ph_remove_any_head
                0x0000000010001644      0x108 CMakeFiles/dma_capture.dir/Users/mike/Documents/Programming/Pico/pico-sdk/src/common/pico_util/pheap.c.obj
 .text.ph_remove_head_reserve
                0x000000001000174c       0x14 CMakeFiles/dma_capture.dir/Users/mike/Documents/Programming/Pico/pico-sdk/src/common/pico_util/pheap.c.obj
                0x000000001000174c                ph_remove_head_reserve
 .text.ph_delete
                0x0000000010001760       0xf8 CMakeFiles/dma_capture.dir/Users/mike/Documents/Programming/Pico/pico-sdk/src/common/pico_util/pheap.c.obj
                0x0000000010001760                ph_delete
 .text.runtime_init
                0x0000000010001858       0xcc CMakeFiles/dma_capture.dir/Users/mike/Documents/Programming/Pico/pico-sdk/src/rp2_common/pico_runtime/runtime.c.obj
                0x0000000010001858                runtime_init
 .text._exit    0x0000000010001924        0x4 CMakeFiles/dma_capture.dir/Users/mike/Documents/Programming/Pico/pico-sdk/src/rp2_common/pico_runtime/runtime.c.obj
                0x0000000010001924                _exit
 .text._sbrk    0x0000000010001928       0x38 CMakeFiles/dma_capture.dir/Users/mike/Documents/Programming/Pico/pico-sdk/src/rp2_common/pico_runtime/runtime.c.obj
                0x0000000010001928                _sbrk
 .text.exit     0x0000000010001960        0x6 CMakeFiles/dma_capture.dir/Users/mike/Documents/Programming/Pico/pico-sdk/src/rp2_common/pico_runtime/runtime.c.obj
                0x0000000010001960                exit
 *fill*         0x0000000010001966        0x2 
 .text.__assert_func
                0x0000000010001968       0x3c CMakeFiles/dma_capture.dir/Users/mike/Documents/Programming/Pico/pico-sdk/src/rp2_common/pico_runtime/runtime.c.obj
                0x0000000010001968                __assert_func
 .text.panic    0x00000000100019a4       0x30 CMakeFiles/dma_capture.dir/Users/mike/Documents/Programming/Pico/pico-sdk/src/rp2_common/pico_runtime/runtime.c.obj
                0x00000000100019a4                panic
 .text.clock_configure
                0x00000000100019d4       0xe8 CMakeFiles/dma_capture.dir/Users/mike/Documents/Programming/Pico/pico-sdk/src/rp2_common/hardware_clocks/clocks.c.obj
                0x00000000100019d4                clock_configure
 .text.clocks_init
                0x0000000010001abc      0x124 CMakeFiles/dma_capture.dir/Users/mike/Documents/Programming/Pico/pico-sdk/src/rp2_common/hardware_clocks/clocks.c.obj
                0x0000000010001abc                clocks_init
 .text.clock_get_hz
                0x0000000010001be0        0xc CMakeFiles/dma_capture.dir/Users/mike/Documents/Programming/Pico/pico-sdk/src/rp2_common/hardware_clocks/clocks.c.obj
                0x0000000010001be0                clock_get_hz
 .text.watchdog_start_tick
                0x0000000010001bec       0x10 CMakeFiles/dma_capture.dir/Users/mike/Documents/Programming/Pico/pico-sdk/src/rp2_common/hardware_watchdog/watchdog.c.obj
                0x0000000010001bec                watchdog_start_tick
 .text.xosc_init
                0x0000000010001bfc       0x28 CMakeFiles/dma_capture.dir/Users/mike/Documents/Programming/Pico/pico-sdk/src/rp2_common/hardware_xosc/xosc.c.obj
                0x0000000010001bfc                xosc_init
 .text.pll_init
                0x0000000010001c24       0xd4 CMakeFiles/dma_capture.dir/Users/mike/Documents/Programming/Pico/pico-sdk/src/rp2_common/hardware_pll/pll.c.obj
                0x0000000010001c24                pll_init
 .text.set_raw_irq_handler_and_unlock
                0x0000000010001cf8       0x28 CMakeFiles/dma_capture.dir/Users/mike/Documents/Programming/Pico/pico-sdk/src/rp2_common/hardware_irq/irq.c.obj
 .text.make_branch
                0x0000000010001d20       0x34 CMakeFiles/dma_capture.dir/Users/mike/Documents/Programming/Pico/pico-sdk/src/rp2_common/hardware_irq/irq.c.obj
 .text.insert_branch_and_link
                0x0000000010001d54       0x40 CMakeFiles/dma_capture.dir/Users/mike/Documents/Programming/Pico/pico-sdk/src/rp2_common/hardware_irq/irq.c.obj
 .text.irq_is_enabled
                0x0000000010001d94       0x18 CMakeFiles/dma_capture.dir/Users/mike/Documents/Programming/Pico/pico-sdk/src/rp2_common/hardware_irq/irq.c.obj
                0x0000000010001d94                irq_is_enabled
 .text.irq_set_mask_enabled
                0x0000000010001dac       0x20 CMakeFiles/dma_capture.dir/Users/mike/Documents/Programming/Pico/pico-sdk/src/rp2_common/hardware_irq/irq.c.obj
                0x0000000010001dac                irq_set_mask_enabled
 .text.irq_set_enabled
                0x0000000010001dcc        0xe CMakeFiles/dma_capture.dir/Users/mike/Documents/Programming/Pico/pico-sdk/src/rp2_common/hardware_irq/irq.c.obj
                0x0000000010001dcc                irq_set_enabled
 *fill*         0x0000000010001dda        0x2 
 .text.irq_set_pending
                0x0000000010001ddc       0x10 CMakeFiles/dma_capture.dir/Users/mike/Documents/Programming/Pico/pico-sdk/src/rp2_common/hardware_irq/irq.c.obj
                0x0000000010001ddc                irq_set_pending
 .text.irq_get_vtable_handler
                0x0000000010001dec       0x10 CMakeFiles/dma_capture.dir/Users/mike/Documents/Programming/Pico/pico-sdk/src/rp2_common/hardware_irq/irq.c.obj
                0x0000000010001dec                irq_get_vtable_handler
 .text.irq_set_exclusive_handler
                0x0000000010001dfc       0x54 CMakeFiles/dma_capture.dir/Users/mike/Documents/Programming/Pico/pico-sdk/src/rp2_common/hardware_irq/irq.c.obj
                0x0000000010001dfc                irq_set_exclusive_handler
 .text.irq_remove_handler
                0x0000000010001e50      0x1b4 CMakeFiles/dma_capture.dir/Users/mike/Documents/Programming/Pico/pico-sdk/src/rp2_common/hardware_irq/irq.c.obj
                0x0000000010001e50                irq_remove_handler
 .text.irq_set_priority
                0x0000000010002004       0x28 CMakeFiles/dma_capture.dir/Users/mike/Documents/Programming/Pico/pico-sdk/src/rp2_common/hardware_irq/irq.c.obj
                0x0000000010002004                irq_set_priority
 .text.irq_add_tail_to_free_list
                0x000000001000202c       0xf8 CMakeFiles/dma_capture.dir/Users/mike/Documents/Programming/Pico/pico-sdk/src/rp2_common/hardware_irq/irq.c.obj
                0x000000001000202c                irq_add_tail_to_free_list
 .text.irq_init_priorities
                0x0000000010002124       0x16 CMakeFiles/dma_capture.dir/Users/mike/Documents/Programming/Pico/pico-sdk/src/rp2_common/hardware_irq/irq.c.obj
                0x0000000010002124                irq_init_priorities
 .text._out_null
                0x000000001000213a        0x2 CMakeFiles/dma_capture.dir/Users/mike/Documents/Programming/Pico/pico-sdk/src/rp2_common/pico_printf/printf.c.obj
 .text._out_fct
                0x000000001000213c        0xe CMakeFiles/dma_capture.dir/Users/mike/Documents/Programming/Pico/pico-sdk/src/rp2_common/pico_printf/printf.c.obj
 .text._atoi    0x000000001000214a       0x24 CMakeFiles/dma_capture.dir/Users/mike/Documents/Programming/Pico/pico-sdk/src/rp2_common/pico_printf/printf.c.obj
 .text._out_rev
                0x000000001000216e       0xae CMakeFiles/dma_capture.dir/Users/mike/Documents/Programming/Pico/pico-sdk/src/rp2_common/pico_printf/printf.c.obj
 .text._ntoa_format
                0x000000001000221c      0x110 CMakeFiles/dma_capture.dir/Users/mike/Documents/Programming/Pico/pico-sdk/src/rp2_common/pico_printf/printf.c.obj
 .text._ntoa_long
                0x000000001000232c       0xbc CMakeFiles/dma_capture.dir/Users/mike/Documents/Programming/Pico/pico-sdk/src/rp2_common/pico_printf/printf.c.obj
 .text._ntoa_long_long
                0x00000000100023e8       0xe2 CMakeFiles/dma_capture.dir/Users/mike/Documents/Programming/Pico/pico-sdk/src/rp2_common/pico_printf/printf.c.obj
 *fill*         0x00000000100024ca        0x2 
 .text._etoa    0x00000000100024cc      0x3f4 CMakeFiles/dma_capture.dir/Users/mike/Documents/Programming/Pico/pico-sdk/src/rp2_common/pico_printf/printf.c.obj
 .text._ftoa    0x00000000100028c0      0x354 CMakeFiles/dma_capture.dir/Users/mike/Documents/Programming/Pico/pico-sdk/src/rp2_common/pico_printf/printf.c.obj
 .text._vsnprintf
                0x0000000010002c14      0x628 CMakeFiles/dma_capture.dir/Users/mike/Documents/Programming/Pico/pico-sdk/src/rp2_common/pico_printf/printf.c.obj
 .text.vfctprintf
                0x000000001000323c       0x20 CMakeFiles/dma_capture.dir/Users/mike/Documents/Programming/Pico/pico-sdk/src/rp2_common/pico_printf/printf.c.obj
                0x000000001000323c                vfctprintf
 .text          0x000000001000325c       0x10 CMakeFiles/dma_capture.dir/Users/mike/Documents/Programming/Pico/pico-sdk/src/rp2_common/pico_bit_ops/bit_ops_aeabi.S.obj
 .text.rom_func_lookup
                0x000000001000326c       0x10 CMakeFiles/dma_capture.dir/Users/mike/Documents/Programming/Pico/pico-sdk/src/rp2_common/pico_bootrom/bootrom.c.obj
                0x000000001000326c                rom_func_lookup
 .text.rom_data_lookup
                0x000000001000327c       0x10 CMakeFiles/dma_capture.dir/Users/mike/Documents/Programming/Pico/pico-sdk/src/rp2_common/pico_bootrom/bootrom.c.obj
                0x000000001000327c                rom_data_lookup
 .text.rom_funcs_lookup
                0x000000001000328c       0x36 CMakeFiles/dma_capture.dir/Users/mike/Documents/Programming/Pico/pico-sdk/src/rp2_common/pico_bootrom/bootrom.c.obj
                0x000000001000328c                rom_funcs_lookup
 *fill*         0x00000000100032c2        0x2 
 .text.__wrap___aeabi_idiv
                0x00000000100032c4       0x58 CMakeFiles/dma_capture.dir/Users/mike/Documents/Programming/Pico/pico-sdk/src/rp2_common/pico_divider/divider.S.obj
                0x00000000100032c4                __wrap___aeabi_idivmod
                0x00000000100032c4                divmod_s32s32
                0x00000000100032c4                div_s32s32
                0x00000000100032c4                __wrap___aeabi_idiv
                0x00000000100032cc                divmod_s32s32_unsafe
                0x00000000100032f8                divmod_s32s32_savestate
 .text.__wrap___aeabi_uidiv
                0x000000001000331c       0x54 CMakeFiles/dma_capture.dir/Users/mike/Documents/Programming/Pico/pico-sdk/src/rp2_common/pico_divider/divider.S.obj
                0x000000001000331c                __wrap___aeabi_uidiv
                0x000000001000331c                __wrap___aeabi_uidivmod
                0x000000001000331c                div_u32u32
                0x000000001000331c                divmod_u32u32
                0x0000000010003324                divmod_u32u32_unsafe
                0x000000001000334c                divmod_u32u32_savestate
 .text.__wrap___aeabi_ldiv
                0x0000000010003370      0x430 CMakeFiles/dma_capture.dir/Users/mike/Documents/Programming/Pico/pico-sdk/src/rp2_common/pico_divider/divider.S.obj
                0x0000000010003370                __wrap___aeabi_ldivmod
                0x0000000010003370                div_s64s64
                0x0000000010003370                divmod_s64s64
                0x00000000100033a8                divmod_u64u64
                0x00000000100033a8                div_u64u64
                0x00000000100033a8                __wrap___aeabi_uldivmod
                0x00000000100033b8                divmod_u64u64_savestate
                0x00000000100033e0                divmod_s64s64_unsafe
                0x0000000010003468                divmod_u64u64_unsafe
 .text.__wrap___aeabi_darithmetic
                0x00000000100037a0       0x54 CMakeFiles/dma_capture.dir/Users/mike/Documents/Programming/Pico/pico-sdk/src/rp2_common/pico_double/double_aeabi.S.obj
                0x00000000100037a0                __wrap___aeabi_drsub
                0x00000000100037a6                __wrap___aeabi_dsub
                0x00000000100037b8                __wrap___aeabi_dadd
                0x00000000100037ca                __wrap___aeabi_ddiv
                0x00000000100037dc                __wrap___aeabi_dmul
 .text.__wrap___aeabi_cdcmple
                0x00000000100037f4       0x6c CMakeFiles/dma_capture.dir/Users/mike/Documents/Programming/Pico/pico-sdk/src/rp2_common/pico_double/double_aeabi.S.obj
                0x00000000100037f4                __wrap___aeabi_cdrcmple
                0x0000000010003804                __wrap___aeabi_cdcmple
                0x0000000010003804                __wrap___aeabi_cdcmpeq
 .text.__wrap___aeabi_dcmplt
                0x0000000010003860        0xc CMakeFiles/dma_capture.dir/Users/mike/Documents/Programming/Pico/pico-sdk/src/rp2_common/pico_double/double_aeabi.S.obj
                0x0000000010003860                __wrap___aeabi_dcmplt
 .text.__wrap___aeabi_dcmple
                0x000000001000386c       0x10 CMakeFiles/dma_capture.dir/Users/mike/Documents/Programming/Pico/pico-sdk/src/rp2_common/pico_double/double_aeabi.S.obj
                0x000000001000386c                __wrap___aeabi_dcmple
 .text.__wrap___aeabi_dcmpge
                0x000000001000387c       0x10 CMakeFiles/dma_capture.dir/Users/mike/Documents/Programming/Pico/pico-sdk/src/rp2_common/pico_double/double_aeabi.S.obj
                0x000000001000387c                __wrap___aeabi_dcmpge
 .text.__wrap___aeabi_dcmpgt
                0x000000001000388c        0xa CMakeFiles/dma_capture.dir/Users/mike/Documents/Programming/Pico/pico-sdk/src/rp2_common/pico_double/double_aeabi.S.obj
                0x000000001000388c                __wrap___aeabi_dcmpgt
 .text.__wrap___aeabi_dcmpun
                0x0000000010003896       0x1c CMakeFiles/dma_capture.dir/Users/mike/Documents/Programming/Pico/pico-sdk/src/rp2_common/pico_double/double_aeabi.S.obj
                0x0000000010003896                __wrap___aeabi_dcmpun
 *fill*         0x00000000100038b2        0x2 
 .text.__wrap___aeabi_i2d
                0x00000000100038b4       0x38 CMakeFiles/dma_capture.dir/Users/mike/Documents/Programming/Pico/pico-sdk/src/rp2_common/pico_double/double_aeabi.S.obj
                0x00000000100038b4                __wrap___aeabi_ui2d
                0x00000000100038bc                __wrap___aeabi_i2d
 .text.__wrap___aeabi_d2iz
                0x00000000100038ec       0x48 CMakeFiles/dma_capture.dir/Users/mike/Documents/Programming/Pico/pico-sdk/src/rp2_common/pico_double/double_aeabi.S.obj
                0x00000000100038ec                __wrap___aeabi_d2iz
                0x00000000100038ec                double2int_z
 .text.__wrap___aeabi_d2uiz
                0x0000000010003934       0x18 CMakeFiles/dma_capture.dir/Users/mike/Documents/Programming/Pico/pico-sdk/src/rp2_common/pico_double/double_aeabi.S.obj
                0x0000000010003934                double2uint
                0x0000000010003934                __wrap___aeabi_d2uiz
 .text.__aeabi_double_init
                0x000000001000394c       0xb4 CMakeFiles/dma_capture.dir/Users/mike/Documents/Programming/Pico/pico-sdk/src/rp2_common/pico_double/double_init_rom.c.obj
                0x000000001000394c                __aeabi_double_init
 .text.double_table_shim_on_use_helper
                0x0000000010003a00       0x34 CMakeFiles/dma_capture.dir/Users/mike/Documents/Programming/Pico/pico-sdk/src/rp2_common/pico_double/double_v1_rom_shim.S.obj
                0x0000000010003a00                double_table_shim_on_use_helper
 .text.__wrap___aeabi_dsub
                0x0000000010003a34       0x10 CMakeFiles/dma_capture.dir/Users/mike/Documents/Programming/Pico/pico-sdk/src/rp2_common/pico_double/double_v1_rom_shim.S.obj
                0x0000000010003a34                drsub_shim
                0x0000000010003a3a                dsub_shim
 .text.dadd_shim
                0x0000000010003a44      0x15c CMakeFiles/dma_capture.dir/Users/mike/Documents/Programming/Pico/pico-sdk/src/rp2_common/pico_double/double_v1_rom_shim.S.obj
                0x0000000010003a44                dadd_shim
 .text.dmul_shim
                0x0000000010003ba0      0x15c CMakeFiles/dma_capture.dir/Users/mike/Documents/Programming/Pico/pico-sdk/src/rp2_common/pico_double/double_v1_rom_shim.S.obj
                0x0000000010003ba0                dmul_shim
 .text.ddiv_shim
                0x0000000010003cfc      0x1b0 CMakeFiles/dma_capture.dir/Users/mike/Documents/Programming/Pico/pico-sdk/src/rp2_common/pico_double/double_v1_rom_shim.S.obj
                0x0000000010003cfc                ddiv_shim
 .text.dcordic_rot_step
                0x0000000010003eac       0x7c CMakeFiles/dma_capture.dir/Users/mike/Documents/Programming/Pico/pico-sdk/src/rp2_common/pico_double/double_v1_rom_shim.S.obj
                0x0000000010003eac                dcordic_rot_step
 .text.double2uint_shim
                0x0000000010003f28        0xe CMakeFiles/dma_capture.dir/Users/mike/Documents/Programming/Pico/pico-sdk/src/rp2_common/pico_double/double_v1_rom_shim.S.obj
                0x0000000010003f28                double2uint_shim
                0x0000000010003f2a                double2ufix_shim
 *fill*         0x0000000010003f36        0x2 
 .text.double2uint64_shim
                0x0000000010003f38       0x6c CMakeFiles/dma_capture.dir/Users/mike/Documents/Programming/Pico/pico-sdk/src/rp2_common/pico_double/double_v1_rom_shim.S.obj
                0x0000000010003f38                double2uint64_shim
                0x0000000010003f3a                double2ufix64_shim
                0x0000000010003f54                d2fix_a
 .text.dunpacks
                0x0000000010003fa4       0x3c CMakeFiles/dma_capture.dir/Users/mike/Documents/Programming/Pico/pico-sdk/src/rp2_common/pico_double/double_v1_rom_shim.S.obj
                0x0000000010003fa4                dunpacks
 .text.__aeabi_lmul
                0x0000000010003fe0       0x32 CMakeFiles/dma_capture.dir/Users/mike/Documents/Programming/Pico/pico-sdk/src/rp2_common/pico_int64_ops/pico_int64_ops_aeabi.S.obj
                0x0000000010003fe0                __wrap___aeabi_lmul
 *fill*         0x0000000010004012        0x2 
 .text.__aeabi_float_init
                0x0000000010004014       0xfc CMakeFiles/dma_capture.dir/Users/mike/Documents/Programming/Pico/pico-sdk/src/rp2_common/pico_float/float_init_rom.c.obj
                0x0000000010004014                __aeabi_float_init
 .text.float_table_shim_on_use_helper
                0x0000000010004110       0x34 CMakeFiles/dma_capture.dir/Users/mike/Documents/Programming/Pico/pico-sdk/src/rp2_common/pico_float/float_v1_rom_shim.S.obj
                0x0000000010004110                float_table_shim_on_use_helper
 .text.__wrap_malloc
                0x0000000010004144        0x8 CMakeFiles/dma_capture.dir/Users/mike/Documents/Programming/Pico/pico-sdk/src/rp2_common/pico_malloc/pico_malloc.c.obj
                0x0000000010004144                __wrap_malloc
 .text.__wrap_calloc
                0x000000001000414c        0x8 CMakeFiles/dma_capture.dir/Users/mike/Documents/Programming/Pico/pico-sdk/src/rp2_common/pico_malloc/pico_malloc.c.obj
                0x000000001000414c                __wrap_calloc
 .text          0x0000000010004154       0x10 CMakeFiles/dma_capture.dir/Users/mike/Documents/Programming/Pico/pico-sdk/src/rp2_common/pico_mem_ops/mem_ops_aeabi.S.obj
                0x0000000010004154                __aeabi_mem_init
 .text.memset   0x0000000010004164        0xc CMakeFiles/dma_capture.dir/Users/mike/Documents/Programming/Pico/pico-sdk/src/rp2_common/pico_mem_ops/mem_ops_aeabi.S.obj
                0x0000000010004164                __wrap_memset
 .text.memcpy   0x0000000010004170        0xc CMakeFiles/dma_capture.dir/Users/mike/Documents/Programming/Pico/pico-sdk/src/rp2_common/pico_mem_ops/mem_ops_aeabi.S.obj
                0x0000000010004170                __wrap___aeabi_memcpy
                0x0000000010004170                __wrap_memcpy
 .text.stdio_out_chars_crlf
                0x000000001000417c       0x80 CMakeFiles/dma_capture.dir/Users/mike/Documents/Programming/Pico/pico-sdk/src/rp2_common/pico_stdio/stdio.c.obj
 .text.stdio_stack_buffer_flush
                0x00000000100041fc       0x44 CMakeFiles/dma_capture.dir/Users/mike/Documents/Programming/Pico/pico-sdk/src/rp2_common/pico_stdio/stdio.c.obj
 .text.stdio_buffered_printer
                0x0000000010004240       0x20 CMakeFiles/dma_capture.dir/Users/mike/Documents/Programming/Pico/pico-sdk/src/rp2_common/pico_stdio/stdio.c.obj
 .text.stdout_serialize_begin
                0x0000000010004260       0x2c CMakeFiles/dma_capture.dir/Users/mike/Documents/Programming/Pico/pico-sdk/src/rp2_common/pico_stdio/stdio.c.obj
                0x0000000010004260                stdout_serialize_begin
 .text.stdout_serialize_end
                0x000000001000428c       0x10 CMakeFiles/dma_capture.dir/Users/mike/Documents/Programming/Pico/pico-sdk/src/rp2_common/pico_stdio/stdio.c.obj
                0x000000001000428c                stdout_serialize_end
 .text.stdio_put_string
                0x000000001000429c       0x84 CMakeFiles/dma_capture.dir/Users/mike/Documents/Programming/Pico/pico-sdk/src/rp2_common/pico_stdio/stdio.c.obj
 .text.stdio_set_driver_enabled
                0x0000000010004320       0x38 CMakeFiles/dma_capture.dir/Users/mike/Documents/Programming/Pico/pico-sdk/src/rp2_common/pico_stdio/stdio.c.obj
                0x0000000010004320                stdio_set_driver_enabled
 .text.stdio_flush
                0x0000000010004358       0x20 CMakeFiles/dma_capture.dir/Users/mike/Documents/Programming/Pico/pico-sdk/src/rp2_common/pico_stdio/stdio.c.obj
                0x0000000010004358                stdio_flush
 .text.__wrap_puts
                0x0000000010004378       0x1c CMakeFiles/dma_capture.dir/Users/mike/Documents/Programming/Pico/pico-sdk/src/rp2_common/pico_stdio/stdio.c.obj
                0x0000000010004378                __wrap_puts
 .text.__wrap_vprintf
                0x0000000010004394       0x44 CMakeFiles/dma_capture.dir/Users/mike/Documents/Programming/Pico/pico-sdk/src/rp2_common/pico_stdio/stdio.c.obj
                0x0000000010004394                __wrap_vprintf
 .text.__wrap_printf
                0x00000000100043d8       0x18 CMakeFiles/dma_capture.dir/Users/mike/Documents/Programming/Pico/pico-sdk/src/rp2_common/pico_stdio/stdio.c.obj
                0x00000000100043d8                __wrap_printf
 .text.stdio_init_all
                0x00000000100043f0        0x8 CMakeFiles/dma_capture.dir/Users/mike/Documents/Programming/Pico/pico-sdk/src/rp2_common/pico_stdio/stdio.c.obj
                0x00000000100043f0                stdio_init_all
 .text.stdio_usb_in_chars
                0x00000000100043f8       0x70 CMakeFiles/dma_capture.dir/Users/mike/Documents/Programming/Pico/pico-sdk/src/rp2_common/pico_stdio_usb/stdio_usb.c.obj
                0x00000000100043f8                stdio_usb_in_chars
 .text.low_priority_worker_irq
                0x0000000010004468       0x20 CMakeFiles/dma_capture.dir/Users/mike/Documents/Programming/Pico/pico-sdk/src/rp2_common/pico_stdio_usb/stdio_usb.c.obj
 .text.stdio_usb_out_chars
                0x0000000010004488       0xd4 CMakeFiles/dma_capture.dir/Users/mike/Documents/Programming/Pico/pico-sdk/src/rp2_common/pico_stdio_usb/stdio_usb.c.obj
 .text.timer_task
                0x000000001000455c       0x10 CMakeFiles/dma_capture.dir/Users/mike/Documents/Programming/Pico/pico-sdk/src/rp2_common/pico_stdio_usb/stdio_usb.c.obj
 .text.stdio_usb_init
                0x000000001000456c       0x8c CMakeFiles/dma_capture.dir/Users/mike/Documents/Programming/Pico/pico-sdk/src/rp2_common/pico_stdio_usb/stdio_usb.c.obj
                0x000000001000456c                stdio_usb_init
 .text.tud_descriptor_device_cb
                0x00000000100045f8        0x8 CMakeFiles/dma_capture.dir/Users/mike/Documents/Programming/Pico/pico-sdk/src/rp2_common/pico_stdio_usb/stdio_usb_descriptors.c.obj
                0x00000000100045f8                tud_descriptor_device_cb
 .text.tud_descriptor_configuration_cb
                0x0000000010004600        0x8 CMakeFiles/dma_capture.dir/Users/mike/Documents/Programming/Pico/pico-sdk/src/rp2_common/pico_stdio_usb/stdio_usb_descriptors.c.obj
                0x0000000010004600                tud_descriptor_configuration_cb
 .text.tud_descriptor_string_cb
                0x0000000010004608       0x50 CMakeFiles/dma_capture.dir/Users/mike/Documents/Programming/Pico/pico-sdk/src/rp2_common/pico_stdio_usb/stdio_usb_descriptors.c.obj
                0x0000000010004608                tud_descriptor_string_cb
 .text.hw_endpoint_get_by_addr
                0x0000000010004658       0x1c CMakeFiles/dma_capture.dir/Users/mike/Documents/Programming/Pico/pico-sdk/lib/tinyusb/src/portable/raspberrypi/rp2040/dcd_rp2040.c.obj
 .text.reset_ep0
                0x0000000010004674       0x2c CMakeFiles/dma_capture.dir/Users/mike/Documents/Programming/Pico/pico-sdk/lib/tinyusb/src/portable/raspberrypi/rp2040/dcd_rp2040.c.obj
 .text._hw_endpoint_alloc
                0x00000000100046a0       0x7c CMakeFiles/dma_capture.dir/Users/mike/Documents/Programming/Pico/pico-sdk/lib/tinyusb/src/portable/raspberrypi/rp2040/dcd_rp2040.c.obj
 .text._hw_endpoint_init
                0x000000001000471c       0xbc CMakeFiles/dma_capture.dir/Users/mike/Documents/Programming/Pico/pico-sdk/lib/tinyusb/src/portable/raspberrypi/rp2040/dcd_rp2040.c.obj
 .text.hw_endpoint_init
                0x00000000100047d8       0x18 CMakeFiles/dma_capture.dir/Users/mike/Documents/Programming/Pico/pico-sdk/lib/tinyusb/src/portable/raspberrypi/rp2040/dcd_rp2040.c.obj
 .text.hw_handle_buff_status
                0x00000000100047f0       0xbc CMakeFiles/dma_capture.dir/Users/mike/Documents/Programming/Pico/pico-sdk/lib/tinyusb/src/portable/raspberrypi/rp2040/dcd_rp2040.c.obj
 .text.dcd_rp2040_irq
                0x00000000100048ac       0x8c CMakeFiles/dma_capture.dir/Users/mike/Documents/Programming/Pico/pico-sdk/lib/tinyusb/src/portable/raspberrypi/rp2040/dcd_rp2040.c.obj
 .text.hw_endpoint_xfer
                0x0000000010004938       0x18 CMakeFiles/dma_capture.dir/Users/mike/Documents/Programming/Pico/pico-sdk/lib/tinyusb/src/portable/raspberrypi/rp2040/dcd_rp2040.c.obj
 .text.ep0_0len_status
                0x0000000010004950       0x14 CMakeFiles/dma_capture.dir/Users/mike/Documents/Programming/Pico/pico-sdk/lib/tinyusb/src/portable/raspberrypi/rp2040/dcd_rp2040.c.obj
 .text._hw_endpoint_stall
                0x0000000010004964       0x54 CMakeFiles/dma_capture.dir/Users/mike/Documents/Programming/Pico/pico-sdk/lib/tinyusb/src/portable/raspberrypi/rp2040/dcd_rp2040.c.obj
 .text.hw_endpoint_stall
                0x00000000100049b8        0xc CMakeFiles/dma_capture.dir/Users/mike/Documents/Programming/Pico/pico-sdk/lib/tinyusb/src/portable/raspberrypi/rp2040/dcd_rp2040.c.obj
 .text._hw_endpoint_clear_stall
                0x00000000100049c4       0x34 CMakeFiles/dma_capture.dir/Users/mike/Documents/Programming/Pico/pico-sdk/lib/tinyusb/src/portable/raspberrypi/rp2040/dcd_rp2040.c.obj
 .text.hw_endpoint_clear_stall
                0x00000000100049f8        0xc CMakeFiles/dma_capture.dir/Users/mike/Documents/Programming/Pico/pico-sdk/lib/tinyusb/src/portable/raspberrypi/rp2040/dcd_rp2040.c.obj
 .text.dcd_int_enable
                0x0000000010004a04       0x2c CMakeFiles/dma_capture.dir/Users/mike/Documents/Programming/Pico/pico-sdk/lib/tinyusb/src/portable/raspberrypi/rp2040/dcd_rp2040.c.obj
                0x0000000010004a04                dcd_int_enable
 .text.dcd_set_address
                0x0000000010004a30       0x30 CMakeFiles/dma_capture.dir/Users/mike/Documents/Programming/Pico/pico-sdk/lib/tinyusb/src/portable/raspberrypi/rp2040/dcd_rp2040.c.obj
                0x0000000010004a30                dcd_set_address
 .text.dcd_connect
                0x0000000010004a60       0x30 CMakeFiles/dma_capture.dir/Users/mike/Documents/Programming/Pico/pico-sdk/lib/tinyusb/src/portable/raspberrypi/rp2040/dcd_rp2040.c.obj
                0x0000000010004a60                dcd_connect
 .text.dcd_init
                0x0000000010004a90       0x90 CMakeFiles/dma_capture.dir/Users/mike/Documents/Programming/Pico/pico-sdk/lib/tinyusb/src/portable/raspberrypi/rp2040/dcd_rp2040.c.obj
                0x0000000010004a90                dcd_init
 .text.dcd_edpt0_status_complete
                0x0000000010004b20       0x44 CMakeFiles/dma_capture.dir/Users/mike/Documents/Programming/Pico/pico-sdk/lib/tinyusb/src/portable/raspberrypi/rp2040/dcd_rp2040.c.obj
                0x0000000010004b20                dcd_edpt0_status_complete
 .text.dcd_edpt_open
                0x0000000010004b64       0x40 CMakeFiles/dma_capture.dir/Users/mike/Documents/Programming/Pico/pico-sdk/lib/tinyusb/src/portable/raspberrypi/rp2040/dcd_rp2040.c.obj
                0x0000000010004b64                dcd_edpt_open
 .text.dcd_edpt_xfer
                0x0000000010004ba4       0x34 CMakeFiles/dma_capture.dir/Users/mike/Documents/Programming/Pico/pico-sdk/lib/tinyusb/src/portable/raspberrypi/rp2040/dcd_rp2040.c.obj
                0x0000000010004ba4                dcd_edpt_xfer
 .text.dcd_edpt_stall
                0x0000000010004bd8       0x28 CMakeFiles/dma_capture.dir/Users/mike/Documents/Programming/Pico/pico-sdk/lib/tinyusb/src/portable/raspberrypi/rp2040/dcd_rp2040.c.obj
                0x0000000010004bd8                dcd_edpt_stall
 .text.dcd_edpt_clear_stall
                0x0000000010004c00       0x28 CMakeFiles/dma_capture.dir/Users/mike/Documents/Programming/Pico/pico-sdk/lib/tinyusb/src/portable/raspberrypi/rp2040/dcd_rp2040.c.obj
                0x0000000010004c00                dcd_edpt_clear_stall
 .text.rp2040_usb_init
                0x0000000010004c28       0x50 CMakeFiles/dma_capture.dir/Users/mike/Documents/Programming/Pico/pico-sdk/lib/tinyusb/src/portable/raspberrypi/rp2040/rp2040_usb.c.obj
                0x0000000010004c28                rp2040_usb_init
 .text.hw_endpoint_reset_transfer
                0x0000000010004c78       0x14 CMakeFiles/dma_capture.dir/Users/mike/Documents/Programming/Pico/pico-sdk/lib/tinyusb/src/portable/raspberrypi/rp2040/rp2040_usb.c.obj
                0x0000000010004c78                hw_endpoint_reset_transfer
 .text._hw_endpoint_buffer_control_update32
                0x0000000010004c8c       0x54 CMakeFiles/dma_capture.dir/Users/mike/Documents/Programming/Pico/pico-sdk/lib/tinyusb/src/portable/raspberrypi/rp2040/rp2040_usb.c.obj
                0x0000000010004c8c                _hw_endpoint_buffer_control_update32
 .text._hw_endpoint_start_next_buffer
                0x0000000010004ce0       0x5a CMakeFiles/dma_capture.dir/Users/mike/Documents/Programming/Pico/pico-sdk/lib/tinyusb/src/portable/raspberrypi/rp2040/rp2040_usb.c.obj
                0x0000000010004ce0                _hw_endpoint_start_next_buffer
 .text._hw_endpoint_xfer_start
                0x0000000010004d3a       0x46 CMakeFiles/dma_capture.dir/Users/mike/Documents/Programming/Pico/pico-sdk/lib/tinyusb/src/portable/raspberrypi/rp2040/rp2040_usb.c.obj
                0x0000000010004d3a                _hw_endpoint_xfer_start
 .text._hw_endpoint_xfer_sync
                0x0000000010004d80       0x74 CMakeFiles/dma_capture.dir/Users/mike/Documents/Programming/Pico/pico-sdk/lib/tinyusb/src/portable/raspberrypi/rp2040/rp2040_usb.c.obj
                0x0000000010004d80                _hw_endpoint_xfer_sync
 .text._hw_endpoint_xfer_continue
                0x0000000010004df4       0x58 CMakeFiles/dma_capture.dir/Users/mike/Documents/Programming/Pico/pico-sdk/lib/tinyusb/src/portable/raspberrypi/rp2040/rp2040_usb.c.obj
                0x0000000010004df4                _hw_endpoint_xfer_continue
 .text._hw_endpoint_xfer
                0x0000000010004e4c       0x34 CMakeFiles/dma_capture.dir/Users/mike/Documents/Programming/Pico/pico-sdk/lib/tinyusb/src/portable/raspberrypi/rp2040/rp2040_usb.c.obj
                0x0000000010004e4c                _hw_endpoint_xfer
 .text.mark_interface_endpoint
                0x0000000010004e80       0x2a CMakeFiles/dma_capture.dir/Users/mike/Documents/Programming/Pico/pico-sdk/lib/tinyusb/src/device/usbd.c.obj
 *fill*         0x0000000010004eaa        0x2 
 .text.usbd_reset
                0x0000000010004eac       0x88 CMakeFiles/dma_capture.dir/Users/mike/Documents/Programming/Pico/pico-sdk/lib/tinyusb/src/device/usbd.c.obj
 .text.invoke_class_control
                0x0000000010004f34       0x18 CMakeFiles/dma_capture.dir/Users/mike/Documents/Programming/Pico/pico-sdk/lib/tinyusb/src/device/usbd.c.obj
 .text.process_set_config
                0x0000000010004f4c      0x1cc CMakeFiles/dma_capture.dir/Users/mike/Documents/Programming/Pico/pico-sdk/lib/tinyusb/src/device/usbd.c.obj
 .text.process_get_descriptor
                0x0000000010005118       0xf4 CMakeFiles/dma_capture.dir/Users/mike/Documents/Programming/Pico/pico-sdk/lib/tinyusb/src/device/usbd.c.obj
 .text.tud_mounted
                0x000000001000520c       0x10 CMakeFiles/dma_capture.dir/Users/mike/Documents/Programming/Pico/pico-sdk/lib/tinyusb/src/device/usbd.c.obj
                0x000000001000520c                tud_mounted
 .text.tud_suspended
                0x000000001000521c       0x10 CMakeFiles/dma_capture.dir/Users/mike/Documents/Programming/Pico/pico-sdk/lib/tinyusb/src/device/usbd.c.obj
                0x000000001000521c                tud_suspended
 .text.tud_init
                0x000000001000522c       0xb8 CMakeFiles/dma_capture.dir/Users/mike/Documents/Programming/Pico/pico-sdk/lib/tinyusb/src/device/usbd.c.obj
                0x000000001000522c                tud_init
 .text.dcd_event_handler
                0x00000000100052e4      0x1c4 CMakeFiles/dma_capture.dir/Users/mike/Documents/Programming/Pico/pico-sdk/lib/tinyusb/src/device/usbd.c.obj
                0x00000000100052e4                dcd_event_handler
 .text.dcd_event_bus_signal
                0x00000000100054a8       0x26 CMakeFiles/dma_capture.dir/Users/mike/Documents/Programming/Pico/pico-sdk/lib/tinyusb/src/device/usbd.c.obj
                0x00000000100054a8                dcd_event_bus_signal
 .text.dcd_event_setup_received
                0x00000000100054ce       0x34 CMakeFiles/dma_capture.dir/Users/mike/Documents/Programming/Pico/pico-sdk/lib/tinyusb/src/device/usbd.c.obj
                0x00000000100054ce                dcd_event_setup_received
 .text.dcd_event_xfer_complete
                0x0000000010005502       0x44 CMakeFiles/dma_capture.dir/Users/mike/Documents/Programming/Pico/pico-sdk/lib/tinyusb/src/device/usbd.c.obj
                0x0000000010005502                dcd_event_xfer_complete
 .text.usbd_edpt_open
                0x0000000010005546        0x8 CMakeFiles/dma_capture.dir/Users/mike/Documents/Programming/Pico/pico-sdk/lib/tinyusb/src/device/usbd.c.obj
                0x0000000010005546                usbd_edpt_open
 *fill*         0x000000001000554e        0x2 
 .text.usbd_open_edpt_pair
                0x0000000010005550       0x8c CMakeFiles/dma_capture.dir/Users/mike/Documents/Programming/Pico/pico-sdk/lib/tinyusb/src/device/usbd.c.obj
                0x0000000010005550                usbd_open_edpt_pair
 .text.usbd_edpt_claim
                0x00000000100055dc       0x8c CMakeFiles/dma_capture.dir/Users/mike/Documents/Programming/Pico/pico-sdk/lib/tinyusb/src/device/usbd.c.obj
                0x00000000100055dc                usbd_edpt_claim
 .text.usbd_edpt_release
                0x0000000010005668       0x68 CMakeFiles/dma_capture.dir/Users/mike/Documents/Programming/Pico/pico-sdk/lib/tinyusb/src/device/usbd.c.obj
                0x0000000010005668                usbd_edpt_release
 .text.usbd_edpt_xfer
                0x00000000100056d0       0x80 CMakeFiles/dma_capture.dir/Users/mike/Documents/Programming/Pico/pico-sdk/lib/tinyusb/src/device/usbd.c.obj
                0x00000000100056d0                usbd_edpt_xfer
 .text.usbd_edpt_stall
                0x0000000010005750       0x2c CMakeFiles/dma_capture.dir/Users/mike/Documents/Programming/Pico/pico-sdk/lib/tinyusb/src/device/usbd.c.obj
                0x0000000010005750                usbd_edpt_stall
 .text.usbd_edpt_clear_stall
                0x000000001000577c       0x2c CMakeFiles/dma_capture.dir/Users/mike/Documents/Programming/Pico/pico-sdk/lib/tinyusb/src/device/usbd.c.obj
                0x000000001000577c                usbd_edpt_clear_stall
 .text.usbd_edpt_stalled
                0x00000000100057a8       0x1c CMakeFiles/dma_capture.dir/Users/mike/Documents/Programming/Pico/pico-sdk/lib/tinyusb/src/device/usbd.c.obj
                0x00000000100057a8                usbd_edpt_stalled
 .text.process_control_request
                0x00000000100057c4      0x37c CMakeFiles/dma_capture.dir/Users/mike/Documents/Programming/Pico/pico-sdk/lib/tinyusb/src/device/usbd.c.obj
 .text.tud_task
                0x0000000010005b40      0x204 CMakeFiles/dma_capture.dir/Users/mike/Documents/Programming/Pico/pico-sdk/lib/tinyusb/src/device/usbd.c.obj
                0x0000000010005b40                tud_task
 .text._data_stage_xact
                0x0000000010005d44       0x58 CMakeFiles/dma_capture.dir/Users/mike/Documents/Programming/Pico/pico-sdk/lib/tinyusb/src/device/usbd_control.c.obj
 .text.tud_control_status
                0x0000000010005d9c       0x38 CMakeFiles/dma_capture.dir/Users/mike/Documents/Programming/Pico/pico-sdk/lib/tinyusb/src/device/usbd_control.c.obj
                0x0000000010005d9c                tud_control_status
 .text.tud_control_xfer
                0x0000000010005dd4       0xa8 CMakeFiles/dma_capture.dir/Users/mike/Documents/Programming/Pico/pico-sdk/lib/tinyusb/src/device/usbd_control.c.obj
                0x0000000010005dd4                tud_control_xfer
 .text.usbd_control_reset
                0x0000000010005e7c       0x14 CMakeFiles/dma_capture.dir/Users/mike/Documents/Programming/Pico/pico-sdk/lib/tinyusb/src/device/usbd_control.c.obj
                0x0000000010005e7c                usbd_control_reset
 .text.usbd_control_set_complete_callback
                0x0000000010005e90        0xc CMakeFiles/dma_capture.dir/Users/mike/Documents/Programming/Pico/pico-sdk/lib/tinyusb/src/device/usbd_control.c.obj
                0x0000000010005e90                usbd_control_set_complete_callback
 .text.usbd_control_set_request
                0x0000000010005e9c       0x1c CMakeFiles/dma_capture.dir/Users/mike/Documents/Programming/Pico/pico-sdk/lib/tinyusb/src/device/usbd_control.c.obj
                0x0000000010005e9c                usbd_control_set_request
 .text.usbd_control_xfer_cb
                0x0000000010005eb8       0xe8 CMakeFiles/dma_capture.dir/Users/mike/Documents/Programming/Pico/pico-sdk/lib/tinyusb/src/device/usbd_control.c.obj
                0x0000000010005eb8                usbd_control_xfer_cb
 .text._prep_out_transaction
                0x0000000010005fa0       0x46 CMakeFiles/dma_capture.dir/Users/mike/Documents/Programming/Pico/pico-sdk/lib/tinyusb/src/class/cdc/cdc_device.c.obj
 *fill*         0x0000000010005fe6        0x2 
 .text.tud_cdc_n_connected
                0x0000000010005fe8       0x48 CMakeFiles/dma_capture.dir/Users/mike/Documents/Programming/Pico/pico-sdk/lib/tinyusb/src/class/cdc/cdc_device.c.obj
                0x0000000010005fe8                tud_cdc_n_connected
 .text.tud_cdc_n_available
                0x0000000010006030       0x20 CMakeFiles/dma_capture.dir/Users/mike/Documents/Programming/Pico/pico-sdk/lib/tinyusb/src/class/cdc/cdc_device.c.obj
                0x0000000010006030                tud_cdc_n_available
 .text.tud_cdc_n_read
                0x0000000010006050       0x30 CMakeFiles/dma_capture.dir/Users/mike/Documents/Programming/Pico/pico-sdk/lib/tinyusb/src/class/cdc/cdc_device.c.obj
                0x0000000010006050                tud_cdc_n_read
 .text.tud_cdc_n_write_flush
                0x0000000010006080       0xc4 CMakeFiles/dma_capture.dir/Users/mike/Documents/Programming/Pico/pico-sdk/lib/tinyusb/src/class/cdc/cdc_device.c.obj
                0x0000000010006080                tud_cdc_n_write_flush
 .text.tud_cdc_n_write
                0x0000000010006144       0x38 CMakeFiles/dma_capture.dir/Users/mike/Documents/Programming/Pico/pico-sdk/lib/tinyusb/src/class/cdc/cdc_device.c.obj
                0x0000000010006144                tud_cdc_n_write
 .text.tud_cdc_n_write_available
                0x000000001000617c       0x20 CMakeFiles/dma_capture.dir/Users/mike/Documents/Programming/Pico/pico-sdk/lib/tinyusb/src/class/cdc/cdc_device.c.obj
                0x000000001000617c                tud_cdc_n_write_available
 .text.cdcd_init
                0x000000001000619c       0xe0 CMakeFiles/dma_capture.dir/Users/mike/Documents/Programming/Pico/pico-sdk/lib/tinyusb/src/class/cdc/cdc_device.c.obj
                0x000000001000619c                cdcd_init
 .text.cdcd_reset
                0x000000001000627c       0x44 CMakeFiles/dma_capture.dir/Users/mike/Documents/Programming/Pico/pico-sdk/lib/tinyusb/src/class/cdc/cdc_device.c.obj
                0x000000001000627c                cdcd_reset
 .text.cdcd_open
                0x00000000100062c0      0x118 CMakeFiles/dma_capture.dir/Users/mike/Documents/Programming/Pico/pico-sdk/lib/tinyusb/src/class/cdc/cdc_device.c.obj
                0x00000000100062c0                cdcd_open
 .text.cdcd_control_complete
                0x00000000100063d8       0x60 CMakeFiles/dma_capture.dir/Users/mike/Documents/Programming/Pico/pico-sdk/lib/tinyusb/src/class/cdc/cdc_device.c.obj
                0x00000000100063d8                cdcd_control_complete
 .text.cdcd_control_request
                0x0000000010006438       0x9c CMakeFiles/dma_capture.dir/Users/mike/Documents/Programming/Pico/pico-sdk/lib/tinyusb/src/class/cdc/cdc_device.c.obj
                0x0000000010006438                cdcd_control_request
 .text.cdcd_xfer_cb
                0x00000000100064d4      0x130 CMakeFiles/dma_capture.dir/Users/mike/Documents/Programming/Pico/pico-sdk/lib/tinyusb/src/class/cdc/cdc_device.c.obj
                0x00000000100064d4                cdcd_xfer_cb
 .text.tusb_init
                0x0000000010006604       0x38 CMakeFiles/dma_capture.dir/Users/mike/Documents/Programming/Pico/pico-sdk/lib/tinyusb/src/tusb.c.obj
                0x0000000010006604                tusb_init
 .text.tusb_inited
                0x000000001000663c        0xc CMakeFiles/dma_capture.dir/Users/mike/Documents/Programming/Pico/pico-sdk/lib/tinyusb/src/tusb.c.obj
                0x000000001000663c                tusb_inited
 .text.advance_pointer
                0x0000000010006648       0x1e CMakeFiles/dma_capture.dir/Users/mike/Documents/Programming/Pico/pico-sdk/lib/tinyusb/src/common/tusb_fifo.c.obj
 .text.backward_pointer
                0x0000000010006666       0x1a CMakeFiles/dma_capture.dir/Users/mike/Documents/Programming/Pico/pico-sdk/lib/tinyusb/src/common/tusb_fifo.c.obj
 .text.get_relative_pointer
                0x0000000010006680       0x16 CMakeFiles/dma_capture.dir/Users/mike/Documents/Programming/Pico/pico-sdk/lib/tinyusb/src/common/tusb_fifo.c.obj
 .text.tu_fifo_lock
                0x0000000010006696       0x12 CMakeFiles/dma_capture.dir/Users/mike/Documents/Programming/Pico/pico-sdk/lib/tinyusb/src/common/tusb_fifo.c.obj
 .text.tu_fifo_unlock
                0x00000000100066a8        0xe CMakeFiles/dma_capture.dir/Users/mike/Documents/Programming/Pico/pico-sdk/lib/tinyusb/src/common/tusb_fifo.c.obj
 .text._tu_fifo_peek_at
                0x00000000100066b6       0x66 CMakeFiles/dma_capture.dir/Users/mike/Documents/Programming/Pico/pico-sdk/lib/tinyusb/src/common/tusb_fifo.c.obj
 .text._ff_pull_n
                0x000000001000671c       0x4a CMakeFiles/dma_capture.dir/Users/mike/Documents/Programming/Pico/pico-sdk/lib/tinyusb/src/common/tusb_fifo.c.obj
 .text._tu_fifo_peek_at_n
                0x0000000010006766       0x72 CMakeFiles/dma_capture.dir/Users/mike/Documents/Programming/Pico/pico-sdk/lib/tinyusb/src/common/tusb_fifo.c.obj
 .text._ff_push_n
                0x00000000100067d8       0x4a CMakeFiles/dma_capture.dir/Users/mike/Documents/Programming/Pico/pico-sdk/lib/tinyusb/src/common/tusb_fifo.c.obj
 .text.tu_fifo_config
                0x0000000010006822       0x48 CMakeFiles/dma_capture.dir/Users/mike/Documents/Programming/Pico/pico-sdk/lib/tinyusb/src/common/tusb_fifo.c.obj
                0x0000000010006822                tu_fifo_config
 .text.tu_fifo_count
                0x000000001000686a       0x1c CMakeFiles/dma_capture.dir/Users/mike/Documents/Programming/Pico/pico-sdk/lib/tinyusb/src/common/tusb_fifo.c.obj
                0x000000001000686a                tu_fifo_count
 .text.tu_fifo_remaining
                0x0000000010006886       0x20 CMakeFiles/dma_capture.dir/Users/mike/Documents/Programming/Pico/pico-sdk/lib/tinyusb/src/common/tusb_fifo.c.obj
                0x0000000010006886                tu_fifo_remaining
 .text.tu_fifo_read
                0x00000000100068a6       0x3a CMakeFiles/dma_capture.dir/Users/mike/Documents/Programming/Pico/pico-sdk/lib/tinyusb/src/common/tusb_fifo.c.obj
                0x00000000100068a6                tu_fifo_read
 .text.tu_fifo_read_n
                0x00000000100068e0       0x3e CMakeFiles/dma_capture.dir/Users/mike/Documents/Programming/Pico/pico-sdk/lib/tinyusb/src/common/tusb_fifo.c.obj
                0x00000000100068e0                tu_fifo_read_n
 .text.tu_fifo_write
                0x000000001000691e       0x5c CMakeFiles/dma_capture.dir/Users/mike/Documents/Programming/Pico/pico-sdk/lib/tinyusb/src/common/tusb_fifo.c.obj
                0x000000001000691e                tu_fifo_write
 .text.tu_fifo_write_n
                0x000000001000697a       0x7c CMakeFiles/dma_capture.dir/Users/mike/Documents/Programming/Pico/pico-sdk/lib/tinyusb/src/common/tusb_fifo.c.obj
                0x000000001000697a                tu_fifo_write_n
 .text.tu_fifo_clear
                0x00000000100069f6       0x18 CMakeFiles/dma_capture.dir/Users/mike/Documents/Programming/Pico/pico-sdk/lib/tinyusb/src/common/tusb_fifo.c.obj
                0x00000000100069f6                tu_fifo_clear
 *fill*         0x0000000010006a0e        0x2 
 .text.adc_init
                0x0000000010006a10       0x34 CMakeFiles/dma_capture.dir/Users/mike/Documents/Programming/Pico/pico-sdk/src/rp2_common/hardware_adc/adc.c.obj
                0x0000000010006a10                adc_init
 .text.core1_trampoline
                0x0000000010006a44        0x2 CMakeFiles/dma_capture.dir/Users/mike/Documents/Programming/Pico/pico-sdk/src/rp2_common/pico_multicore/multicore.c.obj
 .text.core1_wrapper
                0x0000000010006a46        0xc CMakeFiles/dma_capture.dir/Users/mike/Documents/Programming/Pico/pico-sdk/src/rp2_common/pico_multicore/multicore.c.obj
                0x0000000010006a46                core1_wrapper
 .text.multicore_fifo_push_blocking
                0x0000000010006a52       0x14 CMakeFiles/dma_capture.dir/Users/mike/Documents/Programming/Pico/pico-sdk/src/rp2_common/pico_multicore/multicore.c.obj
                0x0000000010006a52                multicore_fifo_push_blocking
 .text.multicore_fifo_pop_blocking
                0x0000000010006a66       0x16 CMakeFiles/dma_capture.dir/Users/mike/Documents/Programming/Pico/pico-sdk/src/rp2_common/pico_multicore/multicore.c.obj
                0x0000000010006a66                multicore_fifo_pop_blocking
 .text.multicore_launch_core1_raw
                0x0000000010006a7c       0x52 CMakeFiles/dma_capture.dir/Users/mike/Documents/Programming/Pico/pico-sdk/src/rp2_common/pico_multicore/multicore.c.obj
                0x0000000010006a7c                multicore_launch_core1_raw
 *fill*         0x0000000010006ace        0x2 
 .text.multicore_launch_core1_with_stack
                0x0000000010006ad0       0x50 CMakeFiles/dma_capture.dir/Users/mike/Documents/Programming/Pico/pico-sdk/src/rp2_common/pico_multicore/multicore.c.obj
                0x0000000010006ad0                multicore_launch_core1_with_stack
 .text.multicore_launch_core1
                0x0000000010006b20       0x24 CMakeFiles/dma_capture.dir/Users/mike/Documents/Programming/Pico/pico-sdk/src/rp2_common/pico_multicore/multicore.c.obj
                0x0000000010006b20                multicore_launch_core1
 .text.calloc   0x0000000010006b44       0x18 /usr/local/Cellar/arm-none-eabi-gcc/9-2019-q4-major/gcc/bin/../lib/gcc/arm-none-eabi/9.2.1/../../../../arm-none-eabi/lib/thumb/v6-m/nofp/libg.a(lib_a-calloc.o)
                0x0000000010006b44                calloc
 .text._calloc_r
                0x0000000010006b5c       0x5c /usr/local/Cellar/arm-none-eabi-gcc/9-2019-q4-major/gcc/bin/../lib/gcc/arm-none-eabi/9.2.1/../../../../arm-none-eabi/lib/thumb/v6-m/nofp/libg.a(lib_a-callocr.o)
                0x0000000010006b5c                _calloc_r
 .text.malloc   0x0000000010006bb8       0x14 /usr/local/Cellar/arm-none-eabi-gcc/9-2019-q4-major/gcc/bin/../lib/gcc/arm-none-eabi/9.2.1/../../../../arm-none-eabi/lib/thumb/v6-m/nofp/libg.a(lib_a-malloc.o)
                0x0000000010006bb8                malloc
 .text._malloc_r
                0x0000000010006bcc      0x580 /usr/local/Cellar/arm-none-eabi-gcc/9-2019-q4-major/gcc/bin/../lib/gcc/arm-none-eabi/9.2.1/../../../../arm-none-eabi/lib/thumb/v6-m/nofp/libg.a(lib_a-mallocr.o)
                0x0000000010006bcc                _malloc_r
 .text.__malloc_lock
                0x000000001000714c       0x10 /usr/local/Cellar/arm-none-eabi-gcc/9-2019-q4-major/gcc/bin/../lib/gcc/arm-none-eabi/9.2.1/../../../../arm-none-eabi/lib/thumb/v6-m/nofp/libg.a(lib_a-mlock.o)
                0x000000001000714c                __malloc_lock
 .text.__malloc_unlock
                0x000000001000715c       0x10 /usr/local/Cellar/arm-none-eabi-gcc/9-2019-q4-major/gcc/bin/../lib/gcc/arm-none-eabi/9.2.1/../../../../arm-none-eabi/lib/thumb/v6-m/nofp/libg.a(lib_a-mlock.o)
                0x000000001000715c                __malloc_unlock
 .text._sbrk_r  0x000000001000716c       0x24 /usr/local/Cellar/arm-none-eabi-gcc/9-2019-q4-major/gcc/bin/../lib/gcc/arm-none-eabi/9.2.1/../../../../arm-none-eabi/lib/thumb/v6-m/nofp/libg.a(lib_a-sbrkr.o)
                0x000000001000716c                _sbrk_r
 .text.strlen   0x0000000010007190       0x5c /usr/local/Cellar/arm-none-eabi-gcc/9-2019-q4-major/gcc/bin/../lib/gcc/arm-none-eabi/9.2.1/../../../../arm-none-eabi/lib/thumb/v6-m/nofp/libg.a(lib_a-strlen-stub.o)
                0x0000000010007190                strlen
 .text._malloc_trim_r
                0x00000000100071ec       0x9c /usr/local/Cellar/arm-none-eabi-gcc/9-2019-q4-major/gcc/bin/../lib/gcc/arm-none-eabi/9.2.1/../../../../arm-none-eabi/lib/thumb/v6-m/nofp/libg.a(lib_a-freer.o)
                0x00000000100071ec                _malloc_trim_r
 .text._free_r  0x0000000010007288      0x1c4 /usr/local/Cellar/arm-none-eabi-gcc/9-2019-q4-major/gcc/bin/../lib/gcc/arm-none-eabi/9.2.1/../../../../arm-none-eabi/lib/thumb/v6-m/nofp/libg.a(lib_a-freer.o)
                0x0000000010007288                _free_r
 .text.__retarget_lock_acquire_recursive
                0x000000001000744c        0x4 /usr/local/Cellar/arm-none-eabi-gcc/9-2019-q4-major/gcc/bin/../lib/gcc/arm-none-eabi/9.2.1/../../../../arm-none-eabi/lib/thumb/v6-m/nofp/libg.a(lib_a-lock.o)
                0x000000001000744c                __retarget_lock_acquire_recursive
 .text.__retarget_lock_release_recursive
                0x0000000010007450        0x4 /usr/local/Cellar/arm-none-eabi-gcc/9-2019-q4-major/gcc/bin/../lib/gcc/arm-none-eabi/9.2.1/../../../../arm-none-eabi/lib/thumb/v6-m/nofp/libg.a(lib_a-lock.o)
                0x0000000010007450                __retarget_lock_release_recursive
 *(.fini)
 .fini          0x0000000010007454        0x4 /usr/local/Cellar/arm-none-eabi-gcc/9-2019-q4-major/gcc/bin/../lib/gcc/arm-none-eabi/9.2.1/thumb/v6-m/nofp/crti.o
                0x0000000010007454                _fini
 .fini.__stub   0x0000000010007458       0x60 linker stubs
 *crtbegin.o(.ctors)
 *crtbegin?.o(.ctors)
 *(EXCLUDE_FILE(*crtend.o *crtend?.o) .ctors)
 *(SORT_BY_NAME(.ctors.*))
 *(.ctors)
 *crtbegin.o(.dtors)
 *crtbegin?.o(.dtors)
 *(EXCLUDE_FILE(*crtend.o *crtend?.o) .dtors)
 *(SORT_BY_NAME(.dtors.*))
 *(.dtors)
 *(.eh_frame*)
 .eh_frame      0x00000000100074b8        0x0 /usr/local/Cellar/arm-none-eabi-gcc/9-2019-q4-major/gcc/bin/../lib/gcc/arm-none-eabi/9.2.1/thumb/v6-m/nofp/crtbegin.o
                0x00000000100074b8                . = ALIGN (0x4)

.glue_7         0x00000000100074b8        0x0
 .glue_7        0x00000000100074b8        0x0 linker stubs

.glue_7t        0x00000000100074b8        0x0
 .glue_7t       0x00000000100074b8        0x0 linker stubs

.vfp11_veneer   0x00000000100074b8        0x0
 .vfp11_veneer  0x00000000100074b8        0x0 linker stubs

.v4_bx          0x00000000100074b8        0x0
 .v4_bx         0x00000000100074b8        0x0 linker stubs

.iplt           0x00000000100074b8        0x0
 .iplt          0x00000000100074b8        0x0 /usr/local/Cellar/arm-none-eabi-gcc/9-2019-q4-major/gcc/bin/../lib/gcc/arm-none-eabi/9.2.1/thumb/v6-m/nofp/crtbegin.o

.rodata         0x00000000100074b8     0x1570
 *(EXCLUDE_FILE(*libm.a: *libc.a:*lib_a-mem*.o *libgcc.a:) .rodata*)
 .rodata.main.str1.4
                0x00000000100074b8       0x32 CMakeFiles/dma_capture.dir/dma_capture.c.obj
 *fill*         0x00000000100074ea        0x2 
 .rodata.spin_lock_claim_unused.str1.4
                0x00000000100074ec       0x1b CMakeFiles/dma_capture.dir/Users/mike/Documents/Programming/Pico/pico-sdk/src/rp2_common/hardware_sync/sync.c.obj
 *fill*         0x0000000010007507        0x1 
 .rodata.alarm_pool_dump_key.str1.4
                0x0000000010007508       0x7f CMakeFiles/dma_capture.dir/Users/mike/Documents/Programming/Pico/pico-sdk/src/common/pico_time/time.c.obj
 *fill*         0x0000000010007587        0x1 
 .rodata.ph_add_child_node.str1.4
                0x0000000010007588       0xaa CMakeFiles/dma_capture.dir/Users/mike/Documents/Programming/Pico/pico-sdk/src/common/pico_time/time.c.obj
 *fill*         0x0000000010007632        0x2 
 .rodata.add_alarm_under_lock.str1.4
                0x0000000010007634       0x27 CMakeFiles/dma_capture.dir/Users/mike/Documents/Programming/Pico/pico-sdk/src/common/pico_time/time.c.obj
 *fill*         0x000000001000765b        0x1 
 .rodata.alarm_pool_alarm_callback.str1.4
                0x000000001000765c       0x7d CMakeFiles/dma_capture.dir/Users/mike/Documents/Programming/Pico/pico-sdk/src/common/pico_time/time.c.obj
 *fill*         0x00000000100076d9        0x3 
 .rodata.alarm_pool_get_default.str1.4
                0x00000000100076dc       0x13 CMakeFiles/dma_capture.dir/Users/mike/Documents/Programming/Pico/pico-sdk/src/common/pico_time/time.c.obj
 *fill*         0x00000000100076ef        0x1 
 .rodata.alarm_pool_cancel_alarm.str1.4
                0x00000000100076f0       0x27 CMakeFiles/dma_capture.dir/Users/mike/Documents/Programming/Pico/pico-sdk/src/common/pico_time/time.c.obj
 *fill*         0x0000000010007717        0x1 
 .rodata.__func__.5924
                0x0000000010007718        0xc CMakeFiles/dma_capture.dir/Users/mike/Documents/Programming/Pico/pico-sdk/src/common/pico_time/time.c.obj
 .rodata.__func__.5931
                0x0000000010007724       0x12 CMakeFiles/dma_capture.dir/Users/mike/Documents/Programming/Pico/pico-sdk/src/common/pico_time/time.c.obj
 *fill*         0x0000000010007736        0x2 
 .rodata.__func__.5946
                0x0000000010007738        0xa CMakeFiles/dma_capture.dir/Users/mike/Documents/Programming/Pico/pico-sdk/src/common/pico_time/time.c.obj
 *fill*         0x0000000010007742        0x2 
 .rodata.__func__.5968
                0x0000000010007744       0x14 CMakeFiles/dma_capture.dir/Users/mike/Documents/Programming/Pico/pico-sdk/src/common/pico_time/time.c.obj
 .rodata.__func__.6238
                0x0000000010007758       0x17 CMakeFiles/dma_capture.dir/Users/mike/Documents/Programming/Pico/pico-sdk/src/common/pico_time/time.c.obj
 *fill*         0x000000001000776f        0x1 
 .rodata.__func__.6243
                0x0000000010007770        0xa CMakeFiles/dma_capture.dir/Users/mike/Documents/Programming/Pico/pico-sdk/src/common/pico_time/time.c.obj
 *fill*         0x000000001000777a        0x2 
 .rodata.__func__.6248
                0x000000001000777c       0x12 CMakeFiles/dma_capture.dir/Users/mike/Documents/Programming/Pico/pico-sdk/src/common/pico_time/time.c.obj
 *fill*         0x000000001000778e        0x2 
 .rodata.__func__.6269
                0x0000000010007790       0x15 CMakeFiles/dma_capture.dir/Users/mike/Documents/Programming/Pico/pico-sdk/src/common/pico_time/time.c.obj
 *fill*         0x00000000100077a5        0x3 
 .rodata.__func__.6286
                0x00000000100077a8       0x1a CMakeFiles/dma_capture.dir/Users/mike/Documents/Programming/Pico/pico-sdk/src/common/pico_time/time.c.obj
 *fill*         0x00000000100077c2        0x2 
 .rodata.__func__.6321
                0x00000000100077c4       0x18 CMakeFiles/dma_capture.dir/Users/mike/Documents/Programming/Pico/pico-sdk/src/common/pico_time/time.c.obj
 .rodata.hardware_alarm_claim.str1.4
                0x00000000100077dc       0x22 CMakeFiles/dma_capture.dir/Users/mike/Documents/Programming/Pico/pico-sdk/src/rp2_common/hardware_timer/timer.c.obj
 *fill*         0x00000000100077fe        0x2 
 .rodata.hardware_alarm_set_target.str1.4
                0x0000000010007800       0x7a CMakeFiles/dma_capture.dir/Users/mike/Documents/Programming/Pico/pico-sdk/src/rp2_common/hardware_timer/timer.c.obj
 *fill*         0x000000001000787a        0x2 
 .rodata.__func__.4504
                0x000000001000787c       0x1a CMakeFiles/dma_capture.dir/Users/mike/Documents/Programming/Pico/pico-sdk/src/rp2_common/hardware_timer/timer.c.obj
 *fill*         0x0000000010007896        0x2 
 .rodata.lock_init.str1.4
                0x0000000010007898       0x7d CMakeFiles/dma_capture.dir/Users/mike/Documents/Programming/Pico/pico-sdk/src/common/pico_sync/lock_core.c.obj
 *fill*         0x0000000010007915        0x3 
 .rodata.__func__.4346
                0x0000000010007918        0xa CMakeFiles/dma_capture.dir/Users/mike/Documents/Programming/Pico/pico-sdk/src/common/pico_sync/lock_core.c.obj
 *fill*         0x0000000010007922        0x2 
 .rodata.str1.4
                0x0000000010007924       0x74 CMakeFiles/dma_capture.dir/Users/mike/Documents/Programming/Pico/pico-sdk/src/common/pico_sync/mutex.c.obj
 .rodata.__func__.4561
                0x0000000010007998       0x15 CMakeFiles/dma_capture.dir/Users/mike/Documents/Programming/Pico/pico-sdk/src/common/pico_sync/mutex.c.obj
 *fill*         0x00000000100079ad        0x3 
 .rodata.__func__.4580
                0x00000000100079b0       0x18 CMakeFiles/dma_capture.dir/Users/mike/Documents/Programming/Pico/pico-sdk/src/common/pico_sync/mutex.c.obj
 .rodata.__func__.4589
                0x00000000100079c8        0xb CMakeFiles/dma_capture.dir/Users/mike/Documents/Programming/Pico/pico-sdk/src/common/pico_sync/mutex.c.obj
 .rodata.ph_add_child_node.str1.4
                0x00000000100079d3       0xaa CMakeFiles/dma_capture.dir/Users/mike/Documents/Programming/Pico/pico-sdk/src/common/pico_util/pheap.c.obj
 *fill*         0x00000000100079d3        0x1 
 .rodata.ph_remove_any_head.str1.4
                0x00000000100079d4       0xa4 CMakeFiles/dma_capture.dir/Users/mike/Documents/Programming/Pico/pico-sdk/src/common/pico_util/pheap.c.obj
 .rodata.ph_delete.str1.4
                0x0000000010007a78       0x26 CMakeFiles/dma_capture.dir/Users/mike/Documents/Programming/Pico/pico-sdk/src/common/pico_util/pheap.c.obj
 *fill*         0x0000000010007a9e        0x2 
 .rodata.__func__.5705
                0x0000000010007aa0        0xc CMakeFiles/dma_capture.dir/Users/mike/Documents/Programming/Pico/pico-sdk/src/common/pico_util/pheap.c.obj
 .rodata.__func__.5712
                0x0000000010007aac       0x12 CMakeFiles/dma_capture.dir/Users/mike/Documents/Programming/Pico/pico-sdk/src/common/pico_util/pheap.c.obj
 *fill*         0x0000000010007abe        0x2 
 .rodata.__func__.5785
                0x0000000010007ac0       0x13 CMakeFiles/dma_capture.dir/Users/mike/Documents/Programming/Pico/pico-sdk/src/common/pico_util/pheap.c.obj
 *fill*         0x0000000010007ad3        0x1 
 .rodata.__func__.5803
                0x0000000010007ad4        0xa CMakeFiles/dma_capture.dir/Users/mike/Documents/Programming/Pico/pico-sdk/src/common/pico_util/pheap.c.obj
 *fill*         0x0000000010007ade        0x2 
 .rodata.__assert_func.str1.4
                0x0000000010007ae0       0x3f CMakeFiles/dma_capture.dir/Users/mike/Documents/Programming/Pico/pico-sdk/src/rp2_common/pico_runtime/runtime.c.obj
                                         0x43 (size before relaxing)
 *fill*         0x0000000010007b1f        0x1 
 .rodata.panic.str1.4
                0x0000000010007b20       0x12 CMakeFiles/dma_capture.dir/Users/mike/Documents/Programming/Pico/pico-sdk/src/rp2_common/pico_runtime/runtime.c.obj
 *fill*         0x0000000010007b32        0x2 
 .rodata.clock_configure.str1.4
                0x0000000010007b34       0x6c CMakeFiles/dma_capture.dir/Users/mike/Documents/Programming/Pico/pico-sdk/src/rp2_common/hardware_clocks/clocks.c.obj
 .rodata.__func__.4640
                0x0000000010007ba0       0x10 CMakeFiles/dma_capture.dir/Users/mike/Documents/Programming/Pico/pico-sdk/src/rp2_common/hardware_clocks/clocks.c.obj
 .rodata.pll_init.str1.4
                0x0000000010007bb0       0xef CMakeFiles/dma_capture.dir/Users/mike/Documents/Programming/Pico/pico-sdk/src/rp2_common/hardware_pll/pll.c.obj
 *fill*         0x0000000010007c9f        0x1 
 .rodata.__func__.4374
                0x0000000010007ca0        0x9 CMakeFiles/dma_capture.dir/Users/mike/Documents/Programming/Pico/pico-sdk/src/rp2_common/hardware_pll/pll.c.obj
 *fill*         0x0000000010007ca9        0x3 
 .rodata.make_branch.str1.4
                0x0000000010007cac       0x62 CMakeFiles/dma_capture.dir/Users/mike/Documents/Programming/Pico/pico-sdk/src/rp2_common/hardware_irq/irq.c.obj
 *fill*         0x0000000010007d0e        0x2 
 .rodata.irq_set_exclusive_handler.str1.4
                0x0000000010007d10       0x36 CMakeFiles/dma_capture.dir/Users/mike/Documents/Programming/Pico/pico-sdk/src/rp2_common/hardware_irq/irq.c.obj
 *fill*         0x0000000010007d46        0x2 
 .rodata.irq_add_shared_handler.str1.4
                0x0000000010007d48       0xd9 CMakeFiles/dma_capture.dir/Users/mike/Documents/Programming/Pico/pico-sdk/src/rp2_common/hardware_irq/irq.c.obj
 *fill*         0x0000000010007e21        0x3 
 .rodata.irq_remove_handler.str1.4
                0x0000000010007e24       0x2a CMakeFiles/dma_capture.dir/Users/mike/Documents/Programming/Pico/pico-sdk/src/rp2_common/hardware_irq/irq.c.obj
 *fill*         0x0000000010007e4e        0x2 
 .rodata.irq_add_tail_to_free_list.str1.4
                0x0000000010007e50       0x32 CMakeFiles/dma_capture.dir/Users/mike/Documents/Programming/Pico/pico-sdk/src/rp2_common/hardware_irq/irq.c.obj
                                         0x3a (size before relaxing)
 *fill*         0x0000000010007e82        0x2 
 .rodata.__func__.4465
                0x0000000010007e84       0x1a CMakeFiles/dma_capture.dir/Users/mike/Documents/Programming/Pico/pico-sdk/src/rp2_common/hardware_irq/irq.c.obj
 *fill*         0x0000000010007e9e        0x2 
 .rodata.__func__.4479
                0x0000000010007ea0        0xc CMakeFiles/dma_capture.dir/Users/mike/Documents/Programming/Pico/pico-sdk/src/rp2_common/hardware_irq/irq.c.obj
 .rodata.__func__.4487
                0x0000000010007eac       0x17 CMakeFiles/dma_capture.dir/Users/mike/Documents/Programming/Pico/pico-sdk/src/rp2_common/hardware_irq/irq.c.obj
 *fill*         0x0000000010007ec3        0x1 
 .rodata.__func__.4491
                0x0000000010007ec4        0xf CMakeFiles/dma_capture.dir/Users/mike/Documents/Programming/Pico/pico-sdk/src/rp2_common/hardware_irq/irq.c.obj
 *fill*         0x0000000010007ed3        0x1 
 .rodata.__func__.4527
                0x0000000010007ed4       0x13 CMakeFiles/dma_capture.dir/Users/mike/Documents/Programming/Pico/pico-sdk/src/rp2_common/hardware_irq/irq.c.obj
 *fill*         0x0000000010007ee7        0x1 
 .rodata.__func__.4546
                0x0000000010007ee8       0x1a CMakeFiles/dma_capture.dir/Users/mike/Documents/Programming/Pico/pico-sdk/src/rp2_common/hardware_irq/irq.c.obj
 *fill*         0x0000000010007f02        0x2 
 .rodata._ftoa.str1.4
                0x0000000010007f04       0x15 CMakeFiles/dma_capture.dir/Users/mike/Documents/Programming/Pico/pico-sdk/src/rp2_common/pico_printf/printf.c.obj
 *fill*         0x0000000010007f19        0x3 
 .rodata._vsnprintf
                0x0000000010007f1c      0x1e0 CMakeFiles/dma_capture.dir/Users/mike/Documents/Programming/Pico/pico-sdk/src/rp2_common/pico_printf/printf.c.obj
 *fill*         0x00000000100080fc        0x4 
 .rodata.pow10.5419
                0x0000000010008100       0x50 CMakeFiles/dma_capture.dir/Users/mike/Documents/Programming/Pico/pico-sdk/src/rp2_common/pico_printf/printf.c.obj
 .rodata.__aeabi_double_init.str1.4
                0x0000000010008150       0xbd CMakeFiles/dma_capture.dir/Users/mike/Documents/Programming/Pico/pico-sdk/src/rp2_common/pico_double/double_init_rom.c.obj
 *fill*         0x000000001000820d        0x3 
 .rodata.__func__.4676
                0x0000000010008210       0x14 CMakeFiles/dma_capture.dir/Users/mike/Documents/Programming/Pico/pico-sdk/src/rp2_common/pico_double/double_init_rom.c.obj
 .rodata.__aeabi_float_init.str1.4
                0x0000000010008224       0x8f CMakeFiles/dma_capture.dir/Users/mike/Documents/Programming/Pico/pico-sdk/src/rp2_common/pico_float/float_init_rom.c.obj
                                         0x93 (size before relaxing)
 *fill*         0x00000000100082b3        0x1 
 .rodata.__func__.4678
                0x00000000100082b4       0x13 CMakeFiles/dma_capture.dir/Users/mike/Documents/Programming/Pico/pico-sdk/src/rp2_common/pico_float/float_init_rom.c.obj
 *fill*         0x00000000100082c7        0x1 
 .rodata.str1.4
                0x00000000100082c8       0x30 CMakeFiles/dma_capture.dir/Users/mike/Documents/Programming/Pico/pico-sdk/src/rp2_common/pico_standard_link/binary_info.c.obj
 .rodata.__bi_40
                0x00000000100082f8        0xc CMakeFiles/dma_capture.dir/Users/mike/Documents/Programming/Pico/pico-sdk/src/rp2_common/pico_standard_link/binary_info.c.obj
 .rodata.__bi_71
                0x0000000010008304        0xc CMakeFiles/dma_capture.dir/Users/mike/Documents/Programming/Pico/pico-sdk/src/rp2_common/pico_standard_link/binary_info.c.obj
 .rodata.crlf_str.5821
                0x0000000010008310        0x2 CMakeFiles/dma_capture.dir/Users/mike/Documents/Programming/Pico/pico-sdk/src/rp2_common/pico_stdio/stdio.c.obj
 *fill*         0x0000000010008312        0x2 
 .rodata.str1.4
                0x0000000010008314       0x13 CMakeFiles/dma_capture.dir/Users/mike/Documents/Programming/Pico/pico-sdk/src/rp2_common/pico_stdio_usb/stdio_usb.c.obj
 *fill*         0x0000000010008327        0x1 
 .rodata.__bi_93.7020
                0x0000000010008328        0xc CMakeFiles/dma_capture.dir/Users/mike/Documents/Programming/Pico/pico-sdk/src/rp2_common/pico_stdio_usb/stdio_usb.c.obj
 .rodata.str1.4
                0x0000000010008334       0x32 CMakeFiles/dma_capture.dir/Users/mike/Documents/Programming/Pico/pico-sdk/src/rp2_common/pico_stdio_usb/stdio_usb_descriptors.c.obj
 *fill*         0x0000000010008366        0x2 
 .rodata.usbd_desc_cfg
                0x0000000010008368       0x4b CMakeFiles/dma_capture.dir/Users/mike/Documents/Programming/Pico/pico-sdk/src/rp2_common/pico_stdio_usb/stdio_usb_descriptors.c.obj
 *fill*         0x00000000100083b3        0x1 
 .rodata.usbd_desc_device
                0x00000000100083b4       0x12 CMakeFiles/dma_capture.dir/Users/mike/Documents/Programming/Pico/pico-sdk/src/rp2_common/pico_stdio_usb/stdio_usb_descriptors.c.obj
 *fill*         0x00000000100083c6        0x2 
 .rodata.usbd_desc_str
                0x00000000100083c8       0x14 CMakeFiles/dma_capture.dir/Users/mike/Documents/Programming/Pico/pico-sdk/src/rp2_common/pico_stdio_usb/stdio_usb_descriptors.c.obj
 .rodata._hw_endpoint_alloc.str1.4
                0x00000000100083dc       0xcd CMakeFiles/dma_capture.dir/Users/mike/Documents/Programming/Pico/pico-sdk/lib/tinyusb/src/portable/raspberrypi/rp2040/dcd_rp2040.c.obj
 *fill*         0x00000000100084a9        0x3 
 .rodata._hw_endpoint_init.str1.4
                0x00000000100084ac       0x28 CMakeFiles/dma_capture.dir/Users/mike/Documents/Programming/Pico/pico-sdk/lib/tinyusb/src/portable/raspberrypi/rp2040/dcd_rp2040.c.obj
 .rodata.hw_handle_buff_status.str1.4
                0x00000000100084d4        0xb CMakeFiles/dma_capture.dir/Users/mike/Documents/Programming/Pico/pico-sdk/lib/tinyusb/src/portable/raspberrypi/rp2040/dcd_rp2040.c.obj
 *fill*         0x00000000100084df        0x1 
 .rodata.dcd_rp2040_irq.str1.4
                0x00000000100084e0       0x14 CMakeFiles/dma_capture.dir/Users/mike/Documents/Programming/Pico/pico-sdk/lib/tinyusb/src/portable/raspberrypi/rp2040/dcd_rp2040.c.obj
 .rodata._hw_endpoint_stall.str1.4
                0x00000000100084f4        0xd CMakeFiles/dma_capture.dir/Users/mike/Documents/Programming/Pico/pico-sdk/lib/tinyusb/src/portable/raspberrypi/rp2040/dcd_rp2040.c.obj
 *fill*         0x0000000010008501        0x3 
 .rodata.dcd_int_enable.str1.4
                0x0000000010008504        0xc CMakeFiles/dma_capture.dir/Users/mike/Documents/Programming/Pico/pico-sdk/lib/tinyusb/src/portable/raspberrypi/rp2040/dcd_rp2040.c.obj
 .rodata.__func__.6742
                0x0000000010008510       0x13 CMakeFiles/dma_capture.dir/Users/mike/Documents/Programming/Pico/pico-sdk/lib/tinyusb/src/portable/raspberrypi/rp2040/dcd_rp2040.c.obj
 *fill*         0x0000000010008523        0x1 
 .rodata.__func__.6773
                0x0000000010008524       0x16 CMakeFiles/dma_capture.dir/Users/mike/Documents/Programming/Pico/pico-sdk/lib/tinyusb/src/portable/raspberrypi/rp2040/dcd_rp2040.c.obj
 *fill*         0x000000001000853a        0x2 
 .rodata.__func__.6794
                0x000000001000853c       0x13 CMakeFiles/dma_capture.dir/Users/mike/Documents/Programming/Pico/pico-sdk/lib/tinyusb/src/portable/raspberrypi/rp2040/dcd_rp2040.c.obj
 *fill*         0x000000001000854f        0x1 
 .rodata.__func__.6815
                0x0000000010008550        0x9 CMakeFiles/dma_capture.dir/Users/mike/Documents/Programming/Pico/pico-sdk/lib/tinyusb/src/portable/raspberrypi/rp2040/dcd_rp2040.c.obj
 *fill*         0x0000000010008559        0x3 
 .rodata.__func__.6819
                0x000000001000855c        0xf CMakeFiles/dma_capture.dir/Users/mike/Documents/Programming/Pico/pico-sdk/lib/tinyusb/src/portable/raspberrypi/rp2040/dcd_rp2040.c.obj
 *fill*         0x000000001000856b        0x1 
 .rodata.__func__.6828
                0x000000001000856c       0x10 CMakeFiles/dma_capture.dir/Users/mike/Documents/Programming/Pico/pico-sdk/lib/tinyusb/src/portable/raspberrypi/rp2040/dcd_rp2040.c.obj
 .rodata.__func__.6840
                0x000000001000857c        0xc CMakeFiles/dma_capture.dir/Users/mike/Documents/Programming/Pico/pico-sdk/lib/tinyusb/src/portable/raspberrypi/rp2040/dcd_rp2040.c.obj
 .rodata.__func__.6845
                0x0000000010008588       0x1a CMakeFiles/dma_capture.dir/Users/mike/Documents/Programming/Pico/pico-sdk/lib/tinyusb/src/portable/raspberrypi/rp2040/dcd_rp2040.c.obj
 *fill*         0x00000000100085a2        0x2 
 .rodata.__func__.6850
                0x00000000100085a4        0xe CMakeFiles/dma_capture.dir/Users/mike/Documents/Programming/Pico/pico-sdk/lib/tinyusb/src/portable/raspberrypi/rp2040/dcd_rp2040.c.obj
 *fill*         0x00000000100085b2        0x2 
 .rodata.__func__.6857
                0x00000000100085b4        0xe CMakeFiles/dma_capture.dir/Users/mike/Documents/Programming/Pico/pico-sdk/lib/tinyusb/src/portable/raspberrypi/rp2040/dcd_rp2040.c.obj
 *fill*         0x00000000100085c2        0x2 
 .rodata.__func__.6862
                0x00000000100085c4        0xf CMakeFiles/dma_capture.dir/Users/mike/Documents/Programming/Pico/pico-sdk/lib/tinyusb/src/portable/raspberrypi/rp2040/dcd_rp2040.c.obj
 *fill*         0x00000000100085d3        0x1 
 .rodata.__func__.6867
                0x00000000100085d4       0x15 CMakeFiles/dma_capture.dir/Users/mike/Documents/Programming/Pico/pico-sdk/lib/tinyusb/src/portable/raspberrypi/rp2040/dcd_rp2040.c.obj
 *fill*         0x00000000100085e9        0x3 
 .rodata._hw_endpoint_buffer_control_update32.str1.4
                0x00000000100085ec       0x1f CMakeFiles/dma_capture.dir/Users/mike/Documents/Programming/Pico/pico-sdk/lib/tinyusb/src/portable/raspberrypi/rp2040/rp2040_usb.c.obj
 *fill*         0x000000001000860b        0x1 
 .rodata._hw_endpoint_xfer_sync.str1.4
                0x000000001000860c       0xa9 CMakeFiles/dma_capture.dir/Users/mike/Documents/Programming/Pico/pico-sdk/lib/tinyusb/src/portable/raspberrypi/rp2040/rp2040_usb.c.obj
 *fill*         0x00000000100086b5        0x3 
 .rodata._hw_endpoint_xfer_continue.str1.4
                0x00000000100086b8       0x50 CMakeFiles/dma_capture.dir/Users/mike/Documents/Programming/Pico/pico-sdk/lib/tinyusb/src/portable/raspberrypi/rp2040/rp2040_usb.c.obj
 .rodata._hw_endpoint_xfer.str1.4
                0x0000000010008708        0xf CMakeFiles/dma_capture.dir/Users/mike/Documents/Programming/Pico/pico-sdk/lib/tinyusb/src/portable/raspberrypi/rp2040/rp2040_usb.c.obj
 *fill*         0x0000000010008717        0x1 
 .rodata.str1.4
                0x0000000010008718        0x7 CMakeFiles/dma_capture.dir/Users/mike/Documents/Programming/Pico/pico-sdk/lib/tinyusb/src/portable/raspberrypi/rp2040/rp2040_usb.c.obj
 *fill*         0x000000001000871f        0x1 
 .rodata.__func__.6621
                0x0000000010008720       0x17 CMakeFiles/dma_capture.dir/Users/mike/Documents/Programming/Pico/pico-sdk/lib/tinyusb/src/portable/raspberrypi/rp2040/rp2040_usb.c.obj
 *fill*         0x0000000010008737        0x1 
 .rodata.__func__.6632
                0x0000000010008738       0x12 CMakeFiles/dma_capture.dir/Users/mike/Documents/Programming/Pico/pico-sdk/lib/tinyusb/src/portable/raspberrypi/rp2040/rp2040_usb.c.obj
 *fill*         0x000000001000874a        0x2 
 .rodata.process_set_config.str1.4
                0x000000001000874c       0x17 CMakeFiles/dma_capture.dir/Users/mike/Documents/Programming/Pico/pico-sdk/lib/tinyusb/src/device/usbd.c.obj
 *fill*         0x0000000010008763        0x1 
 .rodata.process_get_descriptor
                0x0000000010008764       0x40 CMakeFiles/dma_capture.dir/Users/mike/Documents/Programming/Pico/pico-sdk/lib/tinyusb/src/device/usbd.c.obj
 .rodata.dcd_event_handler.str1.4
                0x00000000100087a4       0x61 CMakeFiles/dma_capture.dir/Users/mike/Documents/Programming/Pico/pico-sdk/lib/tinyusb/src/device/usbd.c.obj
 *fill*         0x0000000010008805        0x3 
 .rodata.process_control_request
                0x0000000010008808       0x28 CMakeFiles/dma_capture.dir/Users/mike/Documents/Programming/Pico/pico-sdk/lib/tinyusb/src/device/usbd.c.obj
 .rodata.tud_task
                0x0000000010008830       0x24 CMakeFiles/dma_capture.dir/Users/mike/Documents/Programming/Pico/pico-sdk/lib/tinyusb/src/device/usbd.c.obj
 .rodata.__func__.6365
                0x0000000010008854       0x13 CMakeFiles/dma_capture.dir/Users/mike/Documents/Programming/Pico/pico-sdk/lib/tinyusb/src/device/usbd.c.obj
 *fill*         0x0000000010008867        0x1 
 .rodata.__func__.6372
                0x0000000010008868       0x10 CMakeFiles/dma_capture.dir/Users/mike/Documents/Programming/Pico/pico-sdk/lib/tinyusb/src/device/usbd.c.obj
 .rodata.__func__.7143
                0x0000000010008878        0x9 CMakeFiles/dma_capture.dir/Users/mike/Documents/Programming/Pico/pico-sdk/lib/tinyusb/src/device/usbd.c.obj
 *fill*         0x0000000010008881        0x3 
 .rodata.__func__.7164
                0x0000000010008884       0x18 CMakeFiles/dma_capture.dir/Users/mike/Documents/Programming/Pico/pico-sdk/lib/tinyusb/src/device/usbd.c.obj
 .rodata.__func__.7203
                0x000000001000889c       0x13 CMakeFiles/dma_capture.dir/Users/mike/Documents/Programming/Pico/pico-sdk/lib/tinyusb/src/device/usbd.c.obj
 *fill*         0x00000000100088af        0x1 
 .rodata.__func__.7246
                0x00000000100088b0       0x17 CMakeFiles/dma_capture.dir/Users/mike/Documents/Programming/Pico/pico-sdk/lib/tinyusb/src/device/usbd.c.obj
 *fill*         0x00000000100088c7        0x1 
 .rodata.__func__.7300
                0x00000000100088c8       0x14 CMakeFiles/dma_capture.dir/Users/mike/Documents/Programming/Pico/pico-sdk/lib/tinyusb/src/device/usbd.c.obj
 .rodata.__func__.7336
                0x00000000100088dc        0xf CMakeFiles/dma_capture.dir/Users/mike/Documents/Programming/Pico/pico-sdk/lib/tinyusb/src/device/usbd.c.obj
 *fill*         0x00000000100088eb        0x1 
 .rodata._usbd_driver
                0x00000000100088ec       0x1c CMakeFiles/dma_capture.dir/Users/mike/Documents/Programming/Pico/pico-sdk/lib/tinyusb/src/device/usbd.c.obj
 .rodata.tud_control_xfer.str1.4
                0x0000000010008908       0x17 CMakeFiles/dma_capture.dir/Users/mike/Documents/Programming/Pico/pico-sdk/lib/tinyusb/src/device/usbd_control.c.obj
 .rodata.__func__.7063
                0x0000000010008908       0x11 CMakeFiles/dma_capture.dir/Users/mike/Documents/Programming/Pico/pico-sdk/lib/tinyusb/src/device/usbd_control.c.obj
 *fill*         0x0000000010008919        0x3 
 .rodata.__func__.7081
                0x000000001000891c       0x15 CMakeFiles/dma_capture.dir/Users/mike/Documents/Programming/Pico/pico-sdk/lib/tinyusb/src/device/usbd_control.c.obj
 .rodata.tud_cdc_n_write_flush.str1.4